../Core/Src/main.c:179:5:main	48	static
../Core/Src/main.c:418:6:SystemClock_Config	88	static
../Core/Src/main.c:464:13:MX_TIM2_Init	56	static
../Core/Src/main.c:513:13:MX_TIM3_Init	32	static
../Core/Src/main.c:558:13:MX_USART2_UART_Init	8	static
../Core/Src/main.c:591:13:MX_GPIO_Init	40	static
../Core/Src/main.c:644:6:deviceReset	16	static
../Core/Src/main.c:659:6:structDados	16	static
../Core/Src/main.c:676:5:VerificaErro	16	static
../Core/Src/main.c:714:6:command	16	static
../Core/Src/main.c:791:5:selectCommand	8	static
../Core/Src/main.c:821:6:getID	16	static
../Core/Src/main.c:843:6:DeviceParamenter	8	static
../Core/Src/main.c:858:6:StartDevice	24	static
../Core/Src/main.c:872:6:TransmitData	80	dynamic
../Core/Src/main.c:1096:6:StopDevice	24	static
../Core/Src/main.c:1126:5:Checksum	24	static
../Core/Src/main.c:1163:6:HAL_TIM_IC_CaptureCallback	16	static
../Core/Src/main.c:1182:6:HAL_UART_RxCpltCallback	16	static
../Core/Src/main.c:1192:6:HAL_TIM_PeriodElapsedCallback	16	static
../Core/Src/main.c:1220:6:HAL_GPIO_EXTI_Callback	16	static
../Core/Src/main.c:1235:6:Error_Handler	4	static,ignoring_inline_asm
