../Core/Src/main.c:181:6:delay	16	static
../Core/Src/main.c:187:6:acquisition	40	static
../Core/Src/main.c:264:5:main	48	static
../Core/Src/main.c:476:6:SystemClock_Config	88	static
../Core/Src/main.c:522:13:MX_TIM2_Init	56	static
../Core/Src/main.c:571:13:MX_TIM3_Init	32	static
../Core/Src/main.c:616:13:MX_USART2_UART_Init	8	static
../Core/Src/main.c:649:13:MX_GPIO_Init	40	static
../Core/Src/main.c:702:6:deviceReset	16	static
../Core/Src/main.c:718:6:structDados	16	static
../Core/Src/main.c:736:5:VerificaErro	16	static
../Core/Src/main.c:775:6:command	16	static
../Core/Src/main.c:852:5:selectCommand	8	static
../Core/Src/main.c:886:6:getID	16	static
../Core/Src/main.c:897:6:setID	16	static
../Core/Src/main.c:907:6:DeviceParamenter	8	static
../Core/Src/main.c:922:6:StartDevice	24	static
../Core/Src/main.c:938:6:TransmitData	80	dynamic
../Core/Src/main.c:1174:6:StopDevice	24	static
../Core/Src/main.c:1205:5:Checksum	24	static
../Core/Src/main.c:1242:6:HAL_TIM_IC_CaptureCallback	16	static
../Core/Src/main.c:1264:6:HAL_UART_RxCpltCallback	16	static
../Core/Src/main.c:1274:6:HAL_TIM_PeriodElapsedCallback	16	static
../Core/Src/main.c:1293:6:HAL_GPIO_EXTI_Callback	16	static
../Core/Src/main.c:1308:6:Error_Handler	4	static,ignoring_inline_asm
