../Core/Src/main.c:180:5:main	48	static
../Core/Src/main.c:425:6:SystemClock_Config	88	static
../Core/Src/main.c:471:13:MX_TIM2_Init	56	static
../Core/Src/main.c:520:13:MX_TIM3_Init	32	static
../Core/Src/main.c:565:13:MX_USART2_UART_Init	8	static
../Core/Src/main.c:598:13:MX_GPIO_Init	40	static
../Core/Src/main.c:651:6:deviceReset	16	static
../Core/Src/main.c:667:6:structDados	16	static
../Core/Src/main.c:685:5:VerificaErro	16	static
../Core/Src/main.c:724:6:command	16	static
../Core/Src/main.c:801:5:selectCommand	8	static
../Core/Src/main.c:831:6:getID	16	static
../Core/Src/main.c:853:6:DeviceParamenter	8	static
../Core/Src/main.c:868:6:StartDevice	24	static
../Core/Src/main.c:882:6:TransmitData	80	dynamic
../Core/Src/main.c:1101:6:StopDevice	24	static
../Core/Src/main.c:1131:5:Checksum	24	static
../Core/Src/main.c:1168:6:HAL_TIM_IC_CaptureCallback	16	static
../Core/Src/main.c:1187:6:HAL_UART_RxCpltCallback	16	static
../Core/Src/main.c:1197:6:HAL_TIM_PeriodElapsedCallback	16	static
../Core/Src/main.c:1225:6:HAL_GPIO_EXTI_Callback	16	static
../Core/Src/main.c:1240:6:Error_Handler	4	static,ignoring_inline_asm
