../Core/Src/main.c:179:6:delay	16	static
../Core/Src/main.c:185:6:acquisition	40	static
../Core/Src/main.c:268:5:main	48	static
../Core/Src/main.c:479:6:SystemClock_Config	88	static
../Core/Src/main.c:525:13:MX_TIM2_Init	56	static
../Core/Src/main.c:574:13:MX_TIM3_Init	32	static
../Core/Src/main.c:619:13:MX_USART2_UART_Init	8	static
../Core/Src/main.c:652:13:MX_GPIO_Init	40	static
../Core/Src/main.c:705:6:deviceReset	16	static
../Core/Src/main.c:729:6:structDados	16	static
../Core/Src/main.c:747:5:VerificaErro	16	static
../Core/Src/main.c:786:6:command	16	static
../Core/Src/main.c:863:5:selectCommand	8	static
../Core/Src/main.c:897:6:getID	16	static
../Core/Src/main.c:908:6:setID	16	static
../Core/Src/main.c:918:6:DeviceParamenter	8	static
../Core/Src/main.c:933:6:StartDevice	24	static
../Core/Src/main.c:947:6:TransmitData	80	dynamic
../Core/Src/main.c:1183:6:StopDevice	24	static
../Core/Src/main.c:1214:5:Checksum	24	static
../Core/Src/main.c:1251:6:HAL_TIM_IC_CaptureCallback	16	static
../Core/Src/main.c:1263:6:HAL_UART_RxCpltCallback	16	static
../Core/Src/main.c:1274:6:HAL_GPIO_EXTI_Callback	16	static
../Core/Src/main.c:1289:6:Error_Handler	4	static,ignoring_inline_asm
