../Core/Src/main.c:180:5:main	48	static
../Core/Src/main.c:429:6:SystemClock_Config	88	static
../Core/Src/main.c:475:13:MX_TIM2_Init	56	static
../Core/Src/main.c:524:13:MX_TIM3_Init	32	static
../Core/Src/main.c:569:13:MX_USART2_UART_Init	8	static
../Core/Src/main.c:602:13:MX_GPIO_Init	40	static
../Core/Src/main.c:655:6:deviceReset	16	static
../Core/Src/main.c:671:6:structDados	16	static
../Core/Src/main.c:689:5:VerificaErro	16	static
../Core/Src/main.c:728:6:command	16	static
../Core/Src/main.c:805:5:selectCommand	8	static
../Core/Src/main.c:839:6:getID	16	static
../Core/Src/main.c:850:6:setID	16	static
../Core/Src/main.c:860:6:DeviceParamenter	8	static
../Core/Src/main.c:875:6:StartDevice	24	static
../Core/Src/main.c:889:6:TransmitData	80	dynamic
../Core/Src/main.c:1124:6:StopDevice	24	static
../Core/Src/main.c:1154:5:Checksum	24	static
../Core/Src/main.c:1191:6:HAL_TIM_IC_CaptureCallback	16	static
../Core/Src/main.c:1210:6:HAL_UART_RxCpltCallback	16	static
../Core/Src/main.c:1220:6:HAL_TIM_PeriodElapsedCallback	16	static
../Core/Src/main.c:1248:6:HAL_GPIO_EXTI_Callback	16	static
../Core/Src/main.c:1263:6:Error_Handler	4	static,ignoring_inline_asm
