../Core/Src/main.c:172:6:delay	16	static
../Core/Src/main.c:178:6:acquisition	40	static
../Core/Src/main.c:251:5:main	48	static
../Core/Src/main.c:462:6:SystemClock_Config	88	static
../Core/Src/main.c:508:13:MX_TIM2_Init	56	static
../Core/Src/main.c:557:13:MX_TIM3_Init	32	static
../Core/Src/main.c:602:13:MX_USART2_UART_Init	8	static
../Core/Src/main.c:635:13:MX_GPIO_Init	40	static
../Core/Src/main.c:688:6:deviceReset	16	static
../Core/Src/main.c:712:6:structDados	16	static
../Core/Src/main.c:730:5:VerificaErro	16	static
../Core/Src/main.c:769:6:command	16	static
../Core/Src/main.c:846:5:selectCommand	8	static
../Core/Src/main.c:880:6:getID	16	static
../Core/Src/main.c:891:6:setID	16	static
../Core/Src/main.c:901:6:DeviceParamenter	8	static
../Core/Src/main.c:916:6:StartDevice	24	static
../Core/Src/main.c:932:6:TransmitData	80	dynamic
../Core/Src/main.c:1168:6:StopDevice	24	static
../Core/Src/main.c:1198:5:Checksum	24	static
../Core/Src/main.c:1235:6:HAL_TIM_IC_CaptureCallback	16	static
../Core/Src/main.c:1250:6:HAL_UART_RxCpltCallback	16	static
../Core/Src/main.c:1261:6:HAL_GPIO_EXTI_Callback	16	static
../Core/Src/main.c:1276:6:Error_Handler	4	static,ignoring_inline_asm
