Archive member included to satisfy reference by file (symbol)

c:/st/stm32cubeide_1.10.1/stm32cubeide/plugins/com.st.stm32cube.ide.mcu.externaltools.gnu-tools-for-stm32.10.3-2021.10.win32_1.0.0.202111181127/tools/bin/../lib/gcc/arm-none-eabi/10.3.1/../../../../arm-none-eabi/lib/thumb/v7-m/nofp\libc_nano.a(lib_a-errno.o)
                              ./Core/Src/syscalls.o (__errno)
c:/st/stm32cubeide_1.10.1/stm32cubeide/plugins/com.st.stm32cube.ide.mcu.externaltools.gnu-tools-for-stm32.10.3-2021.10.win32_1.0.0.202111181127/tools/bin/../lib/gcc/arm-none-eabi/10.3.1/../../../../arm-none-eabi/lib/thumb/v7-m/nofp\libc_nano.a(lib_a-exit.o)
                              c:/st/stm32cubeide_1.10.1/stm32cubeide/plugins/com.st.stm32cube.ide.mcu.externaltools.gnu-tools-for-stm32.10.3-2021.10.win32_1.0.0.202111181127/tools/bin/../lib/gcc/arm-none-eabi/10.3.1/../../../../arm-none-eabi/lib/thumb/v7-m/nofp/crt0.o (exit)
c:/st/stm32cubeide_1.10.1/stm32cubeide/plugins/com.st.stm32cube.ide.mcu.externaltools.gnu-tools-for-stm32.10.3-2021.10.win32_1.0.0.202111181127/tools/bin/../lib/gcc/arm-none-eabi/10.3.1/../../../../arm-none-eabi/lib/thumb/v7-m/nofp\libc_nano.a(lib_a-impure.o)
                              c:/st/stm32cubeide_1.10.1/stm32cubeide/plugins/com.st.stm32cube.ide.mcu.externaltools.gnu-tools-for-stm32.10.3-2021.10.win32_1.0.0.202111181127/tools/bin/../lib/gcc/arm-none-eabi/10.3.1/../../../../arm-none-eabi/lib/thumb/v7-m/nofp\libc_nano.a(lib_a-exit.o) (_global_impure_ptr)
c:/st/stm32cubeide_1.10.1/stm32cubeide/plugins/com.st.stm32cube.ide.mcu.externaltools.gnu-tools-for-stm32.10.3-2021.10.win32_1.0.0.202111181127/tools/bin/../lib/gcc/arm-none-eabi/10.3.1/../../../../arm-none-eabi/lib/thumb/v7-m/nofp\libc_nano.a(lib_a-init.o)
                              c:/st/stm32cubeide_1.10.1/stm32cubeide/plugins/com.st.stm32cube.ide.mcu.externaltools.gnu-tools-for-stm32.10.3-2021.10.win32_1.0.0.202111181127/tools/bin/../lib/gcc/arm-none-eabi/10.3.1/../../../../arm-none-eabi/lib/thumb/v7-m/nofp/crt0.o (__libc_init_array)
c:/st/stm32cubeide_1.10.1/stm32cubeide/plugins/com.st.stm32cube.ide.mcu.externaltools.gnu-tools-for-stm32.10.3-2021.10.win32_1.0.0.202111181127/tools/bin/../lib/gcc/arm-none-eabi/10.3.1/../../../../arm-none-eabi/lib/thumb/v7-m/nofp\libc_nano.a(lib_a-memcpy-stub.o)
                              ./Core/Src/flash_v1.0.o (memcpy)
c:/st/stm32cubeide_1.10.1/stm32cubeide/plugins/com.st.stm32cube.ide.mcu.externaltools.gnu-tools-for-stm32.10.3-2021.10.win32_1.0.0.202111181127/tools/bin/../lib/gcc/arm-none-eabi/10.3.1/../../../../arm-none-eabi/lib/thumb/v7-m/nofp\libc_nano.a(lib_a-memset.o)
                              c:/st/stm32cubeide_1.10.1/stm32cubeide/plugins/com.st.stm32cube.ide.mcu.externaltools.gnu-tools-for-stm32.10.3-2021.10.win32_1.0.0.202111181127/tools/bin/../lib/gcc/arm-none-eabi/10.3.1/../../../../arm-none-eabi/lib/thumb/v7-m/nofp/crt0.o (memset)
c:/st/stm32cubeide_1.10.1/stm32cubeide/plugins/com.st.stm32cube.ide.mcu.externaltools.gnu-tools-for-stm32.10.3-2021.10.win32_1.0.0.202111181127/tools/bin/../lib/gcc/arm-none-eabi/10.3.1/../../../../arm-none-eabi/lib/thumb/v7-m/nofp\libc_nano.a(lib_a-strlen.o)
                              ./Core/Src/flash_v1.0.o (strlen)

Discarded input sections

 .text          0x0000000000000000        0x0 c:/st/stm32cubeide_1.10.1/stm32cubeide/plugins/com.st.stm32cube.ide.mcu.externaltools.gnu-tools-for-stm32.10.3-2021.10.win32_1.0.0.202111181127/tools/bin/../lib/gcc/arm-none-eabi/10.3.1/thumb/v7-m/nofp/crti.o
 .data          0x0000000000000000        0x0 c:/st/stm32cubeide_1.10.1/stm32cubeide/plugins/com.st.stm32cube.ide.mcu.externaltools.gnu-tools-for-stm32.10.3-2021.10.win32_1.0.0.202111181127/tools/bin/../lib/gcc/arm-none-eabi/10.3.1/thumb/v7-m/nofp/crti.o
 .bss           0x0000000000000000        0x0 c:/st/stm32cubeide_1.10.1/stm32cubeide/plugins/com.st.stm32cube.ide.mcu.externaltools.gnu-tools-for-stm32.10.3-2021.10.win32_1.0.0.202111181127/tools/bin/../lib/gcc/arm-none-eabi/10.3.1/thumb/v7-m/nofp/crti.o
 .data          0x0000000000000000        0x4 c:/st/stm32cubeide_1.10.1/stm32cubeide/plugins/com.st.stm32cube.ide.mcu.externaltools.gnu-tools-for-stm32.10.3-2021.10.win32_1.0.0.202111181127/tools/bin/../lib/gcc/arm-none-eabi/10.3.1/thumb/v7-m/nofp/crtbegin.o
 .rodata        0x0000000000000000       0x24 c:/st/stm32cubeide_1.10.1/stm32cubeide/plugins/com.st.stm32cube.ide.mcu.externaltools.gnu-tools-for-stm32.10.3-2021.10.win32_1.0.0.202111181127/tools/bin/../lib/gcc/arm-none-eabi/10.3.1/thumb/v7-m/nofp/crtbegin.o
 .text          0x0000000000000000       0x7c c:/st/stm32cubeide_1.10.1/stm32cubeide/plugins/com.st.stm32cube.ide.mcu.externaltools.gnu-tools-for-stm32.10.3-2021.10.win32_1.0.0.202111181127/tools/bin/../lib/gcc/arm-none-eabi/10.3.1/../../../../arm-none-eabi/lib/thumb/v7-m/nofp/crt0.o
[...]
Memory Configuration

Name             Origin             Length             Attributes
RAM              0x0000000020000000 0x0000000000005000 xrw
FLASH            0x0000000008000000 0x0000000000010000 xr
*default*        0x0000000000000000 0xffffffffffffffff

Linker script and memory map

LOAD c:/st/stm32cubeide_1.10.1/stm32cubeide/plugins/com.st.stm32cube.ide.mcu.externaltools.gnu-tools-for-stm32.10.3-2021.10.win32_1.0.0.202111181127/tools/bin/../lib/gcc/arm-none-eabi/10.3.1/thumb/v7-m/nofp/crti.o
LOAD c:/st/stm32cubeide_1.10.1/stm32cubeide/plugins/com.st.stm32cube.ide.mcu.externaltools.gnu-tools-for-stm32.10.3-2021.10.win32_1.0.0.202111181127/tools/bin/../lib/gcc/arm-none-eabi/10.3.1/thumb/v7-m/nofp/crtbegin.o
LOAD c:/st/stm32cubeide_1.10.1/stm32cubeide/plugins/com.st.stm32cube.ide.mcu.externaltools.gnu-tools-for-stm32.10.3-2021.10.win32_1.0.0.202111181127/tools/bin/../lib/gcc/arm-none-eabi/10.3.1/../../../../arm-none-eabi/lib/thumb/v7-m/nofp/crt0.o
LOAD ./Core/Src/flash_v1.0.o
LOAD ./Core/Src/main.o
LOAD ./Core/Src/stm32f1xx_hal_msp.o
LOAD ./Core/Src/stm32f1xx_it.o
LOAD ./Core/Src/syscalls.o
LOAD ./Core/Src/sysmem.o
LOAD ./Core/Src/system_stm32f1xx.o
LOAD ./Core/Startup/startup_stm32f103c8tx.o
LOAD ./Drivers/STM32F1xx_HAL_Driver/Src/stm32f1xx_hal.o
LOAD ./Drivers/STM32F1xx_HAL_Driver/Src/stm32f1xx_hal_cortex.o
LOAD ./Drivers/STM32F1xx_HAL_Driver/Src/stm32f1xx_hal_dma.o
LOAD ./Drivers/STM32F1xx_HAL_Driver/Src/stm32f1xx_hal_exti.o
LOAD ./Drivers/STM32F1xx_HAL_Driver/Src/stm32f1xx_hal_flash.o
LOAD ./Drivers/STM32F1xx_HAL_Driver/Src/stm32f1xx_hal_flash_ex.o
LOAD ./Drivers/STM32F1xx_HAL_Driver/Src/stm32f1xx_hal_gpio.o
LOAD ./Drivers/STM32F1xx_HAL_Driver/Src/stm32f1xx_hal_gpio_ex.o
LOAD ./Drivers/STM32F1xx_HAL_Driver/Src/stm32f1xx_hal_pcd.o
LOAD ./Drivers/STM32F1xx_HAL_Driver/Src/stm32f1xx_hal_pcd_ex.o
LOAD ./Drivers/STM32F1xx_HAL_Driver/Src/stm32f1xx_hal_pwr.o
LOAD ./Drivers/STM32F1xx_HAL_Driver/Src/stm32f1xx_hal_rcc.o
LOAD ./Drivers/STM32F1xx_HAL_Driver/Src/stm32f1xx_hal_rcc_ex.o
LOAD ./Drivers/STM32F1xx_HAL_Driver/Src/stm32f1xx_hal_tim.o
LOAD ./Drivers/STM32F1xx_HAL_Driver/Src/stm32f1xx_hal_tim_ex.o
LOAD ./Drivers/STM32F1xx_HAL_Driver/Src/stm32f1xx_hal_uart.o
LOAD ./Drivers/STM32F1xx_HAL_Driver/Src/stm32f1xx_ll_usb.o
LOAD ./Middlewares/ST/STM32_USB_Device_Library/Class/CDC/Src/usbd_cdc.o
LOAD ./Middlewares/ST/STM32_USB_Device_Library/Core/Src/usbd_core.o
LOAD ./Middlewares/ST/STM32_USB_Device_Library/Core/Src/usbd_ctlreq.o
LOAD ./Middlewares/ST/STM32_USB_Device_Library/Core/Src/usbd_ioreq.o
LOAD ./USB_DEVICE/App/usb_device.o
LOAD ./USB_DEVICE/App/usbd_cdc_if.o
LOAD ./USB_DEVICE/App/usbd_desc.o
LOAD ./USB_DEVICE/Target/usbd_conf.o
START GROUP
LOAD c:/st/stm32cubeide_1.10.1/stm32cubeide/plugins/com.st.stm32cube.ide.mcu.externaltools.gnu-tools-for-stm32.10.3-2021.10.win32_1.0.0.202111181127/tools/bin/../lib/gcc/arm-none-eabi/10.3.1/../../../../arm-none-eabi/lib/thumb/v7-m/nofp\libc_nano.a
LOAD c:/st/stm32cubeide_1.10.1/stm32cubeide/plugins/com.st.stm32cube.ide.mcu.externaltools.gnu-tools-for-stm32.10.3-2021.10.win32_1.0.0.202111181127/tools/bin/../lib/gcc/arm-none-eabi/10.3.1/../../../../arm-none-eabi/lib/thumb/v7-m/nofp\libm.a
END GROUP
START GROUP
LOAD c:/st/stm32cubeide_1.10.1/stm32cubeide/plugins/com.st.stm32cube.ide.mcu.externaltools.gnu-tools-for-stm32.10.3-2021.10.win32_1.0.0.202111181127/tools/bin/../lib/gcc/arm-none-eabi/10.3.1/thumb/v7-m/nofp\libgcc.a
LOAD c:/st/stm32cubeide_1.10.1/stm32cubeide/plugins/com.st.stm32cube.ide.mcu.externaltools.gnu-tools-for-stm32.10.3-2021.10.win32_1.0.0.202111181127/tools/bin/../lib/gcc/arm-none-eabi/10.3.1/../../../../arm-none-eabi/lib/thumb/v7-m/nofp\libc_nano.a
END GROUP
START GROUP
LOAD c:/st/stm32cubeide_1.10.1/stm32cubeide/plugins/com.st.stm32cube.ide.mcu.externaltools.gnu-tools-for-stm32.10.3-2021.10.win32_1.0.0.202111181127/tools/bin/../lib/gcc/arm-none-eabi/10.3.1/thumb/v7-m/nofp\libgcc.a
LOAD c:/st/stm32cubeide_1.10.1/stm32cubeide/plugins/com.st.stm32cube.ide.mcu.externaltools.gnu-tools-for-stm32.10.3-2021.10.win32_1.0.0.202111181127/tools/bin/../lib/gcc/arm-none-eabi/10.3.1/../../../../arm-none-eabi/lib/thumb/v7-m/nofp\libc_nano.a
LOAD c:/st/stm32cubeide_1.10.1/stm32cubeide/plugins/com.st.stm32cube.ide.mcu.externaltools.gnu-tools-for-stm32.10.3-2021.10.win32_1.0.0.202111181127/tools/bin/../lib/gcc/arm-none-eabi/10.3.1/../../../../arm-none-eabi/lib/thumb/v7-m/nofp\libnosys.a
END GROUP
START GROUP
LOAD c:/st/stm32cubeide_1.10.1/stm32cubeide/plugins/com.st.stm32cube.ide.mcu.externaltools.gnu-tools-for-stm32.10.3-2021.10.win32_1.0.0.202111181127/tools/bin/../lib/gcc/arm-none-eabi/10.3.1/thumb/v7-m/nofp\libgcc.a
LOAD c:/st/stm32cubeide_1.10.1/stm32cubeide/plugins/com.st.stm32cube.ide.mcu.externaltools.gnu-tools-for-stm32.10.3-2021.10.win32_1.0.0.202111181127/tools/bin/../lib/gcc/arm-none-eabi/10.3.1/../../../../arm-none-eabi/lib/thumb/v7-m/nofp\libc_nano.a
LOAD c:/st/stm32cubeide_1.10.1/stm32cubeide/plugins/com.st.stm32cube.ide.mcu.externaltools.gnu-tools-for-stm32.10.3-2021.10.win32_1.0.0.202111181127/tools/bin/../lib/gcc/arm-none-eabi/10.3.1/../../../../arm-none-eabi/lib/thumb/v7-m/nofp\libnosys.a
END GROUP
LOAD c:/st/stm32cubeide_1.10.1/stm32cubeide/plugins/com.st.stm32cube.ide.mcu.externaltools.gnu-tools-for-stm32.10.3-2021.10.win32_1.0.0.202111181127/tools/bin/../lib/gcc/arm-none-eabi/10.3.1/thumb/v7-m/nofp/crtend.o
LOAD c:/st/stm32cubeide_1.10.1/stm32cubeide/plugins/com.st.stm32cube.ide.mcu.externaltools.gnu-tools-for-stm32.10.3-2021.10.win32_1.0.0.202111181127/tools/bin/../lib/gcc/arm-none-eabi/10.3.1/thumb/v7-m/nofp/crtn.o
                0x0000000020005000                _estack = (ORIGIN (RAM) + LENGTH (RAM))
                0x0000000000000200                _Min_Heap_Size = 0x200
                0x0000000000000400                _Min_Stack_Size = 0x400

.isr_vector     0x0000000008000000      0x10c
                0x0000000008000000                . = ALIGN (0x4)
 *(.isr_vector)
 .isr_vector    0x0000000008000000      0x10c ./Core/Startup/startup_stm32f103c8tx.o
                0x0000000008000000                g_pfnVectors
                0x000000000800010c                . = ALIGN (0x4)

.text           0x000000000800010c     0xaf24
                0x000000000800010c                . = ALIGN (0x4)
 *(.text)
 .text          0x000000000800010c       0x40 c:/st/stm32cubeide_1.10.1/stm32cubeide/plugins/com.st.stm32cube.ide.mcu.externaltools.gnu-tools-for-stm32.10.3-2021.10.win32_1.0.0.202111181127/tools/bin/../lib/gcc/arm-none-eabi/10.3.1/thumb/v7-m/nofp/crtbegin.o
 *(.text*)
 .text.FLASH_apaga
                0x000000000800014c       0x40 ./Core/Src/flash_v1.0.o
                0x000000000800014c                FLASH_apaga
 .text.FLASH_escreve_16bits
                0x000000000800018c       0x3a ./Core/Src/flash_v1.0.o
                0x000000000800018c                FLASH_escreve_16bits
 .text.FLASH_le_16bits
                0x00000000080001c6       0x1e ./Core/Src/flash_v1.0.o
                0x00000000080001c6                FLASH_le_16bits
 .text.main     0x00000000080001e4      0x60c ./Core/Src/main.o
                0x00000000080001e4                main
 .text.SystemClock_Config
                0x00000000080007f0       0xb4 ./Core/Src/main.o
                0x00000000080007f0                SystemClock_Config
 .text.MX_TIM2_Init
                0x00000000080008a4       0xa8 ./Core/Src/main.o
 .text.MX_TIM3_Init
                0x000000000800094c       0x9c ./Core/Src/main.o
 .text.MX_USART2_UART_Init
                0x00000000080009e8       0x54 ./Core/Src/main.o
 .text.MX_GPIO_Init
                0x0000000008000a3c      0x138 ./Core/Src/main.o
 .text.deviceReset
                0x0000000008000b74       0x6c ./Core/Src/main.o
                0x0000000008000b74                deviceReset
 .text.structDados
                0x0000000008000be0       0x98 ./Core/Src/main.o
                0x0000000008000be0                structDados
 .text.VerificaErro
                0x0000000008000c78       0x98 ./Core/Src/main.o
                0x0000000008000c78                VerificaErro
 .text.command  0x0000000008000d10      0x1b0 ./Core/Src/main.o
                0x0000000008000d10                command
 .text.selectCommand
                0x0000000008000ec0       0x80 ./Core/Src/main.o
                0x0000000008000ec0                selectCommand
 .text.getID    0x0000000008000f40       0x40 ./Core/Src/main.o
                0x0000000008000f40                getID
 .text.setID    0x0000000008000f80       0x4c ./Core/Src/main.o
                0x0000000008000f80                setID
 .text.DeviceParamenter
                0x0000000008000fcc       0x4c ./Core/Src/main.o
                0x0000000008000fcc                DeviceParamenter
 .text.StartDevice
                0x0000000008001018       0x3c ./Core/Src/main.o
                0x0000000008001018                StartDevice
 .text.TransmitData
                0x0000000008001054      0x7cc ./Core/Src/main.o
                0x0000000008001054                TransmitData
 .text.StopDevice
                0x0000000008001820       0xc4 ./Core/Src/main.o
                0x0000000008001820                StopDevice
 .text.Checksum
                0x00000000080018e4      0x170 ./Core/Src/main.o
                0x00000000080018e4                Checksum
 .text.HAL_TIM_IC_CaptureCallback
                0x0000000008001a54       0x6c ./Core/Src/main.o
                0x0000000008001a54                HAL_TIM_IC_CaptureCallback
 .text.HAL_UART_RxCpltCallback
                0x0000000008001ac0       0x38 ./Core/Src/main.o
                0x0000000008001ac0                HAL_UART_RxCpltCallback
 .text.HAL_TIM_PeriodElapsedCallback
                0x0000000008001af8       0xb0 ./Core/Src/main.o
                0x0000000008001af8                HAL_TIM_PeriodElapsedCallback
 .text.HAL_GPIO_EXTI_Callback
                0x0000000008001ba8       0x30 ./Core/Src/main.o
                0x0000000008001ba8                HAL_GPIO_EXTI_Callback
 .text.Error_Handler
                0x0000000008001bd8        0xa ./Core/Src/main.o
                0x0000000008001bd8                Error_Handler
 *fill*         0x0000000008001be2        0x2 
 .text.HAL_MspInit
                0x0000000008001be4       0x64 ./Core/Src/stm32f1xx_hal_msp.o
                0x0000000008001be4                HAL_MspInit
 .text.HAL_TIM_Encoder_MspInit
                0x0000000008001c48       0x88 ./Core/Src/stm32f1xx_hal_msp.o
                0x0000000008001c48                HAL_TIM_Encoder_MspInit
 .text.HAL_TIM_Base_MspInit
                0x0000000008001cd0       0x4c ./Core/Src/stm32f1xx_hal_msp.o
                0x0000000008001cd0                HAL_TIM_Base_MspInit
 .text.HAL_UART_MspInit
                0x0000000008001d1c       0xa4 ./Core/Src/stm32f1xx_hal_msp.o
                0x0000000008001d1c                HAL_UART_MspInit
 .text.NMI_Handler
                0x0000000008001dc0        0x6 ./Core/Src/stm32f1xx_it.o
                0x0000000008001dc0                NMI_Handler
 .text.HardFault_Handler
                0x0000000008001dc6        0x6 ./Core/Src/stm32f1xx_it.o
                0x0000000008001dc6                HardFault_Handler
 .text.MemManage_Handler
                0x0000000008001dcc        0x6 ./Core/Src/stm32f1xx_it.o
                0x0000000008001dcc                MemManage_Handler
 .text.BusFault_Handler
                0x0000000008001dd2        0x6 ./Core/Src/stm32f1xx_it.o
                0x0000000008001dd2                BusFault_Handler
 .text.UsageFault_Handler
                0x0000000008001dd8        0x6 ./Core/Src/stm32f1xx_it.o
                0x0000000008001dd8                UsageFault_Handler
 .text.SVC_Handler
                0x0000000008001dde        0xc ./Core/Src/stm32f1xx_it.o
                0x0000000008001dde                SVC_Handler
 .text.DebugMon_Handler
                0x0000000008001dea        0xc ./Core/Src/stm32f1xx_it.o
                0x0000000008001dea                DebugMon_Handler
 .text.PendSV_Handler
                0x0000000008001df6        0xc ./Core/Src/stm32f1xx_it.o
                0x0000000008001df6                PendSV_Handler
 .text.SysTick_Handler
                0x0000000008001e02        0xc ./Core/Src/stm32f1xx_it.o
                0x0000000008001e02                SysTick_Handler
 *fill*         0x0000000008001e0e        0x2 
 .text.USB_LP_CAN1_RX0_IRQHandler
                0x0000000008001e10       0x14 ./Core/Src/stm32f1xx_it.o
                0x0000000008001e10                USB_LP_CAN1_RX0_IRQHandler
 .text.EXTI9_5_IRQHandler
                0x0000000008001e24       0x10 ./Core/Src/stm32f1xx_it.o
                0x0000000008001e24                EXTI9_5_IRQHandler
 .text.TIM2_IRQHandler
                0x0000000008001e34       0x14 ./Core/Src/stm32f1xx_it.o
                0x0000000008001e34                TIM2_IRQHandler
 .text.TIM3_IRQHandler
                0x0000000008001e48       0x14 ./Core/Src/stm32f1xx_it.o
                0x0000000008001e48                TIM3_IRQHandler
 .text.USART2_IRQHandler
                0x0000000008001e5c       0x14 ./Core/Src/stm32f1xx_it.o
                0x0000000008001e5c                USART2_IRQHandler
 .text.SystemInit
                0x0000000008001e70        0xc ./Core/Src/system_stm32f1xx.o
                0x0000000008001e70                SystemInit
 .text.Reset_Handler
                0x0000000008001e7c       0x48 ./Core/Startup/startup_stm32f103c8tx.o
                0x0000000008001e7c                Reset_Handler
 .text.Default_Handler
                0x0000000008001ec4        0x2 ./Core/Startup/startup_stm32f103c8tx.o
                0x0000000008001ec4                RTC_Alarm_IRQHandler
                0x0000000008001ec4                EXTI2_IRQHandler
                0x0000000008001ec4                TIM1_CC_IRQHandler
                0x0000000008001ec4                PVD_IRQHandler
                0x0000000008001ec4                EXTI3_IRQHandler
                0x0000000008001ec4                EXTI0_IRQHandler
                0x0000000008001ec4                I2C2_EV_IRQHandler
                0x0000000008001ec4                ADC1_2_IRQHandler
                0x0000000008001ec4                SPI1_IRQHandler
                0x0000000008001ec4                TAMPER_IRQHandler
                0x0000000008001ec4                DMA1_Channel4_IRQHandler
                0x0000000008001ec4                USART3_IRQHandler
                0x0000000008001ec4                RTC_IRQHandler
                0x0000000008001ec4                DMA1_Channel7_IRQHandler
                0x0000000008001ec4                CAN1_RX1_IRQHandler
                0x0000000008001ec4                TIM4_IRQHandler
                0x0000000008001ec4                I2C1_EV_IRQHandler
                0x0000000008001ec4                DMA1_Channel6_IRQHandler
                0x0000000008001ec4                RCC_IRQHandler
                0x0000000008001ec4                TIM1_TRG_COM_IRQHandler
                0x0000000008001ec4                DMA1_Channel1_IRQHandler
                0x0000000008001ec4                Default_Handler
                0x0000000008001ec4                EXTI15_10_IRQHandler
                0x0000000008001ec4                SPI2_IRQHandler
                0x0000000008001ec4                DMA1_Channel5_IRQHandler
                0x0000000008001ec4                EXTI4_IRQHandler
                0x0000000008001ec4                USB_HP_CAN1_TX_IRQHandler
                0x0000000008001ec4                DMA1_Channel3_IRQHandler
                0x0000000008001ec4                TIM1_UP_IRQHandler
                0x0000000008001ec4                WWDG_IRQHandler
                0x0000000008001ec4                TIM1_BRK_IRQHandler
                0x0000000008001ec4                EXTI1_IRQHandler
                0x0000000008001ec4                I2C2_ER_IRQHandler
                0x0000000008001ec4                DMA1_Channel2_IRQHandler
                0x0000000008001ec4                CAN1_SCE_IRQHandler
                0x0000000008001ec4                FLASH_IRQHandler
                0x0000000008001ec4                USART1_IRQHandler
                0x0000000008001ec4                I2C1_ER_IRQHandler
                0x0000000008001ec4                USBWakeUp_IRQHandler
 *fill*         0x0000000008001ec6        0x2 
 .text.HAL_Init
                0x0000000008001ec8       0x2c ./Drivers/STM32F1xx_HAL_Driver/Src/stm32f1xx_hal.o
                0x0000000008001ec8                HAL_Init
 .text.HAL_InitTick
                0x0000000008001ef4       0x60 ./Drivers/STM32F1xx_HAL_Driver/Src/stm32f1xx_hal.o
                0x0000000008001ef4                HAL_InitTick
 .text.HAL_IncTick
                0x0000000008001f54       0x24 ./Drivers/STM32F1xx_HAL_Driver/Src/stm32f1xx_hal.o
                0x0000000008001f54                HAL_IncTick
 .text.HAL_GetTick
                0x0000000008001f78       0x14 ./Drivers/STM32F1xx_HAL_Driver/Src/stm32f1xx_hal.o
                0x0000000008001f78                HAL_GetTick
 .text.HAL_Delay
                0x0000000008001f8c       0x48 ./Drivers/STM32F1xx_HAL_Driver/Src/stm32f1xx_hal.o
                0x0000000008001f8c                HAL_Delay
 .text.__NVIC_SetPriorityGrouping
                0x0000000008001fd4       0x48 ./Drivers/STM32F1xx_HAL_Driver/Src/stm32f1xx_hal_cortex.o
 .text.__NVIC_GetPriorityGrouping
                0x000000000800201c       0x1c ./Drivers/STM32F1xx_HAL_Driver/Src/stm32f1xx_hal_cortex.o
 .text.__NVIC_EnableIRQ
                0x0000000008002038       0x38 ./Drivers/STM32F1xx_HAL_Driver/Src/stm32f1xx_hal_cortex.o
 .text.__NVIC_SetPriority
                0x0000000008002070       0x54 ./Drivers/STM32F1xx_HAL_Driver/Src/stm32f1xx_hal_cortex.o
 .text.NVIC_EncodePriority
                0x00000000080020c4       0x64 ./Drivers/STM32F1xx_HAL_Driver/Src/stm32f1xx_hal_cortex.o
 .text.SysTick_Config
                0x0000000008002128       0x44 ./Drivers/STM32F1xx_HAL_Driver/Src/stm32f1xx_hal_cortex.o
 .text.HAL_NVIC_SetPriorityGrouping
                0x000000000800216c       0x16 ./Drivers/STM32F1xx_HAL_Driver/Src/stm32f1xx_hal_cortex.o
                0x000000000800216c                HAL_NVIC_SetPriorityGrouping
 .text.HAL_NVIC_SetPriority
                0x0000000008002182       0x38 ./Drivers/STM32F1xx_HAL_Driver/Src/stm32f1xx_hal_cortex.o
                0x0000000008002182                HAL_NVIC_SetPriority
 .text.HAL_NVIC_EnableIRQ
                0x00000000080021ba       0x1c ./Drivers/STM32F1xx_HAL_Driver/Src/stm32f1xx_hal_cortex.o
                0x00000000080021ba                HAL_NVIC_EnableIRQ
 .text.HAL_SYSTICK_Config
                0x00000000080021d6       0x18 ./Drivers/STM32F1xx_HAL_Driver/Src/stm32f1xx_hal_cortex.o
                0x00000000080021d6                HAL_SYSTICK_Config
 .text.HAL_DMA_Abort
                0x00000000080021ee       0x74 ./Drivers/STM32F1xx_HAL_Driver/Src/stm32f1xx_hal_dma.o
                0x00000000080021ee                HAL_DMA_Abort
 *fill*         0x0000000008002262        0x2 
 .text.HAL_DMA_Abort_IT
                0x0000000008002264       0xec ./Drivers/STM32F1xx_HAL_Driver/Src/stm32f1xx_hal_dma.o
                0x0000000008002264                HAL_DMA_Abort_IT
 .text.HAL_FLASH_Program
                0x0000000008002350       0xe0 ./Drivers/STM32F1xx_HAL_Driver/Src/stm32f1xx_hal_flash.o
                0x0000000008002350                HAL_FLASH_Program
 .text.HAL_FLASH_Unlock
                0x0000000008002430       0x4c ./Drivers/STM32F1xx_HAL_Driver/Src/stm32f1xx_hal_flash.o
                0x0000000008002430                HAL_FLASH_Unlock
 .text.HAL_FLASH_Lock
                0x000000000800247c       0x20 ./Drivers/STM32F1xx_HAL_Driver/Src/stm32f1xx_hal_flash.o
                0x000000000800247c                HAL_FLASH_Lock
 .text.HAL_FLASH_OB_Unlock
                0x000000000800249c       0x38 ./Drivers/STM32F1xx_HAL_Driver/Src/stm32f1xx_hal_flash.o
                0x000000000800249c                HAL_FLASH_OB_Unlock
 .text.HAL_FLASH_OB_Lock
                0x00000000080024d4       0x20 ./Drivers/STM32F1xx_HAL_Driver/Src/stm32f1xx_hal_flash.o
                0x00000000080024d4                HAL_FLASH_OB_Lock
 .text.FLASH_Program_HalfWord
                0x00000000080024f4       0x38 ./Drivers/STM32F1xx_HAL_Driver/Src/stm32f1xx_hal_flash.o
 .text.FLASH_WaitForLastOperation
                0x000000000800252c       0x8c ./Drivers/STM32F1xx_HAL_Driver/Src/stm32f1xx_hal_flash.o
                0x000000000800252c                FLASH_WaitForLastOperation
 .text.FLASH_SetErrorCode
                0x00000000080025b8       0xa0 ./Drivers/STM32F1xx_HAL_Driver/Src/stm32f1xx_hal_flash.o
 .text.HAL_FLASHEx_Erase
                0x0000000008002658       0xd8 ./Drivers/STM32F1xx_HAL_Driver/Src/stm32f1xx_hal_flash_ex.o
                0x0000000008002658                HAL_FLASHEx_Erase
 .text.FLASH_MassErase
                0x0000000008002730       0x38 ./Drivers/STM32F1xx_HAL_Driver/Src/stm32f1xx_hal_flash_ex.o
 .text.FLASH_PageErase
                0x0000000008002768       0x40 ./Drivers/STM32F1xx_HAL_Driver/Src/stm32f1xx_hal_flash_ex.o
                0x0000000008002768                FLASH_PageErase
 .text.HAL_GPIO_Init
                0x00000000080027a8      0x308 ./Drivers/STM32F1xx_HAL_Driver/Src/stm32f1xx_hal_gpio.o
                0x00000000080027a8                HAL_GPIO_Init
 .text.HAL_GPIO_WritePin
                0x0000000008002ab0       0x30 ./Drivers/STM32F1xx_HAL_Driver/Src/stm32f1xx_hal_gpio.o
                0x0000000008002ab0                HAL_GPIO_WritePin
 .text.HAL_GPIO_TogglePin
                0x0000000008002ae0       0x32 ./Drivers/STM32F1xx_HAL_Driver/Src/stm32f1xx_hal_gpio.o
                0x0000000008002ae0                HAL_GPIO_TogglePin
 *fill*         0x0000000008002b12        0x2 
 .text.HAL_GPIO_EXTI_IRQHandler
                0x0000000008002b14       0x30 ./Drivers/STM32F1xx_HAL_Driver/Src/stm32f1xx_hal_gpio.o
                0x0000000008002b14                HAL_GPIO_EXTI_IRQHandler
 .text.HAL_PCD_Init
                0x0000000008002b44      0x216 ./Drivers/STM32F1xx_HAL_Driver/Src/stm32f1xx_hal_pcd.o
                0x0000000008002b44                HAL_PCD_Init
 .text.HAL_PCD_Start
                0x0000000008002d5a       0x4c ./Drivers/STM32F1xx_HAL_Driver/Src/stm32f1xx_hal_pcd.o
                0x0000000008002d5a                HAL_PCD_Start
 .text.HAL_PCD_IRQHandler
                0x0000000008002da6      0x2a6 ./Drivers/STM32F1xx_HAL_Driver/Src/stm32f1xx_hal_pcd.o
                0x0000000008002da6                HAL_PCD_IRQHandler
 .text.HAL_PCD_SetAddress
                0x000000000800304c       0x4a ./Drivers/STM32F1xx_HAL_Driver/Src/stm32f1xx_hal_pcd.o
                0x000000000800304c                HAL_PCD_SetAddress
 .text.HAL_PCD_EP_Open
                0x0000000008003096       0xcc ./Drivers/STM32F1xx_HAL_Driver/Src/stm32f1xx_hal_pcd.o
                0x0000000008003096                HAL_PCD_EP_Open
 .text.HAL_PCD_EP_Close
                0x0000000008003162       0x90 ./Drivers/STM32F1xx_HAL_Driver/Src/stm32f1xx_hal_pcd.o
                0x0000000008003162                HAL_PCD_EP_Close
 .text.HAL_PCD_EP_Receive
                0x00000000080031f2       0x7a ./Drivers/STM32F1xx_HAL_Driver/Src/stm32f1xx_hal_pcd.o
                0x00000000080031f2                HAL_PCD_EP_Receive
 .text.HAL_PCD_EP_GetRxCount
                0x000000000800326c       0x2e ./Drivers/STM32F1xx_HAL_Driver/Src/stm32f1xx_hal_pcd.o
                0x000000000800326c                HAL_PCD_EP_GetRxCount
 .text.HAL_PCD_EP_Transmit
                0x000000000800329a       0x86 ./Drivers/STM32F1xx_HAL_Driver/Src/stm32f1xx_hal_pcd.o
                0x000000000800329a                HAL_PCD_EP_Transmit
 .text.HAL_PCD_EP_SetStall
                0x0000000008003320       0xc0 ./Drivers/STM32F1xx_HAL_Driver/Src/stm32f1xx_hal_pcd.o
                0x0000000008003320                HAL_PCD_EP_SetStall
 .text.HAL_PCD_EP_ClrStall
                0x00000000080033e0       0xa8 ./Drivers/STM32F1xx_HAL_Driver/Src/stm32f1xx_hal_pcd.o
                0x00000000080033e0                HAL_PCD_EP_ClrStall
 .text.PCD_EP_ISR_Handler
                0x0000000008003488      0x600 ./Drivers/STM32F1xx_HAL_Driver/Src/stm32f1xx_hal_pcd.o
 .text.HAL_PCD_EP_DB_Receive
                0x0000000008003a88      0x21a ./Drivers/STM32F1xx_HAL_Driver/Src/stm32f1xx_hal_pcd.o
 .text.HAL_PCD_EP_DB_Transmit
                0x0000000008003ca2      0x7a4 ./Drivers/STM32F1xx_HAL_Driver/Src/stm32f1xx_hal_pcd.o
 .text.HAL_PCDEx_PMAConfig
                0x0000000008004446       0x84 ./Drivers/STM32F1xx_HAL_Driver/Src/stm32f1xx_hal_pcd_ex.o
                0x0000000008004446                HAL_PCDEx_PMAConfig
 *fill*         0x00000000080044ca        0x2 
 .text.HAL_RCC_OscConfig
                0x00000000080044cc      0x504 ./Drivers/STM32F1xx_HAL_Driver/Src/stm32f1xx_hal_rcc.o
                0x00000000080044cc                HAL_RCC_OscConfig
 .text.HAL_RCC_ClockConfig
                0x00000000080049d0      0x1d4 ./Drivers/STM32F1xx_HAL_Driver/Src/stm32f1xx_hal_rcc.o
                0x00000000080049d0                HAL_RCC_ClockConfig
 .text.HAL_RCC_GetSysClockFreq
                0x0000000008004ba4       0xbc ./Drivers/STM32F1xx_HAL_Driver/Src/stm32f1xx_hal_rcc.o
                0x0000000008004ba4                HAL_RCC_GetSysClockFreq
 .text.HAL_RCC_GetHCLKFreq
                0x0000000008004c60       0x14 ./Drivers/STM32F1xx_HAL_Driver/Src/stm32f1xx_hal_rcc.o
                0x0000000008004c60                HAL_RCC_GetHCLKFreq
 .text.HAL_RCC_GetPCLK1Freq
                0x0000000008004c74       0x28 ./Drivers/STM32F1xx_HAL_Driver/Src/stm32f1xx_hal_rcc.o
                0x0000000008004c74                HAL_RCC_GetPCLK1Freq
 .text.HAL_RCC_GetPCLK2Freq
                0x0000000008004c9c       0x28 ./Drivers/STM32F1xx_HAL_Driver/Src/stm32f1xx_hal_rcc.o
                0x0000000008004c9c                HAL_RCC_GetPCLK2Freq
 .text.RCC_Delay
                0x0000000008004cc4       0x3c ./Drivers/STM32F1xx_HAL_Driver/Src/stm32f1xx_hal_rcc.o
 .text.HAL_RCCEx_PeriphCLKConfig
                0x0000000008004d00      0x16c ./Drivers/STM32F1xx_HAL_Driver/Src/stm32f1xx_hal_rcc_ex.o
                0x0000000008004d00                HAL_RCCEx_PeriphCLKConfig
 .text.HAL_TIM_Base_Init
                0x0000000008004e6c       0x9e ./Drivers/STM32F1xx_HAL_Driver/Src/stm32f1xx_hal_tim.o
                0x0000000008004e6c                HAL_TIM_Base_Init
 *fill*         0x0000000008004f0a        0x2 
 .text.HAL_TIM_Base_Start_IT
                0x0000000008004f0c       0xa4 ./Drivers/STM32F1xx_HAL_Driver/Src/stm32f1xx_hal_tim.o
                0x0000000008004f0c                HAL_TIM_Base_Start_IT
 .text.HAL_TIM_Base_Stop_IT
                0x0000000008004fb0       0x5c ./Drivers/STM32F1xx_HAL_Driver/Src/stm32f1xx_hal_tim.o
                0x0000000008004fb0                HAL_TIM_Base_Stop_IT
 .text.HAL_TIM_Encoder_Init
                0x000000000800500c      0x144 ./Drivers/STM32F1xx_HAL_Driver/Src/stm32f1xx_hal_tim.o
                0x000000000800500c                HAL_TIM_Encoder_Init
 .text.HAL_TIM_Encoder_Start_IT
                0x0000000008005150      0x15c ./Drivers/STM32F1xx_HAL_Driver/Src/stm32f1xx_hal_tim.o
                0x0000000008005150                HAL_TIM_Encoder_Start_IT
 .text.HAL_TIM_Encoder_Stop_IT
                0x00000000080052ac      0x16a ./Drivers/STM32F1xx_HAL_Driver/Src/stm32f1xx_hal_tim.o
                0x00000000080052ac                HAL_TIM_Encoder_Stop_IT
 .text.HAL_TIM_IRQHandler
                0x0000000008005416      0x210 ./Drivers/STM32F1xx_HAL_Driver/Src/stm32f1xx_hal_tim.o
                0x0000000008005416                HAL_TIM_IRQHandler
 .text.HAL_TIM_ConfigClockSource
                0x0000000008005626      0x188 ./Drivers/STM32F1xx_HAL_Driver/Src/stm32f1xx_hal_tim.o
                0x0000000008005626                HAL_TIM_ConfigClockSource
 .text.HAL_TIM_OC_DelayElapsedCallback
                0x00000000080057ae       0x12 ./Drivers/STM32F1xx_HAL_Driver/Src/stm32f1xx_hal_tim.o
                0x00000000080057ae                HAL_TIM_OC_DelayElapsedCallback
 .text.HAL_TIM_PWM_PulseFinishedCallback
                0x00000000080057c0       0x12 ./Drivers/STM32F1xx_HAL_Driver/Src/stm32f1xx_hal_tim.o
                0x00000000080057c0                HAL_TIM_PWM_PulseFinishedCallback
 .text.HAL_TIM_TriggerCallback
                0x00000000080057d2       0x12 ./Drivers/STM32F1xx_HAL_Driver/Src/stm32f1xx_hal_tim.o
                0x00000000080057d2                HAL_TIM_TriggerCallback
 .text.TIM_Base_SetConfig
                0x00000000080057e4       0xc4 ./Drivers/STM32F1xx_HAL_Driver/Src/stm32f1xx_hal_tim.o
                0x00000000080057e4                TIM_Base_SetConfig
 .text.TIM_TI1_ConfigInputStage
                0x00000000080058a8       0x5c ./Drivers/STM32F1xx_HAL_Driver/Src/stm32f1xx_hal_tim.o
 .text.TIM_TI2_ConfigInputStage
                0x0000000008005904       0x5e ./Drivers/STM32F1xx_HAL_Driver/Src/stm32f1xx_hal_tim.o
 .text.TIM_ITRx_SetConfig
                0x0000000008005962       0x34 ./Drivers/STM32F1xx_HAL_Driver/Src/stm32f1xx_hal_tim.o
 .text.TIM_ETR_SetConfig
                0x0000000008005996       0x3e ./Drivers/STM32F1xx_HAL_Driver/Src/stm32f1xx_hal_tim.o
                0x0000000008005996                TIM_ETR_SetConfig
 .text.TIM_CCxChannelCmd
                0x00000000080059d4       0x48 ./Drivers/STM32F1xx_HAL_Driver/Src/stm32f1xx_hal_tim.o
                0x00000000080059d4                TIM_CCxChannelCmd
 .text.HAL_TIMEx_MasterConfigSynchronization
                0x0000000008005a1c       0xbc ./Drivers/STM32F1xx_HAL_Driver/Src/stm32f1xx_hal_tim_ex.o
                0x0000000008005a1c                HAL_TIMEx_MasterConfigSynchronization
 .text.HAL_TIMEx_CommutCallback
                0x0000000008005ad8       0x12 ./Drivers/STM32F1xx_HAL_Driver/Src/stm32f1xx_hal_tim_ex.o
                0x0000000008005ad8                HAL_TIMEx_CommutCallback
 .text.HAL_TIMEx_BreakCallback
                0x0000000008005aea       0x12 ./Drivers/STM32F1xx_HAL_Driver/Src/stm32f1xx_hal_tim_ex.o
                0x0000000008005aea                HAL_TIMEx_BreakCallback
 .text.HAL_UART_Init
                0x0000000008005afc       0x9a ./Drivers/STM32F1xx_HAL_Driver/Src/stm32f1xx_hal_uart.o
                0x0000000008005afc                HAL_UART_Init
 .text.HAL_UART_Receive_IT
                0x0000000008005b96       0x60 ./Drivers/STM32F1xx_HAL_Driver/Src/stm32f1xx_hal_uart.o
                0x0000000008005b96                HAL_UART_Receive_IT
 *fill*         0x0000000008005bf6        0x2 
 .text.HAL_UART_IRQHandler
                0x0000000008005bf8      0x354 ./Drivers/STM32F1xx_HAL_Driver/Src/stm32f1xx_hal_uart.o
                0x0000000008005bf8                HAL_UART_IRQHandler
 .text.HAL_UART_TxCpltCallback
                0x0000000008005f4c       0x12 ./Drivers/STM32F1xx_HAL_Driver/Src/stm32f1xx_hal_uart.o
                0x0000000008005f4c                HAL_UART_TxCpltCallback
 .text.HAL_UART_ErrorCallback
                0x0000000008005f5e       0x12 ./Drivers/STM32F1xx_HAL_Driver/Src/stm32f1xx_hal_uart.o
                0x0000000008005f5e                HAL_UART_ErrorCallback
 .text.HAL_UARTEx_RxEventCallback
                0x0000000008005f70       0x16 ./Drivers/STM32F1xx_HAL_Driver/Src/stm32f1xx_hal_uart.o
                0x0000000008005f70                HAL_UARTEx_RxEventCallback
 .text.UART_Start_Receive_IT
                0x0000000008005f86       0x72 ./Drivers/STM32F1xx_HAL_Driver/Src/stm32f1xx_hal_uart.o
                0x0000000008005f86                UART_Start_Receive_IT
 .text.UART_EndRxTransfer
                0x0000000008005ff8       0x58 ./Drivers/STM32F1xx_HAL_Driver/Src/stm32f1xx_hal_uart.o
 .text.UART_DMAAbortOnError
                0x0000000008006050       0x28 ./Drivers/STM32F1xx_HAL_Driver/Src/stm32f1xx_hal_uart.o
 .text.UART_Transmit_IT
                0x0000000008006078       0x9e ./Drivers/STM32F1xx_HAL_Driver/Src/stm32f1xx_hal_uart.o
 .text.UART_EndTransmit_IT
                0x0000000008006116       0x30 ./Drivers/STM32F1xx_HAL_Driver/Src/stm32f1xx_hal_uart.o
 .text.UART_Receive_IT
                0x0000000008006146      0x152 ./Drivers/STM32F1xx_HAL_Driver/Src/stm32f1xx_hal_uart.o
 .text.UART_SetConfig
                0x0000000008006298      0x11c ./Drivers/STM32F1xx_HAL_Driver/Src/stm32f1xx_hal_uart.o
 .text.USB_CoreInit
                0x00000000080063b4       0x20 ./Drivers/STM32F1xx_HAL_Driver/Src/stm32f1xx_ll_usb.o
                0x00000000080063b4                USB_CoreInit
 .text.USB_EnableGlobalInt
                0x00000000080063d4       0x2c ./Drivers/STM32F1xx_HAL_Driver/Src/stm32f1xx_ll_usb.o
                0x00000000080063d4                USB_EnableGlobalInt
 .text.USB_DisableGlobalInt
                0x0000000008006400       0x34 ./Drivers/STM32F1xx_HAL_Driver/Src/stm32f1xx_ll_usb.o
                0x0000000008006400                USB_DisableGlobalInt
 .text.USB_SetCurrentMode
                0x0000000008006434       0x18 ./Drivers/STM32F1xx_HAL_Driver/Src/stm32f1xx_ll_usb.o
                0x0000000008006434                USB_SetCurrentMode
 .text.USB_DevInit
                0x000000000800644c       0x40 ./Drivers/STM32F1xx_HAL_Driver/Src/stm32f1xx_ll_usb.o
                0x000000000800644c                USB_DevInit
 .text.USB_ActivateEndpoint
                0x000000000800648c      0x6d4 ./Drivers/STM32F1xx_HAL_Driver/Src/stm32f1xx_ll_usb.o
                0x000000000800648c                USB_ActivateEndpoint
 .text.USB_DeactivateEndpoint
                0x0000000008006b60      0x3d8 ./Drivers/STM32F1xx_HAL_Driver/Src/stm32f1xx_ll_usb.o
                0x0000000008006b60                USB_DeactivateEndpoint
 .text.USB_EPStartXfer
                0x0000000008006f38     0x1c70 ./Drivers/STM32F1xx_HAL_Driver/Src/stm32f1xx_ll_usb.o
                0x0000000008006f38                USB_EPStartXfer
 .text.USB_EPSetStall
                0x0000000008008ba8       0xa0 ./Drivers/STM32F1xx_HAL_Driver/Src/stm32f1xx_ll_usb.o
                0x0000000008008ba8                USB_EPSetStall
 .text.USB_EPClearStall
                0x0000000008008c48      0x15a ./Drivers/STM32F1xx_HAL_Driver/Src/stm32f1xx_ll_usb.o
                0x0000000008008c48                USB_EPClearStall
 .text.USB_SetDevAddress
                0x0000000008008da2       0x26 ./Drivers/STM32F1xx_HAL_Driver/Src/stm32f1xx_ll_usb.o
                0x0000000008008da2                USB_SetDevAddress
 .text.USB_DevConnect
                0x0000000008008dc8       0x14 ./Drivers/STM32F1xx_HAL_Driver/Src/stm32f1xx_ll_usb.o
                0x0000000008008dc8                USB_DevConnect
 .text.USB_DevDisconnect
                0x0000000008008ddc       0x14 ./Drivers/STM32F1xx_HAL_Driver/Src/stm32f1xx_ll_usb.o
                0x0000000008008ddc                USB_DevDisconnect
 .text.USB_ReadInterrupts
                0x0000000008008df0       0x1e ./Drivers/STM32F1xx_HAL_Driver/Src/stm32f1xx_ll_usb.o
                0x0000000008008df0                USB_ReadInterrupts
 .text.USB_EP0_OutStart
                0x0000000008008e0e       0x16 ./Drivers/STM32F1xx_HAL_Driver/Src/stm32f1xx_ll_usb.o
                0x0000000008008e0e                USB_EP0_OutStart
 .text.USB_WritePMA
                0x0000000008008e24       0x8a ./Drivers/STM32F1xx_HAL_Driver/Src/stm32f1xx_ll_usb.o
                0x0000000008008e24                USB_WritePMA
 .text.USB_ReadPMA
                0x0000000008008eae       0x9e ./Drivers/STM32F1xx_HAL_Driver/Src/stm32f1xx_ll_usb.o
                0x0000000008008eae                USB_ReadPMA
 .text.USBD_CDC_Init
                0x0000000008008f4c       0xf4 ./Middlewares/ST/STM32_USB_Device_Library/Class/CDC/Src/usbd_cdc.o
 .text.USBD_CDC_DeInit
                0x0000000008009040       0x6e ./Middlewares/ST/STM32_USB_Device_Library/Class/CDC/Src/usbd_cdc.o
 .text.USBD_CDC_Setup
                0x00000000080090ae      0x146 ./Middlewares/ST/STM32_USB_Device_Library/Class/CDC/Src/usbd_cdc.o
 .text.USBD_CDC_DataIn
                0x00000000080091f4       0xa6 ./Middlewares/ST/STM32_USB_Device_Library/Class/CDC/Src/usbd_cdc.o
 .text.USBD_CDC_DataOut
                0x000000000800929a       0x56 ./Middlewares/ST/STM32_USB_Device_Library/Class/CDC/Src/usbd_cdc.o
 .text.USBD_CDC_EP0_RxReady
                0x00000000080092f0       0x50 ./Middlewares/ST/STM32_USB_Device_Library/Class/CDC/Src/usbd_cdc.o
 .text.USBD_CDC_GetFSCfgDesc
                0x0000000008009340       0x20 ./Middlewares/ST/STM32_USB_Device_Library/Class/CDC/Src/usbd_cdc.o
 .text.USBD_CDC_GetHSCfgDesc
                0x0000000008009360       0x20 ./Middlewares/ST/STM32_USB_Device_Library/Class/CDC/Src/usbd_cdc.o
 .text.USBD_CDC_GetOtherSpeedCfgDesc
                0x0000000008009380       0x20 ./Middlewares/ST/STM32_USB_Device_Library/Class/CDC/Src/usbd_cdc.o
 .text.USBD_CDC_GetDeviceQualifierDescriptor
                0x00000000080093a0       0x20 ./Middlewares/ST/STM32_USB_Device_Library/Class/CDC/Src/usbd_cdc.o
                0x00000000080093a0                USBD_CDC_GetDeviceQualifierDescriptor
 .text.USBD_CDC_RegisterInterface
                0x00000000080093c0       0x2c ./Middlewares/ST/STM32_USB_Device_Library/Class/CDC/Src/usbd_cdc.o
                0x00000000080093c0                USBD_CDC_RegisterInterface
 .text.USBD_CDC_SetTxBuffer
                0x00000000080093ec       0x32 ./Middlewares/ST/STM32_USB_Device_Library/Class/CDC/Src/usbd_cdc.o
                0x00000000080093ec                USBD_CDC_SetTxBuffer
 .text.USBD_CDC_SetRxBuffer
                0x000000000800941e       0x26 ./Middlewares/ST/STM32_USB_Device_Library/Class/CDC/Src/usbd_cdc.o
                0x000000000800941e                USBD_CDC_SetRxBuffer
 .text.USBD_CDC_TransmitPacket
                0x0000000008009444       0x5e ./Middlewares/ST/STM32_USB_Device_Library/Class/CDC/Src/usbd_cdc.o
                0x0000000008009444                USBD_CDC_TransmitPacket
 .text.USBD_CDC_ReceivePacket
                0x00000000080094a2       0x54 ./Middlewares/ST/STM32_USB_Device_Library/Class/CDC/Src/usbd_cdc.o
                0x00000000080094a2                USBD_CDC_ReceivePacket
 .text.USBD_Init
                0x00000000080094f6       0x56 ./Middlewares/ST/STM32_USB_Device_Library/Core/Src/usbd_core.o
                0x00000000080094f6                USBD_Init
 .text.USBD_RegisterClass
                0x000000000800954c       0x32 ./Middlewares/ST/STM32_USB_Device_Library/Core/Src/usbd_core.o
                0x000000000800954c                USBD_RegisterClass
 .text.USBD_Start
                0x000000000800957e       0x18 ./Middlewares/ST/STM32_USB_Device_Library/Core/Src/usbd_core.o
                0x000000000800957e                USBD_Start
 .text.USBD_RunTestMode
                0x0000000008009596       0x14 ./Middlewares/ST/STM32_USB_Device_Library/Core/Src/usbd_core.o
                0x0000000008009596                USBD_RunTestMode
 .text.USBD_SetClassConfig
                0x00000000080095aa       0x3e ./Middlewares/ST/STM32_USB_Device_Library/Core/Src/usbd_core.o
                0x00000000080095aa                USBD_SetClassConfig
 .text.USBD_ClrClassConfig
                0x00000000080095e8       0x26 ./Middlewares/ST/STM32_USB_Device_Library/Core/Src/usbd_core.o
                0x00000000080095e8                USBD_ClrClassConfig
 .text.USBD_LL_SetupStage
                0x000000000800960e       0x9a ./Middlewares/ST/STM32_USB_Device_Library/Core/Src/usbd_core.o
                0x000000000800960e                USBD_LL_SetupStage
 .text.USBD_LL_DataOutStage
                0x00000000080096a8       0xe2 ./Middlewares/ST/STM32_USB_Device_Library/Core/Src/usbd_core.o
                0x00000000080096a8                USBD_LL_DataOutStage
 .text.USBD_LL_DataInStage
                0x000000000800978a      0x14a ./Middlewares/ST/STM32_USB_Device_Library/Core/Src/usbd_core.o
                0x000000000800978a                USBD_LL_DataInStage
 .text.USBD_LL_Reset
                0x00000000080098d4       0x82 ./Middlewares/ST/STM32_USB_Device_Library/Core/Src/usbd_core.o
                0x00000000080098d4                USBD_LL_Reset
 .text.USBD_LL_SetSpeed
                0x0000000008009956       0x1e ./Middlewares/ST/STM32_USB_Device_Library/Core/Src/usbd_core.o
                0x0000000008009956                USBD_LL_SetSpeed
 .text.USBD_LL_Suspend
                0x0000000008009974       0x28 ./Middlewares/ST/STM32_USB_Device_Library/Core/Src/usbd_core.o
                0x0000000008009974                USBD_LL_Suspend
 .text.USBD_LL_Resume
                0x000000000800999c       0x2a ./Middlewares/ST/STM32_USB_Device_Library/Core/Src/usbd_core.o
                0x000000000800999c                USBD_LL_Resume
 .text.USBD_LL_SOF
                0x00000000080099c6       0x34 ./Middlewares/ST/STM32_USB_Device_Library/Core/Src/usbd_core.o
                0x00000000080099c6                USBD_LL_SOF
 *fill*         0x00000000080099fa        0x2 
 .text.USBD_StdDevReq
                0x00000000080099fc       0xd4 ./Middlewares/ST/STM32_USB_Device_Library/Core/Src/usbd_ctlreq.o
                0x00000000080099fc                USBD_StdDevReq
 .text.USBD_StdItfReq
                0x0000000008009ad0       0x90 ./Middlewares/ST/STM32_USB_Device_Library/Core/Src/usbd_ctlreq.o
                0x0000000008009ad0                USBD_StdItfReq
 .text.USBD_StdEPReq
                0x0000000008009b60      0x2c6 ./Middlewares/ST/STM32_USB_Device_Library/Core/Src/usbd_ctlreq.o
                0x0000000008009b60                USBD_StdEPReq
 *fill*         0x0000000008009e26        0x2 
 .text.USBD_GetDescriptor
                0x0000000008009e28      0x2d0 ./Middlewares/ST/STM32_USB_Device_Library/Core/Src/usbd_ctlreq.o
 .text.USBD_SetAddress
                0x000000000800a0f8       0x86 ./Middlewares/ST/STM32_USB_Device_Library/Core/Src/usbd_ctlreq.o
 *fill*         0x000000000800a17e        0x2 
 .text.USBD_SetConfig
                0x000000000800a180      0x11c ./Middlewares/ST/STM32_USB_Device_Library/Core/Src/usbd_ctlreq.o
 .text.USBD_GetConfig
                0x000000000800a29c       0x6a ./Middlewares/ST/STM32_USB_Device_Library/Core/Src/usbd_ctlreq.o
 .text.USBD_GetStatus
                0x000000000800a306       0x66 ./Middlewares/ST/STM32_USB_Device_Library/Core/Src/usbd_ctlreq.o
 .text.USBD_SetFeature
                0x000000000800a36c       0x28 ./Middlewares/ST/STM32_USB_Device_Library/Core/Src/usbd_ctlreq.o
 .text.USBD_ClrFeature
                0x000000000800a394       0x42 ./Middlewares/ST/STM32_USB_Device_Library/Core/Src/usbd_ctlreq.o
 .text.USBD_ParseSetupRequest
                0x000000000800a3d6       0x78 ./Middlewares/ST/STM32_USB_Device_Library/Core/Src/usbd_ctlreq.o
                0x000000000800a3d6                USBD_ParseSetupRequest
 .text.USBD_CtlError
                0x000000000800a44e       0x22 ./Middlewares/ST/STM32_USB_Device_Library/Core/Src/usbd_ctlreq.o
                0x000000000800a44e                USBD_CtlError
 .text.USBD_GetString
                0x000000000800a470       0x84 ./Middlewares/ST/STM32_USB_Device_Library/Core/Src/usbd_ctlreq.o
                0x000000000800a470                USBD_GetString
 .text.USBD_GetLen
                0x000000000800a4f4       0x2e ./Middlewares/ST/STM32_USB_Device_Library/Core/Src/usbd_ctlreq.o
 .text.USBD_CtlSendData
                0x000000000800a522       0x38 ./Middlewares/ST/STM32_USB_Device_Library/Core/Src/usbd_ioreq.o
                0x000000000800a522                USBD_CtlSendData
 .text.USBD_CtlContinueSendData
                0x000000000800a55a       0x24 ./Middlewares/ST/STM32_USB_Device_Library/Core/Src/usbd_ioreq.o
                0x000000000800a55a                USBD_CtlContinueSendData
 .text.USBD_CtlPrepareRx
                0x000000000800a57e       0x3c ./Middlewares/ST/STM32_USB_Device_Library/Core/Src/usbd_ioreq.o
                0x000000000800a57e                USBD_CtlPrepareRx
 .text.USBD_CtlContinueRx
                0x000000000800a5ba       0x24 ./Middlewares/ST/STM32_USB_Device_Library/Core/Src/usbd_ioreq.o
                0x000000000800a5ba                USBD_CtlContinueRx
 .text.USBD_CtlSendStatus
                0x000000000800a5de       0x26 ./Middlewares/ST/STM32_USB_Device_Library/Core/Src/usbd_ioreq.o
                0x000000000800a5de                USBD_CtlSendStatus
 .text.USBD_CtlReceiveStatus
                0x000000000800a604       0x26 ./Middlewares/ST/STM32_USB_Device_Library/Core/Src/usbd_ioreq.o
                0x000000000800a604                USBD_CtlReceiveStatus
 *fill*         0x000000000800a62a        0x2 
 .text.MX_USB_DEVICE_Init
                0x000000000800a62c       0x60 ./USB_DEVICE/App/usb_device.o
                0x000000000800a62c                MX_USB_DEVICE_Init
 .text.CDC_Init_FS
                0x000000000800a68c       0x28 ./USB_DEVICE/App/usbd_cdc_if.o
 .text.CDC_DeInit_FS
                0x000000000800a6b4        0xe ./USB_DEVICE/App/usbd_cdc_if.o
 *fill*         0x000000000800a6c2        0x2 
 .text.CDC_Control_FS
                0x000000000800a6c4       0xbc ./USB_DEVICE/App/usbd_cdc_if.o
 .text.CDC_Receive_FS
                0x000000000800a780       0x68 ./USB_DEVICE/App/usbd_cdc_if.o
 .text.CDC_Transmit_FS
                0x000000000800a7e8       0x4c ./USB_DEVICE/App/usbd_cdc_if.o
                0x000000000800a7e8                CDC_Transmit_FS
 .text.USBD_FS_DeviceDescriptor
                0x000000000800a834       0x24 ./USB_DEVICE/App/usbd_desc.o
                0x000000000800a834                USBD_FS_DeviceDescriptor
 .text.USBD_FS_LangIDStrDescriptor
                0x000000000800a858       0x24 ./USB_DEVICE/App/usbd_desc.o
                0x000000000800a858                USBD_FS_LangIDStrDescriptor
 .text.USBD_FS_ProductStrDescriptor
                0x000000000800a87c       0x3c ./USB_DEVICE/App/usbd_desc.o
                0x000000000800a87c                USBD_FS_ProductStrDescriptor
 .text.USBD_FS_ManufacturerStrDescriptor
                0x000000000800a8b8       0x28 ./USB_DEVICE/App/usbd_desc.o
                0x000000000800a8b8                USBD_FS_ManufacturerStrDescriptor
 .text.USBD_FS_SerialStrDescriptor
                0x000000000800a8e0       0x24 ./USB_DEVICE/App/usbd_desc.o
                0x000000000800a8e0                USBD_FS_SerialStrDescriptor
 .text.USBD_FS_ConfigStrDescriptor
                0x000000000800a904       0x3c ./USB_DEVICE/App/usbd_desc.o
                0x000000000800a904                USBD_FS_ConfigStrDescriptor
 .text.USBD_FS_InterfaceStrDescriptor
                0x000000000800a940       0x3c ./USB_DEVICE/App/usbd_desc.o
                0x000000000800a940                USBD_FS_InterfaceStrDescriptor
 .text.Get_SerialNum
                0x000000000800a97c       0x58 ./USB_DEVICE/App/usbd_desc.o
 .text.IntToUnicode
                0x000000000800a9d4       0x7c ./USB_DEVICE/App/usbd_desc.o
 .text.HAL_PCD_MspInit
                0x000000000800aa50       0x4c ./USB_DEVICE/Target/usbd_conf.o
                0x000000000800aa50                HAL_PCD_MspInit
 .text.HAL_PCD_SetupStageCallback
                0x000000000800aa9c       0x24 ./USB_DEVICE/Target/usbd_conf.o
                0x000000000800aa9c                HAL_PCD_SetupStageCallback
 .text.HAL_PCD_DataOutStageCallback
                0x000000000800aac0       0x36 ./USB_DEVICE/Target/usbd_conf.o
                0x000000000800aac0                HAL_PCD_DataOutStageCallback
 .text.HAL_PCD_DataInStageCallback
                0x000000000800aaf6       0x34 ./USB_DEVICE/Target/usbd_conf.o
                0x000000000800aaf6                HAL_PCD_DataInStageCallback
 .text.HAL_PCD_SOFCallback
                0x000000000800ab2a       0x1c ./USB_DEVICE/Target/usbd_conf.o
                0x000000000800ab2a                HAL_PCD_SOFCallback
 .text.HAL_PCD_ResetCallback
                0x000000000800ab46       0x3c ./USB_DEVICE/Target/usbd_conf.o
                0x000000000800ab46                HAL_PCD_ResetCallback
 *fill*         0x000000000800ab82        0x2 
 .text.HAL_PCD_SuspendCallback
                0x000000000800ab84       0x34 ./USB_DEVICE/Target/usbd_conf.o
                0x000000000800ab84                HAL_PCD_SuspendCallback
 .text.HAL_PCD_ResumeCallback
                0x000000000800abb8       0x1c ./USB_DEVICE/Target/usbd_conf.o
                0x000000000800abb8                HAL_PCD_ResumeCallback
 .text.USBD_LL_Init
                0x000000000800abd4       0xb4 ./USB_DEVICE/Target/usbd_conf.o
                0x000000000800abd4                USBD_LL_Init
 .text.USBD_LL_Start
                0x000000000800ac88       0x36 ./USB_DEVICE/Target/usbd_conf.o
                0x000000000800ac88                USBD_LL_Start
 .text.USBD_LL_OpenEP
                0x000000000800acbe       0x4c ./USB_DEVICE/Target/usbd_conf.o
                0x000000000800acbe                USBD_LL_OpenEP
 .text.USBD_LL_CloseEP
                0x000000000800ad0a       0x3e ./USB_DEVICE/Target/usbd_conf.o
                0x000000000800ad0a                USBD_LL_CloseEP
 .text.USBD_LL_StallEP
                0x000000000800ad48       0x3e ./USB_DEVICE/Target/usbd_conf.o
                0x000000000800ad48                USBD_LL_StallEP
 .text.USBD_LL_ClearStallEP
                0x000000000800ad86       0x3e ./USB_DEVICE/Target/usbd_conf.o
                0x000000000800ad86                USBD_LL_ClearStallEP
 .text.USBD_LL_IsStallEP
                0x000000000800adc4       0x58 ./USB_DEVICE/Target/usbd_conf.o
                0x000000000800adc4                USBD_LL_IsStallEP
 .text.USBD_LL_SetUSBAddress
                0x000000000800ae1c       0x3e ./USB_DEVICE/Target/usbd_conf.o
                0x000000000800ae1c                USBD_LL_SetUSBAddress
 .text.USBD_LL_Transmit
                0x000000000800ae5a       0x46 ./USB_DEVICE/Target/usbd_conf.o
                0x000000000800ae5a                USBD_LL_Transmit
 .text.USBD_LL_PrepareReceive
                0x000000000800aea0       0x46 ./USB_DEVICE/Target/usbd_conf.o
                0x000000000800aea0                USBD_LL_PrepareReceive
 .text.USBD_LL_GetRxDataSize
                0x000000000800aee6       0x26 ./USB_DEVICE/Target/usbd_conf.o
                0x000000000800aee6                USBD_LL_GetRxDataSize
 .text.USBD_static_malloc
                0x000000000800af0c       0x18 ./USB_DEVICE/Target/usbd_conf.o
                0x000000000800af0c                USBD_static_malloc
 .text.USBD_static_free
                0x000000000800af24       0x12 ./USB_DEVICE/Target/usbd_conf.o
                0x000000000800af24                USBD_static_free
 .text.HAL_PCDEx_SetConnectionState
                0x000000000800af36       0x16 ./USB_DEVICE/Target/usbd_conf.o
                0x000000000800af36                HAL_PCDEx_SetConnectionState
 .text.USBD_Get_USB_Status
                0x000000000800af4c       0x58 ./USB_DEVICE/Target/usbd_conf.o
 .text.__libc_init_array
                0x000000000800afa4       0x48 c:/st/stm32cubeide_1.10.1/stm32cubeide/plugins/com.st.stm32cube.ide.mcu.externaltools.gnu-tools-for-stm32.10.3-2021.10.win32_1.0.0.202111181127/tools/bin/../lib/gcc/arm-none-eabi/10.3.1/../../../../arm-none-eabi/lib/thumb/v7-m/nofp\libc_nano.a(lib_a-init.o)
                0x000000000800afa4                __libc_init_array
 .text.memcpy   0x000000000800afec       0x1c c:/st/stm32cubeide_1.10.1/stm32cubeide/plugins/com.st.stm32cube.ide.mcu.externaltools.gnu-tools-for-stm32.10.3-2021.10.win32_1.0.0.202111181127/tools/bin/../lib/gcc/arm-none-eabi/10.3.1/../../../../arm-none-eabi/lib/thumb/v7-m/nofp\libc_nano.a(lib_a-memcpy-stub.o)
                0x000000000800afec                memcpy
 .text.memset   0x000000000800b008       0x10 c:/st/stm32cubeide_1.10.1/stm32cubeide/plugins/com.st.stm32cube.ide.mcu.externaltools.gnu-tools-for-stm32.10.3-2021.10.win32_1.0.0.202111181127/tools/bin/../lib/gcc/arm-none-eabi/10.3.1/../../../../arm-none-eabi/lib/thumb/v7-m/nofp\libc_nano.a(lib_a-memset.o)
                0x000000000800b008                memset
 *(.glue_7)
 .glue_7        0x000000000800b018        0x0 linker stubs
 *(.glue_7t)
 .glue_7t       0x000000000800b018        0x0 linker stubs
 *(.eh_frame)
 .eh_frame      0x000000000800b018        0x0 c:/st/stm32cubeide_1.10.1/stm32cubeide/plugins/com.st.stm32cube.ide.mcu.externaltools.gnu-tools-for-stm32.10.3-2021.10.win32_1.0.0.202111181127/tools/bin/../lib/gcc/arm-none-eabi/10.3.1/thumb/v7-m/nofp/crtbegin.o
 *(.init)
 .init          0x000000000800b018        0x4 c:/st/stm32cubeide_1.10.1/stm32cubeide/plugins/com.st.stm32cube.ide.mcu.externaltools.gnu-tools-for-stm32.10.3-2021.10.win32_1.0.0.202111181127/tools/bin/../lib/gcc/arm-none-eabi/10.3.1/thumb/v7-m/nofp/crti.o
                0x000000000800b018                _init
 .init          0x000000000800b01c        0x8 c:/st/stm32cubeide_1.10.1/stm32cubeide/plugins/com.st.stm32cube.ide.mcu.externaltools.gnu-tools-for-stm32.10.3-2021.10.win32_1.0.0.202111181127/tools/bin/../lib/gcc/arm-none-eabi/10.3.1/thumb/v7-m/nofp/crtn.o
 *(.fini)
 .fini          0x000000000800b024        0x4 c:/st/stm32cubeide_1.10.1/stm32cubeide/plugins/com.st.stm32cube.ide.mcu.externaltools.gnu-tools-for-stm32.10.3-2021.10.win32_1.0.0.202111181127/tools/bin/../lib/gcc/arm-none-eabi/10.3.1/thumb/v7-m/nofp/crti.o
                0x000000000800b024                _fini
 .fini          0x000000000800b028        0x8 c:/st/stm32cubeide_1.10.1/stm32cubeide/plugins/com.st.stm32cube.ide.mcu.externaltools.gnu-tools-for-stm32.10.3-2021.10.win32_1.0.0.202111181127/tools/bin/../lib/gcc/arm-none-eabi/10.3.1/thumb/v7-m/nofp/crtn.o
                0x000000000800b030                . = ALIGN (0x4)
                0x000000000800b030                _etext = .

.vfp11_veneer   0x000000000800b030        0x0
 .vfp11_veneer  0x000000000800b030        0x0 linker stubs

.v4_bx          0x000000000800b030        0x0
 .v4_bx         0x000000000800b030        0x0 linker stubs

.iplt           0x000000000800b030        0x0
 .iplt          0x000000000800b030        0x0 c:/st/stm32cubeide_1.10.1/stm32cubeide/plugins/com.st.stm32cube.ide.mcu.externaltools.gnu-tools-for-stm32.10.3-2021.10.win32_1.0.0.202111181127/tools/bin/../lib/gcc/arm-none-eabi/10.3.1/thumb/v7-m/nofp/crtbegin.o

.rodata         0x000000000800b030       0x70
                0x000000000800b030                . = ALIGN (0x4)
 *(.rodata)
 .rodata        0x000000000800b030       0x10 ./Drivers/STM32F1xx_HAL_Driver/Src/stm32f1xx_hal_rcc.o
 .rodata        0x000000000800b040       0x46 ./USB_DEVICE/App/usbd_desc.o
 *(.rodata*)
 *fill*         0x000000000800b086        0x2 
 .rodata.AHBPrescTable
                0x000000000800b088       0x10 ./Core/Src/system_stm32f1xx.o
                0x000000000800b088                AHBPrescTable
 .rodata.APBPrescTable
                0x000000000800b098        0x8 ./Core/Src/system_stm32f1xx.o
                0x000000000800b098                APBPrescTable
                0x000000000800b0a0                . = ALIGN (0x4)

.rel.dyn        0x000000000800b0a0        0x0
 .rel.iplt      0x000000000800b0a0        0x0 c:/st/stm32cubeide_1.10.1/stm32cubeide/plugins/com.st.stm32cube.ide.mcu.externaltools.gnu-tools-for-stm32.10.3-2021.10.win32_1.0.0.202111181127/tools/bin/../lib/gcc/arm-none-eabi/10.3.1/thumb/v7-m/nofp/crtbegin.o

.ARM.extab      0x000000000800b0a0        0x0
                0x000000000800b0a0                . = ALIGN (0x4)
 *(.ARM.extab* .gnu.linkonce.armextab.*)
                0x000000000800b0a0                . = ALIGN (0x4)

.ARM            0x000000000800b0a0        0x0
                0x000000000800b0a0                . = ALIGN (0x4)
                0x000000000800b0a0                __exidx_start = .
 *(.ARM.exidx*)
                0x000000000800b0a0                __exidx_end = .
                0x000000000800b0a0                . = ALIGN (0x4)

.preinit_array  0x000000000800b0a0        0x0
                0x000000000800b0a0                . = ALIGN (0x4)
                0x000000000800b0a0                PROVIDE (__preinit_array_start = .)
 *(.preinit_array*)
                0x000000000800b0a0                PROVIDE (__preinit_array_end = .)
                0x000000000800b0a0                . = ALIGN (0x4)

.init_array     0x000000000800b0a0        0x4
                0x000000000800b0a0                . = ALIGN (0x4)
                0x000000000800b0a0                PROVIDE (__init_array_start = .)
 *(SORT_BY_NAME(.init_array.*))
 *(.init_array*)
 .init_array    0x000000000800b0a0        0x4 c:/st/stm32cubeide_1.10.1/stm32cubeide/plugins/com.st.stm32cube.ide.mcu.externaltools.gnu-tools-for-stm32.10.3-2021.10.win32_1.0.0.202111181127/tools/bin/../lib/gcc/arm-none-eabi/10.3.1/thumb/v7-m/nofp/crtbegin.o
                0x000000000800b0a4                PROVIDE (__init_array_end = .)
                0x000000000800b0a4                . = ALIGN (0x4)

.fini_array     0x000000000800b0a4        0x4
                0x000000000800b0a4                . = ALIGN (0x4)
                [!provide]                        PROVIDE (__fini_array_start = .)
 *(SORT_BY_NAME(.fini_array.*))
 *(.fini_array*)
 .fini_array    0x000000000800b0a4        0x4 c:/st/stm32cubeide_1.10.1/stm32cubeide/plugins/com.st.stm32cube.ide.mcu.externaltools.gnu-tools-for-stm32.10.3-2021.10.win32_1.0.0.202111181127/tools/bin/../lib/gcc/arm-none-eabi/10.3.1/thumb/v7-m/nofp/crtbegin.o
                [!provide]                        PROVIDE (__fini_array_end = .)
                0x000000000800b0a8                . = ALIGN (0x4)
                0x000000000800b0a8                _sidata = LOADADDR (.data)

.data           0x0000000020000000      0x180 load address 0x000000000800b0a8
                0x0000000020000000                . = ALIGN (0x4)
                0x0000000020000000                _sdata = .
 *(.data)
 *(.data*)
 .data.errorFlag
                0x0000000020000000        0x1 ./Core/Src/main.o
                0x0000000020000000                errorFlag
 *fill*         0x0000000020000001        0x3 
 .data.SystemCoreClock
                0x0000000020000004        0x4 ./Core/Src/system_stm32f1xx.o
                0x0000000020000004                SystemCoreClock
 .data.uwTickPrio
                0x0000000020000008        0x4 ./Drivers/STM32F1xx_HAL_Driver/Src/stm32f1xx_hal.o
                0x0000000020000008                uwTickPrio
 .data.uwTickFreq
                0x000000002000000c        0x1 ./Drivers/STM32F1xx_HAL_Driver/Src/stm32f1xx_hal.o
                0x000000002000000c                uwTickFreq
 *fill*         0x000000002000000d        0x3 
 .data.USBD_CDC_DeviceQualifierDesc
                0x0000000020000010        0xa ./Middlewares/ST/STM32_USB_Device_Library/Class/CDC/Src/usbd_cdc.o
 *fill*         0x000000002000001a        0x2 
 .data.USBD_CDC
                0x000000002000001c       0x38 ./Middlewares/ST/STM32_USB_Device_Library/Class/CDC/Src/usbd_cdc.o
                0x000000002000001c                USBD_CDC
 .data.USBD_CDC_CfgHSDesc
                0x0000000020000054       0x43 ./Middlewares/ST/STM32_USB_Device_Library/Class/CDC/Src/usbd_cdc.o
                0x0000000020000054                USBD_CDC_CfgHSDesc
 *fill*         0x0000000020000097        0x1 
 .data.USBD_CDC_CfgFSDesc
                0x0000000020000098       0x43 ./Middlewares/ST/STM32_USB_Device_Library/Class/CDC/Src/usbd_cdc.o
                0x0000000020000098                USBD_CDC_CfgFSDesc
 *fill*         0x00000000200000db        0x1 
 .data.USBD_CDC_OtherSpeedCfgDesc
                0x00000000200000dc       0x43 ./Middlewares/ST/STM32_USB_Device_Library/Class/CDC/Src/usbd_cdc.o
                0x00000000200000dc                USBD_CDC_OtherSpeedCfgDesc
 *fill*         0x000000002000011f        0x1 
 .data.USBD_Interface_fops_FS
                0x0000000020000120       0x10 ./USB_DEVICE/App/usbd_cdc_if.o
                0x0000000020000120                USBD_Interface_fops_FS
 .data.FS_Desc  0x0000000020000130       0x1c ./USB_DEVICE/App/usbd_desc.o
                0x0000000020000130                FS_Desc
 .data.USBD_FS_DeviceDesc
                0x000000002000014c       0x12 ./USB_DEVICE/App/usbd_desc.o
                0x000000002000014c                USBD_FS_DeviceDesc
 *fill*         0x000000002000015e        0x2 
 .data.USBD_LangIDDesc
                0x0000000020000160        0x4 ./USB_DEVICE/App/usbd_desc.o
                0x0000000020000160                USBD_LangIDDesc
 .data.USBD_StringSerial
                0x0000000020000164       0x1a ./USB_DEVICE/App/usbd_desc.o
                0x0000000020000164                USBD_StringSerial
 *(.RamFunc)
 *(.RamFunc*)
                0x0000000020000180                . = ALIGN (0x4)
 *fill*         0x000000002000017e        0x2 
                0x0000000020000180                _edata = .

.igot.plt       0x0000000020000180        0x0 load address 0x000000000800b228
 .igot.plt      0x0000000020000180        0x0 c:/st/stm32cubeide_1.10.1/stm32cubeide/plugins/com.st.stm32cube.ide.mcu.externaltools.gnu-tools-for-stm32.10.3-2021.10.win32_1.0.0.202111181127/tools/bin/../lib/gcc/arm-none-eabi/10.3.1/thumb/v7-m/nofp/crtbegin.o
                0x0000000020000180                . = ALIGN (0x4)

.bss            0x0000000020000180     0x143c load address 0x000000000800b228
                0x0000000020000180                _sbss = .
                0x0000000020000180                __bss_start__ = _sbss
 *(.bss)
 .bss           0x0000000020000180       0x1c c:/st/stm32cubeide_1.10.1/stm32cubeide/plugins/com.st.stm32cube.ide.mcu.externaltools.gnu-tools-for-stm32.10.3-2021.10.win32_1.0.0.202111181127/tools/bin/../lib/gcc/arm-none-eabi/10.3.1/thumb/v7-m/nofp/crtbegin.o
 *(.bss*)
 .bss.htim2     0x000000002000019c       0x48 ./Core/Src/main.o
                0x000000002000019c                htim2
 .bss.htim3     0x00000000200001e4       0x48 ./Core/Src/main.o
                0x00000000200001e4                htim3
 .bss.huart2    0x000000002000022c       0x44 ./Core/Src/main.o
                0x000000002000022c                huart2
 .bss.buffer    0x0000000020000270       0x46 ./Core/Src/main.o
                0x0000000020000270                buffer
 .bss.USB_FLAG  0x00000000200002b6        0x1 ./Core/Src/main.o
                0x00000000200002b6                USB_FLAG
 .bss.EndReception
                0x00000000200002b7        0x1 ./Core/Src/main.o
                0x00000000200002b7                EndReception
 .bss.RXBuffer  0x00000000200002b8        0x1 ./Core/Src/main.o
                0x00000000200002b8                RXBuffer
 *fill*         0x00000000200002b9        0x3 
 .bss.RXBufferArray
                0x00000000200002bc        0xa ./Core/Src/main.o
                0x00000000200002bc                RXBufferArray
 .bss.readStatus
                0x00000000200002c6        0x1 ./Core/Src/main.o
                0x00000000200002c6                readStatus
 *fill*         0x00000000200002c7        0x1 
 .bss.i         0x00000000200002c8        0x4 ./Core/Src/main.o
                0x00000000200002c8                i
 .bss.transmitFlag
                0x00000000200002cc        0x4 ./Core/Src/main.o
                0x00000000200002cc                transmitFlag
 .bss.newTime   0x00000000200002d0        0x4 ./Core/Src/main.o
                0x00000000200002d0                newTime
 .bss.acquiredTime
                0x00000000200002d4        0x4 ./Core/Src/main.o
                0x00000000200002d4                acquiredTime
 .bss.dados     0x00000000200002d8       0x10 ./Core/Src/main.o
                0x00000000200002d8                dados
 .bss.counterPulso
                0x00000000200002e8       0x28 ./Core/Src/main.o
                0x00000000200002e8                counterPulso
 .bss.fimPulso  0x0000000020000310       0x28 ./Core/Src/main.o
                0x0000000020000310                fimPulso
 .bss.readFlag  0x0000000020000338        0x1 ./Core/Src/main.o
                0x0000000020000338                readFlag
 .bss.timeTotal
                0x0000000020000339        0x1 ./Core/Src/main.o
                0x0000000020000339                timeTotal
 *fill*         0x000000002000033a        0x2 
 .bss.pulseCounter
                0x000000002000033c        0x4 ./Core/Src/main.o
                0x000000002000033c                pulseCounter
 .bss.receive_message
                0x0000000020000340       0x1c ./Core/Src/main.o
                0x0000000020000340                receive_message
 .bss.infoDevice
                0x000000002000035c        0x8 ./Core/Src/main.o
                0x000000002000035c                infoDevice
 .bss.encoderPulso
                0x0000000020000364        0x4 ./Core/Src/main.o
                0x0000000020000364                encoderPulso
 .bss.timeEncoder
                0x0000000020000368        0x2 ./Core/Src/main.o
                0x0000000020000368                timeEncoder
 .bss.c_sum     0x000000002000036a        0x2 ./Core/Src/main.o
                0x000000002000036a                c_sum
 .bss.checksum  0x000000002000036c        0x1 ./Core/Src/main.o
                0x000000002000036c                checksum
 .bss.Total     0x000000002000036d        0x1 ./Core/Src/main.o
                0x000000002000036d                Total
 .bss.StateMachine
                0x000000002000036e        0x1 ./Core/Src/main.o
                0x000000002000036e                StateMachine
 .bss.uart_state
                0x000000002000036f        0x1 ./Core/Src/main.o
                0x000000002000036f                uart_state
 .bss.timerEnable
                0x0000000020000370        0x4 ./Core/Src/main.o
                0x0000000020000370                timerEnable
 .bss.currentTime
                0x0000000020000374       0x28 ./Core/Src/main.o
                0x0000000020000374                currentTime
 .bss.samples   0x000000002000039c        0x1 ./Core/Src/main.o
                0x000000002000039c                samples
 *fill*         0x000000002000039d        0x3 
 .bss.contador  0x00000000200003a0        0x4 ./Core/Src/main.o
                0x00000000200003a0                contador
 .bss.direction
                0x00000000200003a4        0x1 ./Core/Src/main.o
                0x00000000200003a4                direction
 .bss.deviceFlag
                0x00000000200003a5        0x1 ./Core/Src/main.o
                0x00000000200003a5                deviceFlag
 *fill*         0x00000000200003a6        0x2 
 .bss.FirstData.2
                0x00000000200003a8        0x4 ./Core/Src/main.o
 .bss.txBufferRead.1
                0x00000000200003ac       0x43 ./Core/Src/main.o
 .bss.stopEncoder.0
                0x00000000200003ef        0x1 ./Core/Src/main.o
 .bss.uwTick    0x00000000200003f0        0x4 ./Drivers/STM32F1xx_HAL_Driver/Src/stm32f1xx_hal.o
                0x00000000200003f0                uwTick
 *fill*         0x00000000200003f4        0x4 
 .bss.pFlash    0x00000000200003f8       0x20 ./Drivers/STM32F1xx_HAL_Driver/Src/stm32f1xx_hal_flash.o
                0x00000000200003f8                pFlash
 .bss.cfgidx.0  0x0000000020000418        0x1 ./Middlewares/ST/STM32_USB_Device_Library/Core/Src/usbd_ctlreq.o
 *fill*         0x0000000020000419        0x3 
 .bss.hUsbDeviceFS
                0x000000002000041c      0x2c4 ./USB_DEVICE/App/usb_device.o
                0x000000002000041c                hUsbDeviceFS
 .bss.UserRxBufferFS
                0x00000000200006e0      0x3e8 ./USB_DEVICE/App/usbd_cdc_if.o
                0x00000000200006e0                UserRxBufferFS
 .bss.UserTxBufferFS
                0x0000000020000ac8      0x3e8 ./USB_DEVICE/App/usbd_cdc_if.o
                0x0000000020000ac8                UserTxBufferFS
 .bss.USBD_StrDesc
                0x0000000020000eb0      0x200 ./USB_DEVICE/App/usbd_desc.o
                0x0000000020000eb0                USBD_StrDesc
 .bss.hpcd_USB_FS
                0x00000000200010b0      0x2ec ./USB_DEVICE/Target/usbd_conf.o
                0x00000000200010b0                hpcd_USB_FS
 .bss.mem.0     0x000000002000139c      0x220 ./USB_DEVICE/Target/usbd_conf.o
 *(COMMON)
                0x00000000200015bc                . = ALIGN (0x4)
                0x00000000200015bc                _ebss = .
                0x00000000200015bc                __bss_end__ = _ebss

._user_heap_stack
                0x00000000200015bc      0x604 load address 0x000000000800b228
                0x00000000200015c0                . = ALIGN (0x8)
 *fill*         0x00000000200015bc        0x4 
                [!provide]                        PROVIDE (end = .)
                0x00000000200015c0                PROVIDE (_end = .)
                0x00000000200017c0                . = (. + _Min_Heap_Size)
 *fill*         0x00000000200015c0      0x200 
                0x0000000020001bc0                . = (. + _Min_Stack_Size)
 *fill*         0x00000000200017c0      0x400 
                0x0000000020001bc0                . = ALIGN (0x8)

/DISCARD/
 libc.a(*)
 libm.a(*)
 libgcc.a(*)

.ARM.attributes
                0x0000000000000000       0x29
 *(.ARM.attributes)
 .ARM.attributes
                0x0000000000000000       0x1d c:/st/stm32cubeide_1.10.1/stm32cubeide/plugins/com.st.stm32cube.ide.mcu.externaltools.gnu-tools-for-stm32.10.3-2021.10.win32_1.0.0.202111181127/tools/bin/../lib/gcc/arm-none-eabi/10.3.1/thumb/v7-m/nofp/crti.o
 .ARM.attributes
                0x000000000000001d       0x2d c:/st/stm32cubeide_1.10.1/stm32cubeide/plugins/com.st.stm32cube.ide.mcu.externaltools.gnu-tools-for-stm32.10.3-2021.10.win32_1.0.0.202111181127/tools/bin/../lib/gcc/arm-none-eabi/10.3.1/thumb/v7-m/nofp/crtbegin.o
 .ARM.attributes
                0x000000000000004a       0x2d ./Core/Src/flash_v1.0.o
 .ARM.attributes
                0x0000000000000077       0x2d ./Core/Src/main.o
 .ARM.attributes
                0x00000000000000a4       0x2d ./Core/Src/stm32f1xx_hal_msp.o
 .ARM.attributes
                0x00000000000000d1       0x2d ./Core/Src/stm32f1xx_it.o
 .ARM.attributes
                0x00000000000000fe       0x2d ./Core/Src/system_stm32f1xx.o
 .ARM.attributes
                0x000000000000012b       0x21 ./Core/Startup/startup_stm32f103c8tx.o
 .ARM.attributes
                0x000000000000014c       0x2d ./Drivers/STM32F1xx_HAL_Driver/Src/stm32f1xx_hal.o
 .ARM.attributes
                0x0000000000000179       0x2d ./Drivers/STM32F1xx_HAL_Driver/Src/stm32f1xx_hal_cortex.o
 .ARM.attributes
                0x00000000000001a6       0x2d ./Drivers/STM32F1xx_HAL_Driver/Src/stm32f1xx_hal_dma.o
 .ARM.attributes
                0x00000000000001d3       0x2d ./Drivers/STM32F1xx_HAL_Driver/Src/stm32f1xx_hal_flash.o
 .ARM.attributes
                0x0000000000000200       0x2d ./Drivers/STM32F1xx_HAL_Driver/Src/stm32f1xx_hal_flash_ex.o
 .ARM.attributes
                0x000000000000022d       0x2d ./Drivers/STM32F1xx_HAL_Driver/Src/stm32f1xx_hal_gpio.o
 .ARM.attributes
                0x000000000000025a       0x2d ./Drivers/STM32F1xx_HAL_Driver/Src/stm32f1xx_hal_pcd.o
 .ARM.attributes
                0x0000000000000287       0x2d ./Drivers/STM32F1xx_HAL_Driver/Src/stm32f1xx_hal_pcd_ex.o
 .ARM.attributes
                0x00000000000002b4       0x2d ./Drivers/STM32F1xx_HAL_Driver/Src/stm32f1xx_hal_rcc.o
 .ARM.attributes
                0x00000000000002e1       0x2d ./Drivers/STM32F1xx_HAL_Driver/Src/stm32f1xx_hal_rcc_ex.o
 .ARM.attributes
                0x000000000000030e       0x2d ./Drivers/STM32F1xx_HAL_Driver/Src/stm32f1xx_hal_tim.o
 .ARM.attributes
                0x000000000000033b       0x2d ./Drivers/STM32F1xx_HAL_Driver/Src/stm32f1xx_hal_tim_ex.o
 .ARM.attributes
                0x0000000000000368       0x2d ./Drivers/STM32F1xx_HAL_Driver/Src/stm32f1xx_hal_uart.o
 .ARM.attributes
                0x0000000000000395       0x2d ./Drivers/STM32F1xx_HAL_Driver/Src/stm32f1xx_ll_usb.o
 .ARM.attributes
                0x00000000000003c2       0x2d ./Middlewares/ST/STM32_USB_Device_Library/Class/CDC/Src/usbd_cdc.o
 .ARM.attributes
                0x00000000000003ef       0x2d ./Middlewares/ST/STM32_USB_Device_Library/Core/Src/usbd_core.o
 .ARM.attributes
                0x000000000000041c       0x2d ./Middlewares/ST/STM32_USB_Device_Library/Core/Src/usbd_ctlreq.o
 .ARM.attributes
                0x0000000000000449       0x2d ./Middlewares/ST/STM32_USB_Device_Library/Core/Src/usbd_ioreq.o
 .ARM.attributes
                0x0000000000000476       0x2d ./USB_DEVICE/App/usb_device.o
 .ARM.attributes
                0x00000000000004a3       0x2d ./USB_DEVICE/App/usbd_cdc_if.o
 .ARM.attributes
                0x00000000000004d0       0x2d ./USB_DEVICE/App/usbd_desc.o
 .ARM.attributes
                0x00000000000004fd       0x2d ./USB_DEVICE/Target/usbd_conf.o
 .ARM.attributes
                0x000000000000052a       0x2d c:/st/stm32cubeide_1.10.1/stm32cubeide/plugins/com.st.stm32cube.ide.mcu.externaltools.gnu-tools-for-stm32.10.3-2021.10.win32_1.0.0.202111181127/tools/bin/../lib/gcc/arm-none-eabi/10.3.1/../../../../arm-none-eabi/lib/thumb/v7-m/nofp\libc_nano.a(lib_a-init.o)
 .ARM.attributes
                0x0000000000000557       0x2d c:/st/stm32cubeide_1.10.1/stm32cubeide/plugins/com.st.stm32cube.ide.mcu.externaltools.gnu-tools-for-stm32.10.3-2021.10.win32_1.0.0.202111181127/tools/bin/../lib/gcc/arm-none-eabi/10.3.1/../../../../arm-none-eabi/lib/thumb/v7-m/nofp\libc_nano.a(lib_a-memcpy-stub.o)
 .ARM.attributes
                0x0000000000000584       0x2d c:/st/stm32cubeide_1.10.1/stm32cubeide/plugins/com.st.stm32cube.ide.mcu.externaltools.gnu-tools-for-stm32.10.3-2021.10.win32_1.0.0.202111181127/tools/bin/../lib/gcc/arm-none-eabi/10.3.1/../../../../arm-none-eabi/lib/thumb/v7-m/nofp\libc_nano.a(lib_a-memset.o)
 .ARM.attributes
                0x00000000000005b1       0x1d c:/st/stm32cubeide_1.10.1/stm32cubeide/plugins/com.st.stm32cube.ide.mcu.externaltools.gnu-tools-for-stm32.10.3-2021.10.win32_1.0.0.202111181127/tools/bin/../lib/gcc/arm-none-eabi/10.3.1/thumb/v7-m/nofp/crtn.o
OUTPUT(Encoder.elf elf32-littlearm)
LOAD linker stubs
LOAD c:/st/stm32cubeide_1.10.1/stm32cubeide/plugins/com.st.stm32cube.ide.mcu.externaltools.gnu-tools-for-stm32.10.3-2021.10.win32_1.0.0.202111181127/tools/bin/../lib/gcc/arm-none-eabi/10.3.1/../../../../arm-none-eabi/lib/thumb/v7-m/nofp\libc.a
LOAD c:/st/stm32cubeide_1.10.1/stm32cubeide/plugins/com.st.stm32cube.ide.mcu.externaltools.gnu-tools-for-stm32.10.3-2021.10.win32_1.0.0.202111181127/tools/bin/../lib/gcc/arm-none-eabi/10.3.1/../../../../arm-none-eabi/lib/thumb/v7-m/nofp\libm.a
LOAD c:/st/stm32cubeide_1.10.1/stm32cubeide/plugins/com.st.stm32cube.ide.mcu.externaltools.gnu-tools-for-stm32.10.3-2021.10.win32_1.0.0.202111181127/tools/bin/../lib/gcc/arm-none-eabi/10.3.1/thumb/v7-m/nofp\libgcc.a

.debug_info     0x0000000000000000    0x15e1a
 .debug_info    0x0000000000000000      0x46b ./Core/Src/flash_v1.0.o
 .debug_info    0x000000000000046b     0x1c39 ./Core/Src/main.o
 .debug_info    0x00000000000020a4      0xe13 ./Core/Src/stm32f1xx_hal_msp.o
 .debug_info    0x0000000000002eb7      0xe8a ./Core/Src/stm32f1xx_it.o
 .debug_info    0x0000000000003d41      0x23d ./Core/Src/system_stm32f1xx.o
 .debug_info    0x0000000000003f7e       0x22 ./Core/Startup/startup_stm32f103c8tx.o
 .debug_info    0x0000000000003fa0      0x734 ./Drivers/STM32F1xx_HAL_Driver/Src/stm32f1xx_hal.o
 .debug_info    0x00000000000046d4      0xb20 ./Drivers/STM32F1xx_HAL_Driver/Src/stm32f1xx_hal_cortex.o
 .debug_info    0x00000000000051f4      0x73f ./Drivers/STM32F1xx_HAL_Driver/Src/stm32f1xx_hal_dma.o
 .debug_info    0x0000000000005933      0x547 ./Drivers/STM32F1xx_HAL_Driver/Src/stm32f1xx_hal_flash.o
 .debug_info    0x0000000000005e7a      0x7e5 ./Drivers/STM32F1xx_HAL_Driver/Src/stm32f1xx_hal_flash_ex.o
 .debug_info    0x000000000000665f      0x615 ./Drivers/STM32F1xx_HAL_Driver/Src/stm32f1xx_hal_gpio.o
 .debug_info    0x0000000000006c74     0x16ab ./Drivers/STM32F1xx_HAL_Driver/Src/stm32f1xx_hal_pcd.o
 .debug_info    0x000000000000831f      0x728 ./Drivers/STM32F1xx_HAL_Driver/Src/stm32f1xx_hal_pcd_ex.o
 .debug_info    0x0000000000008a47      0x860 ./Drivers/STM32F1xx_HAL_Driver/Src/stm32f1xx_hal_rcc.o
 .debug_info    0x00000000000092a7      0x3e0 ./Drivers/STM32F1xx_HAL_Driver/Src/stm32f1xx_hal_rcc_ex.o
 .debug_info    0x0000000000009687     0x29de ./Drivers/STM32F1xx_HAL_Driver/Src/stm32f1xx_hal_tim.o
 .debug_info    0x000000000000c065     0x1513 ./Drivers/STM32F1xx_HAL_Driver/Src/stm32f1xx_hal_tim_ex.o
 .debug_info    0x000000000000d578     0x15d8 ./Drivers/STM32F1xx_HAL_Driver/Src/stm32f1xx_hal_uart.o
 .debug_info    0x000000000000eb50     0x190d ./Drivers/STM32F1xx_HAL_Driver/Src/stm32f1xx_ll_usb.o
 .debug_info    0x000000000001045d     0x10f1 ./Middlewares/ST/STM32_USB_Device_Library/Class/CDC/Src/usbd_cdc.o
 .debug_info    0x000000000001154e      0xb02 ./Middlewares/ST/STM32_USB_Device_Library/Core/Src/usbd_core.o
 .debug_info    0x0000000000012050      0x9b6 ./Middlewares/ST/STM32_USB_Device_Library/Core/Src/usbd_ctlreq.o
 .debug_info    0x0000000000012a06      0x715 ./Middlewares/ST/STM32_USB_Device_Library/Core/Src/usbd_ioreq.o
 .debug_info    0x000000000001311b      0x679 ./USB_DEVICE/App/usb_device.o
 .debug_info    0x0000000000013794      0x8cd ./USB_DEVICE/App/usbd_cdc_if.o
 .debug_info    0x0000000000014061      0x484 ./USB_DEVICE/App/usbd_desc.o
 .debug_info    0x00000000000144e5     0x1935 ./USB_DEVICE/Target/usbd_conf.o

.debug_abbrev   0x0000000000000000     0x3a9f
 .debug_abbrev  0x0000000000000000      0x175 ./Core/Src/flash_v1.0.o
 .debug_abbrev  0x0000000000000175      0x3e9 ./Core/Src/main.o
 .debug_abbrev  0x000000000000055e      0x1c5 ./Core/Src/stm32f1xx_hal_msp.o
 .debug_abbrev  0x0000000000000723      0x1e4 ./Core/Src/stm32f1xx_it.o
 .debug_abbrev  0x0000000000000907      0x13b ./Core/Src/system_stm32f1xx.o
 .debug_abbrev  0x0000000000000a42       0x12 ./Core/Startup/startup_stm32f103c8tx.o
 .debug_abbrev  0x0000000000000a54      0x1fb ./Drivers/STM32F1xx_HAL_Driver/Src/stm32f1xx_hal.o
 .debug_abbrev  0x0000000000000c4f      0x2ed ./Drivers/STM32F1xx_HAL_Driver/Src/stm32f1xx_hal_cortex.o
 .debug_abbrev  0x0000000000000f3c      0x1fe ./Drivers/STM32F1xx_HAL_Driver/Src/stm32f1xx_hal_dma.o
 .debug_abbrev  0x000000000000113a      0x243 ./Drivers/STM32F1xx_HAL_Driver/Src/stm32f1xx_hal_flash.o
 .debug_abbrev  0x000000000000137d      0x23b ./Drivers/STM32F1xx_HAL_Driver/Src/stm32f1xx_hal_flash_ex.o
 .debug_abbrev  0x00000000000015b8      0x1bb ./Drivers/STM32F1xx_HAL_Driver/Src/stm32f1xx_hal_gpio.o
 .debug_abbrev  0x0000000000001773      0x2b9 ./Drivers/STM32F1xx_HAL_Driver/Src/stm32f1xx_hal_pcd.o
 .debug_abbrev  0x0000000000001a2c      0x17f ./Drivers/STM32F1xx_HAL_Driver/Src/stm32f1xx_hal_pcd_ex.o
 .debug_abbrev  0x0000000000001bab      0x2a8 ./Drivers/STM32F1xx_HAL_Driver/Src/stm32f1xx_hal_rcc.o
 .debug_abbrev  0x0000000000001e53      0x182 ./Drivers/STM32F1xx_HAL_Driver/Src/stm32f1xx_hal_rcc_ex.o
 .debug_abbrev  0x0000000000001fd5      0x25d ./Drivers/STM32F1xx_HAL_Driver/Src/stm32f1xx_hal_tim.o
 .debug_abbrev  0x0000000000002232      0x265 ./Drivers/STM32F1xx_HAL_Driver/Src/stm32f1xx_hal_tim_ex.o
 .debug_abbrev  0x0000000000002497      0x278 ./Drivers/STM32F1xx_HAL_Driver/Src/stm32f1xx_hal_uart.o
 .debug_abbrev  0x000000000000270f      0x1cd ./Drivers/STM32F1xx_HAL_Driver/Src/stm32f1xx_ll_usb.o
 .debug_abbrev  0x00000000000028dc      0x2c0 ./Middlewares/ST/STM32_USB_Device_Library/Class/CDC/Src/usbd_cdc.o
 .debug_abbrev  0x0000000000002b9c      0x236 ./Middlewares/ST/STM32_USB_Device_Library/Core/Src/usbd_core.o
 .debug_abbrev  0x0000000000002dd2      0x257 ./Middlewares/ST/STM32_USB_Device_Library/Core/Src/usbd_ctlreq.o
 .debug_abbrev  0x0000000000003029      0x183 ./Middlewares/ST/STM32_USB_Device_Library/Core/Src/usbd_ioreq.o
 .debug_abbrev  0x00000000000031ac      0x183 ./USB_DEVICE/App/usb_device.o
 .debug_abbrev  0x000000000000332f      0x271 ./USB_DEVICE/App/usbd_cdc_if.o
 .debug_abbrev  0x00000000000035a0      0x1fa ./USB_DEVICE/App/usbd_desc.o
 .debug_abbrev  0x000000000000379a      0x305 ./USB_DEVICE/Target/usbd_conf.o

.debug_aranges  0x0000000000000000     0x1470
 .debug_aranges
                0x0000000000000000       0x50 ./Core/Src/flash_v1.0.o
 .debug_aranges
                0x0000000000000050       0xd0 ./Core/Src/main.o
 .debug_aranges
                0x0000000000000120       0x50 ./Core/Src/stm32f1xx_hal_msp.o
 .debug_aranges
                0x0000000000000170       0x88 ./Core/Src/stm32f1xx_it.o
 .debug_aranges
                0x00000000000001f8       0x28 ./Core/Src/system_stm32f1xx.o
 .debug_aranges
                0x0000000000000220       0x28 ./Core/Startup/startup_stm32f103c8tx.o
 .debug_aranges
                0x0000000000000248       0xe0 ./Drivers/STM32F1xx_HAL_Driver/Src/stm32f1xx_hal.o
 .debug_aranges
                0x0000000000000328      0x100 ./Drivers/STM32F1xx_HAL_Driver/Src/stm32f1xx_hal_cortex.o
 .debug_aranges
                0x0000000000000428       0x80 ./Drivers/STM32F1xx_HAL_Driver/Src/stm32f1xx_hal_dma.o
 .debug_aranges
                0x00000000000004a8       0x88 ./Drivers/STM32F1xx_HAL_Driver/Src/stm32f1xx_hal_flash.o
 .debug_aranges
                0x0000000000000530       0x98 ./Drivers/STM32F1xx_HAL_Driver/Src/stm32f1xx_hal_flash_ex.o
 .debug_aranges
                0x00000000000005c8       0x58 ./Drivers/STM32F1xx_HAL_Driver/Src/stm32f1xx_hal_gpio.o
 .debug_aranges
                0x0000000000000620      0x138 ./Drivers/STM32F1xx_HAL_Driver/Src/stm32f1xx_hal_pcd.o
 .debug_aranges
                0x0000000000000758       0x38 ./Drivers/STM32F1xx_HAL_Driver/Src/stm32f1xx_hal_pcd_ex.o
 .debug_aranges
                0x0000000000000790       0x90 ./Drivers/STM32F1xx_HAL_Driver/Src/stm32f1xx_hal_rcc.o
 .debug_aranges
                0x0000000000000820       0x30 ./Drivers/STM32F1xx_HAL_Driver/Src/stm32f1xx_hal_rcc_ex.o
 .debug_aranges
                0x0000000000000850      0x3d0 ./Drivers/STM32F1xx_HAL_Driver/Src/stm32f1xx_hal_tim.o
 .debug_aranges
                0x0000000000000c20      0x168 ./Drivers/STM32F1xx_HAL_Driver/Src/stm32f1xx_hal_tim_ex.o
 .debug_aranges
                0x0000000000000d88      0x200 ./Drivers/STM32F1xx_HAL_Driver/Src/stm32f1xx_hal_uart.o
 .debug_aranges
                0x0000000000000f88       0xf0 ./Drivers/STM32F1xx_HAL_Driver/Src/stm32f1xx_ll_usb.o
 .debug_aranges
                0x0000000000001078       0x90 ./Middlewares/ST/STM32_USB_Device_Library/Class/CDC/Src/usbd_cdc.o
 .debug_aranges
                0x0000000000001108       0xb8 ./Middlewares/ST/STM32_USB_Device_Library/Core/Src/usbd_core.o
 .debug_aranges
                0x00000000000011c0       0x88 ./Middlewares/ST/STM32_USB_Device_Library/Core/Src/usbd_ctlreq.o
 .debug_aranges
                0x0000000000001248       0x50 ./Middlewares/ST/STM32_USB_Device_Library/Core/Src/usbd_ioreq.o
 .debug_aranges
                0x0000000000001298       0x20 ./USB_DEVICE/App/usb_device.o
 .debug_aranges
                0x00000000000012b8       0x40 ./USB_DEVICE/App/usbd_cdc_if.o
 .debug_aranges
                0x00000000000012f8       0x60 ./USB_DEVICE/App/usbd_desc.o
 .debug_aranges
                0x0000000000001358      0x118 ./USB_DEVICE/Target/usbd_conf.o

.debug_ranges   0x0000000000000000     0x12e8
 .debug_ranges  0x0000000000000000       0x40 ./Core/Src/flash_v1.0.o
 .debug_ranges  0x0000000000000040       0xc0 ./Core/Src/main.o
 .debug_ranges  0x0000000000000100       0x40 ./Core/Src/stm32f1xx_hal_msp.o
 .debug_ranges  0x0000000000000140       0x78 ./Core/Src/stm32f1xx_it.o
 .debug_ranges  0x00000000000001b8       0x18 ./Core/Src/system_stm32f1xx.o
 .debug_ranges  0x00000000000001d0       0x20 ./Core/Startup/startup_stm32f103c8tx.o
 .debug_ranges  0x00000000000001f0       0xd0 ./Drivers/STM32F1xx_HAL_Driver/Src/stm32f1xx_hal.o
 .debug_ranges  0x00000000000002c0       0xf0 ./Drivers/STM32F1xx_HAL_Driver/Src/stm32f1xx_hal_cortex.o
 .debug_ranges  0x00000000000003b0       0x70 ./Drivers/STM32F1xx_HAL_Driver/Src/stm32f1xx_hal_dma.o
 .debug_ranges  0x0000000000000420       0x78 ./Drivers/STM32F1xx_HAL_Driver/Src/stm32f1xx_hal_flash.o
 .debug_ranges  0x0000000000000498       0x88 ./Drivers/STM32F1xx_HAL_Driver/Src/stm32f1xx_hal_flash_ex.o
 .debug_ranges  0x0000000000000520       0x48 ./Drivers/STM32F1xx_HAL_Driver/Src/stm32f1xx_hal_gpio.o
 .debug_ranges  0x0000000000000568      0x128 ./Drivers/STM32F1xx_HAL_Driver/Src/stm32f1xx_hal_pcd.o
 .debug_ranges  0x0000000000000690       0x28 ./Drivers/STM32F1xx_HAL_Driver/Src/stm32f1xx_hal_pcd_ex.o
 .debug_ranges  0x00000000000006b8       0x80 ./Drivers/STM32F1xx_HAL_Driver/Src/stm32f1xx_hal_rcc.o
 .debug_ranges  0x0000000000000738       0x20 ./Drivers/STM32F1xx_HAL_Driver/Src/stm32f1xx_hal_rcc_ex.o
 .debug_ranges  0x0000000000000758      0x3c0 ./Drivers/STM32F1xx_HAL_Driver/Src/stm32f1xx_hal_tim.o
 .debug_ranges  0x0000000000000b18      0x158 ./Drivers/STM32F1xx_HAL_Driver/Src/stm32f1xx_hal_tim_ex.o
 .debug_ranges  0x0000000000000c70      0x220 ./Drivers/STM32F1xx_HAL_Driver/Src/stm32f1xx_hal_uart.o
 .debug_ranges  0x0000000000000e90       0xe0 ./Drivers/STM32F1xx_HAL_Driver/Src/stm32f1xx_ll_usb.o
 .debug_ranges  0x0000000000000f70       0x80 ./Middlewares/ST/STM32_USB_Device_Library/Class/CDC/Src/usbd_cdc.o
 .debug_ranges  0x0000000000000ff0       0xa8 ./Middlewares/ST/STM32_USB_Device_Library/Core/Src/usbd_core.o
 .debug_ranges  0x0000000000001098       0x78 ./Middlewares/ST/STM32_USB_Device_Library/Core/Src/usbd_ctlreq.o
 .debug_ranges  0x0000000000001110       0x40 ./Middlewares/ST/STM32_USB_Device_Library/Core/Src/usbd_ioreq.o
 .debug_ranges  0x0000000000001150       0x10 ./USB_DEVICE/App/usb_device.o
 .debug_ranges  0x0000000000001160       0x30 ./USB_DEVICE/App/usbd_cdc_if.o
 .debug_ranges  0x0000000000001190       0x50 ./USB_DEVICE/App/usbd_desc.o
 .debug_ranges  0x00000000000011e0      0x108 ./USB_DEVICE/Target/usbd_conf.o

.debug_macro    0x0000000000000000    0x1b376
 .debug_macro   0x0000000000000000      0x299 ./Core/Src/flash_v1.0.o
 .debug_macro   0x0000000000000299      0xa6c ./Core/Src/flash_v1.0.o
 .debug_macro   0x0000000000000d05       0x22 ./Core/Src/flash_v1.0.o
 .debug_macro   0x0000000000000d27       0x8e ./Core/Src/flash_v1.0.o
 .debug_macro   0x0000000000000db5       0x51 ./Core/Src/flash_v1.0.o
 .debug_macro   0x0000000000000e06      0x103 ./Core/Src/flash_v1.0.o
 .debug_macro   0x0000000000000f09       0x6a ./Core/Src/flash_v1.0.o
 .debug_macro   0x0000000000000f73      0x1df ./Core/Src/flash_v1.0.o
 .debug_macro   0x0000000000001152       0x52 ./Core/Src/flash_v1.0.o
 .debug_macro   0x00000000000011a4       0x18 ./Core/Src/flash_v1.0.o
 .debug_macro   0x00000000000011bc       0x3c ./Core/Src/flash_v1.0.o
 .debug_macro   0x00000000000011f8       0x34 ./Core/Src/flash_v1.0.o
 .debug_macro   0x000000000000122c      0x174 ./Core/Src/flash_v1.0.o
 .debug_macro   0x00000000000013a0       0x16 ./Core/Src/flash_v1.0.o
 .debug_macro   0x00000000000013b6       0x43 ./Core/Src/flash_v1.0.o
 .debug_macro   0x00000000000013f9       0x34 ./Core/Src/flash_v1.0.o
 .debug_macro   0x000000000000142d       0x10 ./Core/Src/flash_v1.0.o
 .debug_macro   0x000000000000143d       0x58 ./Core/Src/flash_v1.0.o
 .debug_macro   0x0000000000001495       0x71 ./Core/Src/flash_v1.0.o
 .debug_macro   0x0000000000001506       0x1c ./Core/Src/flash_v1.0.o
 .debug_macro   0x0000000000001522      0x12a ./Core/Src/flash_v1.0.o
 .debug_macro   0x000000000000164c      0x341 ./Core/Src/flash_v1.0.o
 .debug_macro   0x000000000000198d       0x10 ./Core/Src/flash_v1.0.o
 .debug_macro   0x000000000000199d       0x35 ./Core/Src/flash_v1.0.o
 .debug_macro   0x00000000000019d2       0x20 ./Core/Src/flash_v1.0.o
 .debug_macro   0x00000000000019f2      0x221 ./Core/Src/flash_v1.0.o
 .debug_macro   0x0000000000001c13       0x2e ./Core/Src/flash_v1.0.o
 .debug_macro   0x0000000000001c41       0x22 ./Core/Src/flash_v1.0.o
 .debug_macro   0x0000000000001c63       0x1c ./Core/Src/flash_v1.0.o
 .debug_macro   0x0000000000001c7f       0x22 ./Core/Src/flash_v1.0.o
 .debug_macro   0x0000000000001ca1       0xbd ./Core/Src/flash_v1.0.o
 .debug_macro   0x0000000000001d5e      0xd23 ./Core/Src/flash_v1.0.o
 .debug_macro   0x0000000000002a81     0xe09e ./Core/Src/flash_v1.0.o
 .debug_macro   0x0000000000010b1f       0x6d ./Core/Src/flash_v1.0.o
 .debug_macro   0x0000000000010b8c     0x3468 ./Core/Src/flash_v1.0.o
 .debug_macro   0x0000000000013ff4       0x56 ./Core/Src/flash_v1.0.o
 .debug_macro   0x000000000001404a      0x5be ./Core/Src/flash_v1.0.o
 .debug_macro   0x0000000000014608      0x289 ./Core/Src/flash_v1.0.o
 .debug_macro   0x0000000000014891      0x1cb ./Core/Src/flash_v1.0.o
 .debug_macro   0x0000000000014a5c      0x114 ./Core/Src/flash_v1.0.o
 .debug_macro   0x0000000000014b70      0x1b2 ./Core/Src/flash_v1.0.o
 .debug_macro   0x0000000000014d22       0x27 ./Core/Src/flash_v1.0.o
 .debug_macro   0x0000000000014d49      0x136 ./Core/Src/flash_v1.0.o
 .debug_macro   0x0000000000014e7f      0x1bc ./Core/Src/flash_v1.0.o
 .debug_macro   0x000000000001503b       0x34 ./Core/Src/flash_v1.0.o
 .debug_macro   0x000000000001506f       0x3c ./Core/Src/flash_v1.0.o
 .debug_macro   0x00000000000150ab       0x57 ./Core/Src/flash_v1.0.o
 .debug_macro   0x0000000000015102       0x88 ./Core/Src/flash_v1.0.o
 .debug_macro   0x000000000001518a      0x241 ./Core/Src/flash_v1.0.o
 .debug_macro   0x00000000000153cb      0x141 ./Core/Src/flash_v1.0.o
 .debug_macro   0x000000000001550c      0x8d1 ./Core/Src/flash_v1.0.o
 .debug_macro   0x0000000000015ddd      0x279 ./Core/Src/flash_v1.0.o
 .debug_macro   0x0000000000016056       0x65 ./Core/Src/flash_v1.0.o
 .debug_macro   0x00000000000160bb      0x249 ./Core/Src/flash_v1.0.o
 .debug_macro   0x0000000000016304       0x83 ./Core/Src/flash_v1.0.o
 .debug_macro   0x0000000000016387      0x415 ./Core/Src/main.o
 .debug_macro   0x000000000001679c       0x5c ./Core/Src/main.o
 .debug_macro   0x00000000000167f8      0x124 ./Core/Src/main.o
 .debug_macro   0x000000000001691c       0x16 ./Core/Src/main.o
 .debug_macro   0x0000000000016932       0x10 ./Core/Src/main.o
 .debug_macro   0x0000000000016942       0x10 ./Core/Src/main.o
 .debug_macro   0x0000000000016952       0x1c ./Core/Src/main.o
 .debug_macro   0x000000000001696e       0x52 ./Core/Src/main.o
 .debug_macro   0x00000000000169c0       0x22 ./Core/Src/main.o
 .debug_macro   0x00000000000169e2       0x10 ./Core/Src/main.o
 .debug_macro   0x00000000000169f2       0x52 ./Core/Src/main.o
 .debug_macro   0x0000000000016a44       0xd5 ./Core/Src/main.o
 .debug_macro   0x0000000000016b19       0x1c ./Core/Src/main.o
 .debug_macro   0x0000000000016b35       0x3d ./Core/Src/main.o
 .debug_macro   0x0000000000016b72       0x16 ./Core/Src/main.o
 .debug_macro   0x0000000000016b88      0x145 ./Core/Src/main.o
 .debug_macro   0x0000000000016ccd       0x16 ./Core/Src/main.o
 .debug_macro   0x0000000000016ce3       0x16 ./Core/Src/main.o
 .debug_macro   0x0000000000016cf9       0x29 ./Core/Src/main.o
 .debug_macro   0x0000000000016d22       0x16 ./Core/Src/main.o
 .debug_macro   0x0000000000016d38       0x5f ./Core/Src/main.o
 .debug_macro   0x0000000000016d97      0x1c8 ./Core/Src/main.o
 .debug_macro   0x0000000000016f5f       0x8f ./Core/Src/main.o
 .debug_macro   0x0000000000016fee       0x10 ./Core/Src/main.o
 .debug_macro   0x0000000000016ffe      0x1d6 ./Core/Src/stm32f1xx_hal_msp.o
 .debug_macro   0x00000000000171d4      0x1e0 ./Core/Src/stm32f1xx_it.o
 .debug_macro   0x00000000000173b4      0x1c7 ./Core/Src/system_stm32f1xx.o
 .debug_macro   0x000000000001757b      0x1eb ./Drivers/STM32F1xx_HAL_Driver/Src/stm32f1xx_hal.o
 .debug_macro   0x0000000000017766      0x1c7 ./Drivers/STM32F1xx_HAL_Driver/Src/stm32f1xx_hal_cortex.o
 .debug_macro   0x000000000001792d      0x1c7 ./Drivers/STM32F1xx_HAL_Driver/Src/stm32f1xx_hal_dma.o
 .debug_macro   0x0000000000017af4      0x1c7 ./Drivers/STM32F1xx_HAL_Driver/Src/stm32f1xx_hal_flash.o
 .debug_macro   0x0000000000017cbb      0x1d9 ./Drivers/STM32F1xx_HAL_Driver/Src/stm32f1xx_hal_flash_ex.o
 .debug_macro   0x0000000000017e94      0x232 ./Drivers/STM32F1xx_HAL_Driver/Src/stm32f1xx_hal_gpio.o
 .debug_macro   0x00000000000180c6      0x1d3 ./Drivers/STM32F1xx_HAL_Driver/Src/stm32f1xx_hal_pcd.o
 .debug_macro   0x0000000000018299      0x1c7 ./Drivers/STM32F1xx_HAL_Driver/Src/stm32f1xx_hal_pcd_ex.o
 .debug_macro   0x0000000000018460      0x1d9 ./Drivers/STM32F1xx_HAL_Driver/Src/stm32f1xx_hal_rcc.o
 .debug_macro   0x0000000000018639      0x1c7 ./Drivers/STM32F1xx_HAL_Driver/Src/stm32f1xx_hal_rcc_ex.o
 .debug_macro   0x0000000000018800      0x1c8 ./Drivers/STM32F1xx_HAL_Driver/Src/stm32f1xx_hal_tim.o
 .debug_macro   0x00000000000189c8      0x1c7 ./Drivers/STM32F1xx_HAL_Driver/Src/stm32f1xx_hal_tim_ex.o
 .debug_macro   0x0000000000018b8f      0x1c8 ./Drivers/STM32F1xx_HAL_Driver/Src/stm32f1xx_hal_uart.o
 .debug_macro   0x0000000000018d57      0x1c7 ./Drivers/STM32F1xx_HAL_Driver/Src/stm32f1xx_ll_usb.o
 .debug_macro   0x0000000000018f1e      0x3ec ./Middlewares/ST/STM32_USB_Device_Library/Class/CDC/Src/usbd_cdc.o
 .debug_macro   0x000000000001930a       0x97 ./Middlewares/ST/STM32_USB_Device_Library/Class/CDC/Src/usbd_cdc.o
 .debug_macro   0x00000000000193a1       0xfd ./Middlewares/ST/STM32_USB_Device_Library/Class/CDC/Src/usbd_cdc.o
 .debug_macro   0x000000000001949e      0x3d3 ./Middlewares/ST/STM32_USB_Device_Library/Core/Src/usbd_core.o
 .debug_macro   0x0000000000019871      0x1ce ./Middlewares/ST/STM32_USB_Device_Library/Core/Src/usbd_core.o
 .debug_macro   0x0000000000019a3f      0x3dd ./Middlewares/ST/STM32_USB_Device_Library/Core/Src/usbd_ctlreq.o
 .debug_macro   0x0000000000019e1c      0x3d9 ./Middlewares/ST/STM32_USB_Device_Library/Core/Src/usbd_ioreq.o
 .debug_macro   0x000000000001a1f5      0x40c ./USB_DEVICE/App/usb_device.o
 .debug_macro   0x000000000001a601      0x12a ./USB_DEVICE/App/usb_device.o
 .debug_macro   0x000000000001a72b       0x22 ./USB_DEVICE/App/usb_device.o
 .debug_macro   0x000000000001a74d       0x16 ./USB_DEVICE/App/usb_device.o
 .debug_macro   0x000000000001a763      0x3f7 ./USB_DEVICE/App/usbd_cdc_if.o
 .debug_macro   0x000000000001ab5a      0x410 ./USB_DEVICE/App/usbd_desc.o
 .debug_macro   0x000000000001af6a       0x1c ./USB_DEVICE/App/usbd_desc.o
 .debug_macro   0x000000000001af86      0x3f0 ./USB_DEVICE/Target/usbd_conf.o

.debug_line     0x0000000000000000    0x1844b
 .debug_line    0x0000000000000000      0x97f ./Core/Src/flash_v1.0.o
 .debug_line    0x000000000000097f     0x17d6 ./Core/Src/main.o
 .debug_line    0x0000000000002155      0x794 ./Core/Src/stm32f1xx_hal_msp.o