Archive member included to satisfy reference by file (symbol)

c:/st/stm32cubeide_1.10.1/stm32cubeide/plugins/com.st.stm32cube.ide.mcu.externaltools.gnu-tools-for-stm32.10.3-2021.10.win32_1.0.0.202111181127/tools/bin/../lib/gcc/arm-none-eabi/10.3.1/../../../../arm-none-eabi/lib/thumb/v7-m/nofp\libc_nano.a(lib_a-errno.o)
                              ./Core/Src/syscalls.o (__errno)
c:/st/stm32cubeide_1.10.1/stm32cubeide/plugins/com.st.stm32cube.ide.mcu.externaltools.gnu-tools-for-stm32.10.3-2021.10.win32_1.0.0.202111181127/tools/bin/../lib/gcc/arm-none-eabi/10.3.1/../../../../arm-none-eabi/lib/thumb/v7-m/nofp\libc_nano.a(lib_a-exit.o)
                              c:/st/stm32cubeide_1.10.1/stm32cubeide/plugins/com.st.stm32cube.ide.mcu.externaltools.gnu-tools-for-stm32.10.3-2021.10.win32_1.0.0.202111181127/tools/bin/../lib/gcc/arm-none-eabi/10.3.1/../../../../arm-none-eabi/lib/thumb/v7-m/nofp/crt0.o (exit)
c:/st/stm32cubeide_1.10.1/stm32cubeide/plugins/com.st.stm32cube.ide.mcu.externaltools.gnu-tools-for-stm32.10.3-2021.10.win32_1.0.0.202111181127/tools/bin/../lib/gcc/arm-none-eabi/10.3.1/../../../../arm-none-eabi/lib/thumb/v7-m/nofp\libc_nano.a(lib_a-impure.o)
                              c:/st/stm32cubeide_1.10.1/stm32cubeide/plugins/com.st.stm32cube.ide.mcu.externaltools.gnu-tools-for-stm32.10.3-2021.10.win32_1.0.0.202111181127/tools/bin/../lib/gcc/arm-none-eabi/10.3.1/../../../../arm-none-eabi/lib/thumb/v7-m/nofp\libc_nano.a(lib_a-exit.o) (_global_impure_ptr)
c:/st/stm32cubeide_1.10.1/stm32cubeide/plugins/com.st.stm32cube.ide.mcu.externaltools.gnu-tools-for-stm32.10.3-2021.10.win32_1.0.0.202111181127/tools/bin/../lib/gcc/arm-none-eabi/10.3.1/../../../../arm-none-eabi/lib/thumb/v7-m/nofp\libc_nano.a(lib_a-init.o)
                              c:/st/stm32cubeide_1.10.1/stm32cubeide/plugins/com.st.stm32cube.ide.mcu.externaltools.gnu-tools-for-stm32.10.3-2021.10.win32_1.0.0.202111181127/tools/bin/../lib/gcc/arm-none-eabi/10.3.1/../../../../arm-none-eabi/lib/thumb/v7-m/nofp/crt0.o (__libc_init_array)
c:/st/stm32cubeide_1.10.1/stm32cubeide/plugins/com.st.stm32cube.ide.mcu.externaltools.gnu-tools-for-stm32.10.3-2021.10.win32_1.0.0.202111181127/tools/bin/../lib/gcc/arm-none-eabi/10.3.1/../../../../arm-none-eabi/lib/thumb/v7-m/nofp\libc_nano.a(lib_a-memcpy-stub.o)
                              ./Core/Src/flash_v1.0.o (memcpy)
c:/st/stm32cubeide_1.10.1/stm32cubeide/plugins/com.st.stm32cube.ide.mcu.externaltools.gnu-tools-for-stm32.10.3-2021.10.win32_1.0.0.202111181127/tools/bin/../lib/gcc/arm-none-eabi/10.3.1/../../../../arm-none-eabi/lib/thumb/v7-m/nofp\libc_nano.a(lib_a-memset.o)
                              c:/st/stm32cubeide_1.10.1/stm32cubeide/plugins/com.st.stm32cube.ide.mcu.externaltools.gnu-tools-for-stm32.10.3-2021.10.win32_1.0.0.202111181127/tools/bin/../lib/gcc/arm-none-eabi/10.3.1/../../../../arm-none-eabi/lib/thumb/v7-m/nofp/crt0.o (memset)
c:/st/stm32cubeide_1.10.1/stm32cubeide/plugins/com.st.stm32cube.ide.mcu.externaltools.gnu-tools-for-stm32.10.3-2021.10.win32_1.0.0.202111181127/tools/bin/../lib/gcc/arm-none-eabi/10.3.1/../../../../arm-none-eabi/lib/thumb/v7-m/nofp\libc_nano.a(lib_a-strlen.o)
                              ./Core/Src/flash_v1.0.o (strlen)

Discarded input sections

 .text          0x0000000000000000        0x0 c:/st/stm32cubeide_1.10.1/stm32cubeide/plugins/com.st.stm32cube.ide.mcu.externaltools.gnu-tools-for-stm32.10.3-2021.10.win32_1.0.0.202111181127/tools/bin/../lib/gcc/arm-none-eabi/10.3.1/thumb/v7-m/nofp/crti.o
 .data          0x0000000000000000        0x0 c:/st/stm32cubeide_1.10.1/stm32cubeide/plugins/com.st.stm32cube.ide.mcu.externaltools.gnu-tools-for-stm32.10.3-2021.10.win32_1.0.0.202111181127/tools/bin/../lib/gcc/arm-none-eabi/10.3.1/thumb/v7-m/nofp/crti.o
 .bss           0x0000000000000000        0x0 c:/st/stm32cubeide_1.10.1/stm32cubeide/plugins/com.st.stm32cube.ide.mcu.externaltools.gnu-tools-for-stm32.10.3-2021.10.win32_1.0.0.202111181127/tools/bin/../lib/gcc/arm-none-eabi/10.3.1/thumb/v7-m/nofp/crti.o
 .data          0x0000000000000000        0x4 c:/st/stm32cubeide_1.10.1/stm32cubeide/plugins/com.st.stm32cube.ide.mcu.externaltools.gnu-tools-for-stm32.10.3-2021.10.win32_1.0.0.202111181127/tools/bin/../lib/gcc/arm-none-eabi/10.3.1/thumb/v7-m/nofp/crtbegin.o
 .rodata        0x0000000000000000       0x24 c:/st/stm32cubeide_1.10.1/stm32cubeide/plugins/com.st.stm32cube.ide.mcu.externaltools.gnu-tools-for-stm32.10.3-2021.10.win32_1.0.0.202111181127/tools/bin/../lib/gcc/arm-none-eabi/10.3.1/thumb/v7-m/nofp/crtbegin.o
 .text          0x0000000000000000       0x7c c:/st/stm32cubeide_1.10.1/stm32cubeide/plugins/com.st.stm32cube.ide.mcu.externaltools.gnu-tools-for-stm32.10.3-2021.10.win32_1.0.0.202111181127/tools/bin/../lib/gcc/arm-none-eabi/10.3.1/../../../../arm-none-eabi/lib/thumb/v7-m/nofp/crt0.o
[...]
Memory Configuration

Name             Origin             Length             Attributes
RAM              0x0000000020000000 0x0000000000005000 xrw
FLASH            0x0000000008000000 0x0000000000010000 xr
*default*        0x0000000000000000 0xffffffffffffffff

Linker script and memory map

LOAD c:/st/stm32cubeide_1.10.1/stm32cubeide/plugins/com.st.stm32cube.ide.mcu.externaltools.gnu-tools-for-stm32.10.3-2021.10.win32_1.0.0.202111181127/tools/bin/../lib/gcc/arm-none-eabi/10.3.1/thumb/v7-m/nofp/crti.o
LOAD c:/st/stm32cubeide_1.10.1/stm32cubeide/plugins/com.st.stm32cube.ide.mcu.externaltools.gnu-tools-for-stm32.10.3-2021.10.win32_1.0.0.202111181127/tools/bin/../lib/gcc/arm-none-eabi/10.3.1/thumb/v7-m/nofp/crtbegin.o
LOAD c:/st/stm32cubeide_1.10.1/stm32cubeide/plugins/com.st.stm32cube.ide.mcu.externaltools.gnu-tools-for-stm32.10.3-2021.10.win32_1.0.0.202111181127/tools/bin/../lib/gcc/arm-none-eabi/10.3.1/../../../../arm-none-eabi/lib/thumb/v7-m/nofp/crt0.o
LOAD ./Core/Src/flash_v1.0.o
LOAD ./Core/Src/main.o
LOAD ./Core/Src/stm32f1xx_hal_msp.o
LOAD ./Core/Src/stm32f1xx_it.o
LOAD ./Core/Src/syscalls.o
LOAD ./Core/Src/sysmem.o
LOAD ./Core/Src/system_stm32f1xx.o
LOAD ./Core/Startup/startup_stm32f103c8tx.o
LOAD ./Drivers/STM32F1xx_HAL_Driver/Src/stm32f1xx_hal.o
LOAD ./Drivers/STM32F1xx_HAL_Driver/Src/stm32f1xx_hal_cortex.o
LOAD ./Drivers/STM32F1xx_HAL_Driver/Src/stm32f1xx_hal_dma.o
LOAD ./Drivers/STM32F1xx_HAL_Driver/Src/stm32f1xx_hal_exti.o
LOAD ./Drivers/STM32F1xx_HAL_Driver/Src/stm32f1xx_hal_flash.o
LOAD ./Drivers/STM32F1xx_HAL_Driver/Src/stm32f1xx_hal_flash_ex.o
LOAD ./Drivers/STM32F1xx_HAL_Driver/Src/stm32f1xx_hal_gpio.o
LOAD ./Drivers/STM32F1xx_HAL_Driver/Src/stm32f1xx_hal_gpio_ex.o
LOAD ./Drivers/STM32F1xx_HAL_Driver/Src/stm32f1xx_hal_pcd.o
LOAD ./Drivers/STM32F1xx_HAL_Driver/Src/stm32f1xx_hal_pcd_ex.o
LOAD ./Drivers/STM32F1xx_HAL_Driver/Src/stm32f1xx_hal_pwr.o
LOAD ./Drivers/STM32F1xx_HAL_Driver/Src/stm32f1xx_hal_rcc.o
LOAD ./Drivers/STM32F1xx_HAL_Driver/Src/stm32f1xx_hal_rcc_ex.o
LOAD ./Drivers/STM32F1xx_HAL_Driver/Src/stm32f1xx_hal_tim.o
LOAD ./Drivers/STM32F1xx_HAL_Driver/Src/stm32f1xx_hal_tim_ex.o
LOAD ./Drivers/STM32F1xx_HAL_Driver/Src/stm32f1xx_hal_uart.o
LOAD ./Drivers/STM32F1xx_HAL_Driver/Src/stm32f1xx_ll_usb.o
LOAD ./Middlewares/ST/STM32_USB_Device_Library/Class/CDC/Src/usbd_cdc.o
LOAD ./Middlewares/ST/STM32_USB_Device_Library/Core/Src/usbd_core.o
LOAD ./Middlewares/ST/STM32_USB_Device_Library/Core/Src/usbd_ctlreq.o
LOAD ./Middlewares/ST/STM32_USB_Device_Library/Core/Src/usbd_ioreq.o
LOAD ./USB_DEVICE/App/usb_device.o
LOAD ./USB_DEVICE/App/usbd_cdc_if.o
LOAD ./USB_DEVICE/App/usbd_desc.o
LOAD ./USB_DEVICE/Target/usbd_conf.o
START GROUP
LOAD c:/st/stm32cubeide_1.10.1/stm32cubeide/plugins/com.st.stm32cube.ide.mcu.externaltools.gnu-tools-for-stm32.10.3-2021.10.win32_1.0.0.202111181127/tools/bin/../lib/gcc/arm-none-eabi/10.3.1/../../../../arm-none-eabi/lib/thumb/v7-m/nofp\libc_nano.a
LOAD c:/st/stm32cubeide_1.10.1/stm32cubeide/plugins/com.st.stm32cube.ide.mcu.externaltools.gnu-tools-for-stm32.10.3-2021.10.win32_1.0.0.202111181127/tools/bin/../lib/gcc/arm-none-eabi/10.3.1/../../../../arm-none-eabi/lib/thumb/v7-m/nofp\libm.a
END GROUP
START GROUP
LOAD c:/st/stm32cubeide_1.10.1/stm32cubeide/plugins/com.st.stm32cube.ide.mcu.externaltools.gnu-tools-for-stm32.10.3-2021.10.win32_1.0.0.202111181127/tools/bin/../lib/gcc/arm-none-eabi/10.3.1/thumb/v7-m/nofp\libgcc.a
LOAD c:/st/stm32cubeide_1.10.1/stm32cubeide/plugins/com.st.stm32cube.ide.mcu.externaltools.gnu-tools-for-stm32.10.3-2021.10.win32_1.0.0.202111181127/tools/bin/../lib/gcc/arm-none-eabi/10.3.1/../../../../arm-none-eabi/lib/thumb/v7-m/nofp\libc_nano.a
END GROUP
START GROUP
LOAD c:/st/stm32cubeide_1.10.1/stm32cubeide/plugins/com.st.stm32cube.ide.mcu.externaltools.gnu-tools-for-stm32.10.3-2021.10.win32_1.0.0.202111181127/tools/bin/../lib/gcc/arm-none-eabi/10.3.1/thumb/v7-m/nofp\libgcc.a
LOAD c:/st/stm32cubeide_1.10.1/stm32cubeide/plugins/com.st.stm32cube.ide.mcu.externaltools.gnu-tools-for-stm32.10.3-2021.10.win32_1.0.0.202111181127/tools/bin/../lib/gcc/arm-none-eabi/10.3.1/../../../../arm-none-eabi/lib/thumb/v7-m/nofp\libc_nano.a
LOAD c:/st/stm32cubeide_1.10.1/stm32cubeide/plugins/com.st.stm32cube.ide.mcu.externaltools.gnu-tools-for-stm32.10.3-2021.10.win32_1.0.0.202111181127/tools/bin/../lib/gcc/arm-none-eabi/10.3.1/../../../../arm-none-eabi/lib/thumb/v7-m/nofp\libnosys.a
END GROUP
START GROUP
LOAD c:/st/stm32cubeide_1.10.1/stm32cubeide/plugins/com.st.stm32cube.ide.mcu.externaltools.gnu-tools-for-stm32.10.3-2021.10.win32_1.0.0.202111181127/tools/bin/../lib/gcc/arm-none-eabi/10.3.1/thumb/v7-m/nofp\libgcc.a
LOAD c:/st/stm32cubeide_1.10.1/stm32cubeide/plugins/com.st.stm32cube.ide.mcu.externaltools.gnu-tools-for-stm32.10.3-2021.10.win32_1.0.0.202111181127/tools/bin/../lib/gcc/arm-none-eabi/10.3.1/../../../../arm-none-eabi/lib/thumb/v7-m/nofp\libc_nano.a
LOAD c:/st/stm32cubeide_1.10.1/stm32cubeide/plugins/com.st.stm32cube.ide.mcu.externaltools.gnu-tools-for-stm32.10.3-2021.10.win32_1.0.0.202111181127/tools/bin/../lib/gcc/arm-none-eabi/10.3.1/../../../../arm-none-eabi/lib/thumb/v7-m/nofp\libnosys.a
END GROUP
LOAD c:/st/stm32cubeide_1.10.1/stm32cubeide/plugins/com.st.stm32cube.ide.mcu.externaltools.gnu-tools-for-stm32.10.3-2021.10.win32_1.0.0.202111181127/tools/bin/../lib/gcc/arm-none-eabi/10.3.1/thumb/v7-m/nofp/crtend.o
LOAD c:/st/stm32cubeide_1.10.1/stm32cubeide/plugins/com.st.stm32cube.ide.mcu.externaltools.gnu-tools-for-stm32.10.3-2021.10.win32_1.0.0.202111181127/tools/bin/../lib/gcc/arm-none-eabi/10.3.1/thumb/v7-m/nofp/crtn.o
                0x0000000020005000                _estack = (ORIGIN (RAM) + LENGTH (RAM))
                0x0000000000000200                _Min_Heap_Size = 0x200
                0x0000000000000400                _Min_Stack_Size = 0x400

.isr_vector     0x0000000008000000      0x10c
                0x0000000008000000                . = ALIGN (0x4)
 *(.isr_vector)
 .isr_vector    0x0000000008000000      0x10c ./Core/Startup/startup_stm32f103c8tx.o
                0x0000000008000000                g_pfnVectors
                0x000000000800010c                . = ALIGN (0x4)

.text           0x000000000800010c     0xae50
                0x000000000800010c                . = ALIGN (0x4)
 *(.text)
 .text          0x000000000800010c       0x40 c:/st/stm32cubeide_1.10.1/stm32cubeide/plugins/com.st.stm32cube.ide.mcu.externaltools.gnu-tools-for-stm32.10.3-2021.10.win32_1.0.0.202111181127/tools/bin/../lib/gcc/arm-none-eabi/10.3.1/thumb/v7-m/nofp/crtbegin.o
 *(.text*)
 .text.FLASH_apaga
                0x000000000800014c       0x40 ./Core/Src/flash_v1.0.o
                0x000000000800014c                FLASH_apaga
 .text.FLASH_escreve_16bits
                0x000000000800018c       0x3a ./Core/Src/flash_v1.0.o
                0x000000000800018c                FLASH_escreve_16bits
 .text.FLASH_le_16bits
                0x00000000080001c6       0x1e ./Core/Src/flash_v1.0.o
                0x00000000080001c6                FLASH_le_16bits
 .text.acquisition
                0x00000000080001e4      0x110 ./Core/Src/main.o
                0x00000000080001e4                acquisition
 .text.main     0x00000000080002f4      0x480 ./Core/Src/main.o
                0x00000000080002f4                main
 .text.SystemClock_Config
                0x0000000008000774       0xb8 ./Core/Src/main.o
                0x0000000008000774                SystemClock_Config
 .text.MX_TIM2_Init
                0x000000000800082c       0xa8 ./Core/Src/main.o
 .text.MX_TIM3_Init
                0x00000000080008d4       0x9c ./Core/Src/main.o
 .text.MX_USART2_UART_Init
                0x0000000008000970       0x54 ./Core/Src/main.o
 .text.MX_GPIO_Init
                0x00000000080009c4      0x138 ./Core/Src/main.o
 .text.deviceReset
                0x0000000008000afc       0x6c ./Core/Src/main.o
                0x0000000008000afc                deviceReset
 .text.structDados
                0x0000000008000b68       0x98 ./Core/Src/main.o
                0x0000000008000b68                structDados
 .text.VerificaErro
                0x0000000008000c00       0x98 ./Core/Src/main.o
                0x0000000008000c00                VerificaErro
 .text.command  0x0000000008000c98      0x1b0 ./Core/Src/main.o
                0x0000000008000c98                command
 .text.selectCommand
                0x0000000008000e48       0x80 ./Core/Src/main.o
                0x0000000008000e48                selectCommand
 .text.getID    0x0000000008000ec8       0x40 ./Core/Src/main.o
                0x0000000008000ec8                getID
 .text.setID    0x0000000008000f08       0x4c ./Core/Src/main.o
                0x0000000008000f08                setID
 .text.DeviceParamenter
                0x0000000008000f54       0x4c ./Core/Src/main.o
                0x0000000008000f54                DeviceParamenter
 .text.StartDevice
                0x0000000008000fa0       0x2e ./Core/Src/main.o
                0x0000000008000fa0                StartDevice
 *fill*         0x0000000008000fce        0x2 
 .text.TransmitData
                0x0000000008000fd0      0x7cc ./Core/Src/main.o
                0x0000000008000fd0                TransmitData
 .text.StopDevice
                0x000000000800179c       0xc4 ./Core/Src/main.o
                0x000000000800179c                StopDevice
 .text.Checksum
                0x0000000008001860      0x170 ./Core/Src/main.o
                0x0000000008001860                Checksum
 .text.HAL_TIM_IC_CaptureCallback
                0x00000000080019d0       0xec ./Core/Src/main.o
                0x00000000080019d0                HAL_TIM_IC_CaptureCallback
 .text.HAL_UART_RxCpltCallback
                0x0000000008001abc       0x38 ./Core/Src/main.o
                0x0000000008001abc                HAL_UART_RxCpltCallback
 .text.HAL_TIM_PeriodElapsedCallback
                0x0000000008001af4       0x12 ./Core/Src/main.o
                0x0000000008001af4                HAL_TIM_PeriodElapsedCallback
 *fill*         0x0000000008001b06        0x2 
 .text.HAL_GPIO_EXTI_Callback
                0x0000000008001b08       0x30 ./Core/Src/main.o
                0x0000000008001b08                HAL_GPIO_EXTI_Callback
 .text.Error_Handler
                0x0000000008001b38        0xa ./Core/Src/main.o
                0x0000000008001b38                Error_Handler
 *fill*         0x0000000008001b42        0x2 
 .text.HAL_MspInit
                0x0000000008001b44       0x64 ./Core/Src/stm32f1xx_hal_msp.o
                0x0000000008001b44                HAL_MspInit
 .text.HAL_TIM_Encoder_MspInit
                0x0000000008001ba8       0x88 ./Core/Src/stm32f1xx_hal_msp.o
                0x0000000008001ba8                HAL_TIM_Encoder_MspInit
 .text.HAL_TIM_Base_MspInit
                0x0000000008001c30       0x3c ./Core/Src/stm32f1xx_hal_msp.o
                0x0000000008001c30                HAL_TIM_Base_MspInit
 .text.HAL_UART_MspInit
                0x0000000008001c6c       0xa4 ./Core/Src/stm32f1xx_hal_msp.o
                0x0000000008001c6c                HAL_UART_MspInit
 .text.NMI_Handler
                0x0000000008001d10        0x6 ./Core/Src/stm32f1xx_it.o
                0x0000000008001d10                NMI_Handler
 .text.HardFault_Handler
                0x0000000008001d16        0x6 ./Core/Src/stm32f1xx_it.o
                0x0000000008001d16                HardFault_Handler
 .text.MemManage_Handler
                0x0000000008001d1c        0x6 ./Core/Src/stm32f1xx_it.o
                0x0000000008001d1c                MemManage_Handler
 .text.BusFault_Handler
                0x0000000008001d22        0x6 ./Core/Src/stm32f1xx_it.o
                0x0000000008001d22                BusFault_Handler
 .text.UsageFault_Handler
                0x0000000008001d28        0x6 ./Core/Src/stm32f1xx_it.o
                0x0000000008001d28                UsageFault_Handler
 .text.SVC_Handler
                0x0000000008001d2e        0xc ./Core/Src/stm32f1xx_it.o
                0x0000000008001d2e                SVC_Handler
 .text.DebugMon_Handler
                0x0000000008001d3a        0xc ./Core/Src/stm32f1xx_it.o
                0x0000000008001d3a                DebugMon_Handler
 .text.PendSV_Handler
                0x0000000008001d46        0xc ./Core/Src/stm32f1xx_it.o
                0x0000000008001d46                PendSV_Handler
 .text.SysTick_Handler
                0x0000000008001d52        0xc ./Core/Src/stm32f1xx_it.o
                0x0000000008001d52                SysTick_Handler
 *fill*         0x0000000008001d5e        0x2 
 .text.USB_LP_CAN1_RX0_IRQHandler
                0x0000000008001d60       0x14 ./Core/Src/stm32f1xx_it.o
                0x0000000008001d60                USB_LP_CAN1_RX0_IRQHandler
 .text.EXTI9_5_IRQHandler
                0x0000000008001d74       0x10 ./Core/Src/stm32f1xx_it.o
                0x0000000008001d74                EXTI9_5_IRQHandler
 .text.TIM2_IRQHandler
                0x0000000008001d84       0x14 ./Core/Src/stm32f1xx_it.o
                0x0000000008001d84                TIM2_IRQHandler
 .text.USART2_IRQHandler
                0x0000000008001d98       0x14 ./Core/Src/stm32f1xx_it.o
                0x0000000008001d98                USART2_IRQHandler
 .text.SystemInit
                0x0000000008001dac        0xc ./Core/Src/system_stm32f1xx.o
                0x0000000008001dac                SystemInit
 .text.Reset_Handler
                0x0000000008001db8       0x48 ./Core/Startup/startup_stm32f103c8tx.o
                0x0000000008001db8                Reset_Handler
 .text.Default_Handler
                0x0000000008001e00        0x2 ./Core/Startup/startup_stm32f103c8tx.o
                0x0000000008001e00                RTC_Alarm_IRQHandler
                0x0000000008001e00                EXTI2_IRQHandler
                0x0000000008001e00                TIM1_CC_IRQHandler
                0x0000000008001e00                PVD_IRQHandler
                0x0000000008001e00                EXTI3_IRQHandler
                0x0000000008001e00                EXTI0_IRQHandler
                0x0000000008001e00                I2C2_EV_IRQHandler
                0x0000000008001e00                ADC1_2_IRQHandler
                0x0000000008001e00                SPI1_IRQHandler
                0x0000000008001e00                TAMPER_IRQHandler
                0x0000000008001e00                DMA1_Channel4_IRQHandler
                0x0000000008001e00                USART3_IRQHandler
                0x0000000008001e00                RTC_IRQHandler
                0x0000000008001e00                DMA1_Channel7_IRQHandler
                0x0000000008001e00                CAN1_RX1_IRQHandler
                0x0000000008001e00                TIM4_IRQHandler
                0x0000000008001e00                I2C1_EV_IRQHandler
                0x0000000008001e00                DMA1_Channel6_IRQHandler
                0x0000000008001e00                TIM3_IRQHandler
                0x0000000008001e00                RCC_IRQHandler
                0x0000000008001e00                TIM1_TRG_COM_IRQHandler
                0x0000000008001e00                DMA1_Channel1_IRQHandler
                0x0000000008001e00                Default_Handler
                0x0000000008001e00                EXTI15_10_IRQHandler
                0x0000000008001e00                SPI2_IRQHandler
                0x0000000008001e00                DMA1_Channel5_IRQHandler
                0x0000000008001e00                EXTI4_IRQHandler
                0x0000000008001e00                USB_HP_CAN1_TX_IRQHandler
                0x0000000008001e00                DMA1_Channel3_IRQHandler
                0x0000000008001e00                TIM1_UP_IRQHandler
                0x0000000008001e00                WWDG_IRQHandler
                0x0000000008001e00                TIM1_BRK_IRQHandler
                0x0000000008001e00                EXTI1_IRQHandler
                0x0000000008001e00                I2C2_ER_IRQHandler
                0x0000000008001e00                DMA1_Channel2_IRQHandler
                0x0000000008001e00                CAN1_SCE_IRQHandler
                0x0000000008001e00                FLASH_IRQHandler
                0x0000000008001e00                USART1_IRQHandler
                0x0000000008001e00                I2C1_ER_IRQHandler
                0x0000000008001e00                USBWakeUp_IRQHandler
 *fill*         0x0000000008001e02        0x2 
 .text.HAL_Init
                0x0000000008001e04       0x2c ./Drivers/STM32F1xx_HAL_Driver/Src/stm32f1xx_hal.o
                0x0000000008001e04                HAL_Init
 .text.HAL_InitTick
                0x0000000008001e30       0x60 ./Drivers/STM32F1xx_HAL_Driver/Src/stm32f1xx_hal.o
                0x0000000008001e30                HAL_InitTick
 .text.HAL_IncTick
                0x0000000008001e90       0x24 ./Drivers/STM32F1xx_HAL_Driver/Src/stm32f1xx_hal.o
                0x0000000008001e90                HAL_IncTick
 .text.HAL_GetTick
                0x0000000008001eb4       0x14 ./Drivers/STM32F1xx_HAL_Driver/Src/stm32f1xx_hal.o
                0x0000000008001eb4                HAL_GetTick
 .text.HAL_Delay
                0x0000000008001ec8       0x48 ./Drivers/STM32F1xx_HAL_Driver/Src/stm32f1xx_hal.o
                0x0000000008001ec8                HAL_Delay
 .text.__NVIC_SetPriorityGrouping
                0x0000000008001f10       0x48 ./Drivers/STM32F1xx_HAL_Driver/Src/stm32f1xx_hal_cortex.o
 .text.__NVIC_GetPriorityGrouping
                0x0000000008001f58       0x1c ./Drivers/STM32F1xx_HAL_Driver/Src/stm32f1xx_hal_cortex.o
 .text.__NVIC_EnableIRQ
                0x0000000008001f74       0x38 ./Drivers/STM32F1xx_HAL_Driver/Src/stm32f1xx_hal_cortex.o
 .text.__NVIC_SetPriority
                0x0000000008001fac       0x54 ./Drivers/STM32F1xx_HAL_Driver/Src/stm32f1xx_hal_cortex.o
 .text.NVIC_EncodePriority
                0x0000000008002000       0x64 ./Drivers/STM32F1xx_HAL_Driver/Src/stm32f1xx_hal_cortex.o
 .text.SysTick_Config
                0x0000000008002064       0x44 ./Drivers/STM32F1xx_HAL_Driver/Src/stm32f1xx_hal_cortex.o
 .text.HAL_NVIC_SetPriorityGrouping
                0x00000000080020a8       0x16 ./Drivers/STM32F1xx_HAL_Driver/Src/stm32f1xx_hal_cortex.o
                0x00000000080020a8                HAL_NVIC_SetPriorityGrouping
 .text.HAL_NVIC_SetPriority
                0x00000000080020be       0x38 ./Drivers/STM32F1xx_HAL_Driver/Src/stm32f1xx_hal_cortex.o
                0x00000000080020be                HAL_NVIC_SetPriority
 .text.HAL_NVIC_EnableIRQ
                0x00000000080020f6       0x1c ./Drivers/STM32F1xx_HAL_Driver/Src/stm32f1xx_hal_cortex.o
                0x00000000080020f6                HAL_NVIC_EnableIRQ
 .text.HAL_SYSTICK_Config
                0x0000000008002112       0x18 ./Drivers/STM32F1xx_HAL_Driver/Src/stm32f1xx_hal_cortex.o
                0x0000000008002112                HAL_SYSTICK_Config
 .text.HAL_DMA_Abort
                0x000000000800212a       0x74 ./Drivers/STM32F1xx_HAL_Driver/Src/stm32f1xx_hal_dma.o
                0x000000000800212a                HAL_DMA_Abort
 *fill*         0x000000000800219e        0x2 
 .text.HAL_DMA_Abort_IT
                0x00000000080021a0       0xec ./Drivers/STM32F1xx_HAL_Driver/Src/stm32f1xx_hal_dma.o
                0x00000000080021a0                HAL_DMA_Abort_IT
 .text.HAL_FLASH_Program
                0x000000000800228c       0xe0 ./Drivers/STM32F1xx_HAL_Driver/Src/stm32f1xx_hal_flash.o
                0x000000000800228c                HAL_FLASH_Program
 .text.HAL_FLASH_Unlock
                0x000000000800236c       0x4c ./Drivers/STM32F1xx_HAL_Driver/Src/stm32f1xx_hal_flash.o
                0x000000000800236c                HAL_FLASH_Unlock
 .text.HAL_FLASH_Lock
                0x00000000080023b8       0x20 ./Drivers/STM32F1xx_HAL_Driver/Src/stm32f1xx_hal_flash.o
                0x00000000080023b8                HAL_FLASH_Lock
 .text.HAL_FLASH_OB_Unlock
                0x00000000080023d8       0x38 ./Drivers/STM32F1xx_HAL_Driver/Src/stm32f1xx_hal_flash.o
                0x00000000080023d8                HAL_FLASH_OB_Unlock
 .text.HAL_FLASH_OB_Lock
                0x0000000008002410       0x20 ./Drivers/STM32F1xx_HAL_Driver/Src/stm32f1xx_hal_flash.o
                0x0000000008002410                HAL_FLASH_OB_Lock
 .text.FLASH_Program_HalfWord
                0x0000000008002430       0x38 ./Drivers/STM32F1xx_HAL_Driver/Src/stm32f1xx_hal_flash.o
 .text.FLASH_WaitForLastOperation
                0x0000000008002468       0x8c ./Drivers/STM32F1xx_HAL_Driver/Src/stm32f1xx_hal_flash.o
                0x0000000008002468                FLASH_WaitForLastOperation
 .text.FLASH_SetErrorCode
                0x00000000080024f4       0xa0 ./Drivers/STM32F1xx_HAL_Driver/Src/stm32f1xx_hal_flash.o
 .text.HAL_FLASHEx_Erase
                0x0000000008002594       0xd8 ./Drivers/STM32F1xx_HAL_Driver/Src/stm32f1xx_hal_flash_ex.o
                0x0000000008002594                HAL_FLASHEx_Erase
 .text.FLASH_MassErase
                0x000000000800266c       0x38 ./Drivers/STM32F1xx_HAL_Driver/Src/stm32f1xx_hal_flash_ex.o
 .text.FLASH_PageErase
                0x00000000080026a4       0x40 ./Drivers/STM32F1xx_HAL_Driver/Src/stm32f1xx_hal_flash_ex.o
                0x00000000080026a4                FLASH_PageErase
 .text.HAL_GPIO_Init
                0x00000000080026e4      0x308 ./Drivers/STM32F1xx_HAL_Driver/Src/stm32f1xx_hal_gpio.o
                0x00000000080026e4                HAL_GPIO_Init
 .text.HAL_GPIO_WritePin
                0x00000000080029ec       0x30 ./Drivers/STM32F1xx_HAL_Driver/Src/stm32f1xx_hal_gpio.o
                0x00000000080029ec                HAL_GPIO_WritePin
 .text.HAL_GPIO_TogglePin
                0x0000000008002a1c       0x32 ./Drivers/STM32F1xx_HAL_Driver/Src/stm32f1xx_hal_gpio.o
                0x0000000008002a1c                HAL_GPIO_TogglePin
 *fill*         0x0000000008002a4e        0x2 
 .text.HAL_GPIO_EXTI_IRQHandler
                0x0000000008002a50       0x30 ./Drivers/STM32F1xx_HAL_Driver/Src/stm32f1xx_hal_gpio.o
                0x0000000008002a50                HAL_GPIO_EXTI_IRQHandler
 .text.HAL_PCD_Init
                0x0000000008002a80      0x216 ./Drivers/STM32F1xx_HAL_Driver/Src/stm32f1xx_hal_pcd.o
                0x0000000008002a80                HAL_PCD_Init
 .text.HAL_PCD_Start
                0x0000000008002c96       0x4c ./Drivers/STM32F1xx_HAL_Driver/Src/stm32f1xx_hal_pcd.o
                0x0000000008002c96                HAL_PCD_Start
 .text.HAL_PCD_IRQHandler
                0x0000000008002ce2      0x2a6 ./Drivers/STM32F1xx_HAL_Driver/Src/stm32f1xx_hal_pcd.o
                0x0000000008002ce2                HAL_PCD_IRQHandler
 .text.HAL_PCD_SetAddress
                0x0000000008002f88       0x4a ./Drivers/STM32F1xx_HAL_Driver/Src/stm32f1xx_hal_pcd.o
                0x0000000008002f88                HAL_PCD_SetAddress
 .text.HAL_PCD_EP_Open
                0x0000000008002fd2       0xcc ./Drivers/STM32F1xx_HAL_Driver/Src/stm32f1xx_hal_pcd.o
                0x0000000008002fd2                HAL_PCD_EP_Open
 .text.HAL_PCD_EP_Close
                0x000000000800309e       0x90 ./Drivers/STM32F1xx_HAL_Driver/Src/stm32f1xx_hal_pcd.o
                0x000000000800309e                HAL_PCD_EP_Close
 .text.HAL_PCD_EP_Receive
                0x000000000800312e       0x7a ./Drivers/STM32F1xx_HAL_Driver/Src/stm32f1xx_hal_pcd.o
                0x000000000800312e                HAL_PCD_EP_Receive
 .text.HAL_PCD_EP_GetRxCount
                0x00000000080031a8       0x2e ./Drivers/STM32F1xx_HAL_Driver/Src/stm32f1xx_hal_pcd.o
                0x00000000080031a8                HAL_PCD_EP_GetRxCount
 .text.HAL_PCD_EP_Transmit
                0x00000000080031d6       0x86 ./Drivers/STM32F1xx_HAL_Driver/Src/stm32f1xx_hal_pcd.o
                0x00000000080031d6                HAL_PCD_EP_Transmit
 .text.HAL_PCD_EP_SetStall
                0x000000000800325c       0xc0 ./Drivers/STM32F1xx_HAL_Driver/Src/stm32f1xx_hal_pcd.o
                0x000000000800325c                HAL_PCD_EP_SetStall
 .text.HAL_PCD_EP_ClrStall
                0x000000000800331c       0xa8 ./Drivers/STM32F1xx_HAL_Driver/Src/stm32f1xx_hal_pcd.o
                0x000000000800331c                HAL_PCD_EP_ClrStall
 .text.PCD_EP_ISR_Handler
                0x00000000080033c4      0x600 ./Drivers/STM32F1xx_HAL_Driver/Src/stm32f1xx_hal_pcd.o
 .text.HAL_PCD_EP_DB_Receive
                0x00000000080039c4      0x21a ./Drivers/STM32F1xx_HAL_Driver/Src/stm32f1xx_hal_pcd.o
 .text.HAL_PCD_EP_DB_Transmit
                0x0000000008003bde      0x7a4 ./Drivers/STM32F1xx_HAL_Driver/Src/stm32f1xx_hal_pcd.o
 .text.HAL_PCDEx_PMAConfig
                0x0000000008004382       0x84 ./Drivers/STM32F1xx_HAL_Driver/Src/stm32f1xx_hal_pcd_ex.o
                0x0000000008004382                HAL_PCDEx_PMAConfig
 *fill*         0x0000000008004406        0x2 
 .text.HAL_RCC_OscConfig
                0x0000000008004408      0x504 ./Drivers/STM32F1xx_HAL_Driver/Src/stm32f1xx_hal_rcc.o
                0x0000000008004408                HAL_RCC_OscConfig
 .text.HAL_RCC_ClockConfig
                0x000000000800490c      0x1d4 ./Drivers/STM32F1xx_HAL_Driver/Src/stm32f1xx_hal_rcc.o
                0x000000000800490c                HAL_RCC_ClockConfig
 .text.HAL_RCC_GetSysClockFreq
                0x0000000008004ae0       0xbc ./Drivers/STM32F1xx_HAL_Driver/Src/stm32f1xx_hal_rcc.o
                0x0000000008004ae0                HAL_RCC_GetSysClockFreq
 .text.HAL_RCC_GetHCLKFreq
                0x0000000008004b9c       0x14 ./Drivers/STM32F1xx_HAL_Driver/Src/stm32f1xx_hal_rcc.o
                0x0000000008004b9c                HAL_RCC_GetHCLKFreq
 .text.HAL_RCC_GetPCLK1Freq
                0x0000000008004bb0       0x28 ./Drivers/STM32F1xx_HAL_Driver/Src/stm32f1xx_hal_rcc.o
                0x0000000008004bb0                HAL_RCC_GetPCLK1Freq
 .text.HAL_RCC_GetPCLK2Freq
                0x0000000008004bd8       0x28 ./Drivers/STM32F1xx_HAL_Driver/Src/stm32f1xx_hal_rcc.o
                0x0000000008004bd8                HAL_RCC_GetPCLK2Freq
 .text.RCC_Delay
                0x0000000008004c00       0x3c ./Drivers/STM32F1xx_HAL_Driver/Src/stm32f1xx_hal_rcc.o
 .text.HAL_RCCEx_PeriphCLKConfig
                0x0000000008004c3c      0x16c ./Drivers/STM32F1xx_HAL_Driver/Src/stm32f1xx_hal_rcc_ex.o
                0x0000000008004c3c                HAL_RCCEx_PeriphCLKConfig
 .text.HAL_TIM_Base_Init
                0x0000000008004da8       0x9e ./Drivers/STM32F1xx_HAL_Driver/Src/stm32f1xx_hal_tim.o
                0x0000000008004da8                HAL_TIM_Base_Init
 *fill*         0x0000000008004e46        0x2 
 .text.HAL_TIM_Base_Start
                0x0000000008004e48       0x94 ./Drivers/STM32F1xx_HAL_Driver/Src/stm32f1xx_hal_tim.o
                0x0000000008004e48                HAL_TIM_Base_Start
 .text.HAL_TIM_Base_Stop_IT
                0x0000000008004edc       0x5c ./Drivers/STM32F1xx_HAL_Driver/Src/stm32f1xx_hal_tim.o
                0x0000000008004edc                HAL_TIM_Base_Stop_IT
 .text.HAL_TIM_Encoder_Init
                0x0000000008004f38      0x144 ./Drivers/STM32F1xx_HAL_Driver/Src/stm32f1xx_hal_tim.o
                0x0000000008004f38                HAL_TIM_Encoder_Init
 .text.HAL_TIM_Encoder_Start_IT
                0x000000000800507c      0x15c ./Drivers/STM32F1xx_HAL_Driver/Src/stm32f1xx_hal_tim.o
                0x000000000800507c                HAL_TIM_Encoder_Start_IT
 .text.HAL_TIM_Encoder_Stop_IT
                0x00000000080051d8      0x16a ./Drivers/STM32F1xx_HAL_Driver/Src/stm32f1xx_hal_tim.o
                0x00000000080051d8                HAL_TIM_Encoder_Stop_IT
 .text.HAL_TIM_IRQHandler
                0x0000000008005342      0x210 ./Drivers/STM32F1xx_HAL_Driver/Src/stm32f1xx_hal_tim.o
                0x0000000008005342                HAL_TIM_IRQHandler
 .text.HAL_TIM_ConfigClockSource
                0x0000000008005552      0x188 ./Drivers/STM32F1xx_HAL_Driver/Src/stm32f1xx_hal_tim.o
                0x0000000008005552                HAL_TIM_ConfigClockSource
 .text.HAL_TIM_OC_DelayElapsedCallback
                0x00000000080056da       0x12 ./Drivers/STM32F1xx_HAL_Driver/Src/stm32f1xx_hal_tim.o
                0x00000000080056da                HAL_TIM_OC_DelayElapsedCallback
 .text.HAL_TIM_PWM_PulseFinishedCallback
                0x00000000080056ec       0x12 ./Drivers/STM32F1xx_HAL_Driver/Src/stm32f1xx_hal_tim.o
                0x00000000080056ec                HAL_TIM_PWM_PulseFinishedCallback
 .text.HAL_TIM_TriggerCallback
                0x00000000080056fe       0x12 ./Drivers/STM32F1xx_HAL_Driver/Src/stm32f1xx_hal_tim.o
                0x00000000080056fe                HAL_TIM_TriggerCallback
 .text.TIM_Base_SetConfig
                0x0000000008005710       0xc4 ./Drivers/STM32F1xx_HAL_Driver/Src/stm32f1xx_hal_tim.o
                0x0000000008005710                TIM_Base_SetConfig
 .text.TIM_TI1_ConfigInputStage
                0x00000000080057d4       0x5c ./Drivers/STM32F1xx_HAL_Driver/Src/stm32f1xx_hal_tim.o
 .text.TIM_TI2_ConfigInputStage
                0x0000000008005830       0x5e ./Drivers/STM32F1xx_HAL_Driver/Src/stm32f1xx_hal_tim.o
 .text.TIM_ITRx_SetConfig
                0x000000000800588e       0x34 ./Drivers/STM32F1xx_HAL_Driver/Src/stm32f1xx_hal_tim.o
 .text.TIM_ETR_SetConfig
                0x00000000080058c2       0x3e ./Drivers/STM32F1xx_HAL_Driver/Src/stm32f1xx_hal_tim.o
                0x00000000080058c2                TIM_ETR_SetConfig
 .text.TIM_CCxChannelCmd
                0x0000000008005900       0x48 ./Drivers/STM32F1xx_HAL_Driver/Src/stm32f1xx_hal_tim.o
                0x0000000008005900                TIM_CCxChannelCmd
 .text.HAL_TIMEx_MasterConfigSynchronization
                0x0000000008005948       0xbc ./Drivers/STM32F1xx_HAL_Driver/Src/stm32f1xx_hal_tim_ex.o
                0x0000000008005948                HAL_TIMEx_MasterConfigSynchronization
 .text.HAL_TIMEx_CommutCallback
                0x0000000008005a04       0x12 ./Drivers/STM32F1xx_HAL_Driver/Src/stm32f1xx_hal_tim_ex.o
                0x0000000008005a04                HAL_TIMEx_CommutCallback
 .text.HAL_TIMEx_BreakCallback
                0x0000000008005a16       0x12 ./Drivers/STM32F1xx_HAL_Driver/Src/stm32f1xx_hal_tim_ex.o
                0x0000000008005a16                HAL_TIMEx_BreakCallback
 .text.HAL_UART_Init
                0x0000000008005a28       0x9a ./Drivers/STM32F1xx_HAL_Driver/Src/stm32f1xx_hal_uart.o
                0x0000000008005a28                HAL_UART_Init
 .text.HAL_UART_Receive_IT
                0x0000000008005ac2       0x60 ./Drivers/STM32F1xx_HAL_Driver/Src/stm32f1xx_hal_uart.o
                0x0000000008005ac2                HAL_UART_Receive_IT
 *fill*         0x0000000008005b22        0x2 
 .text.HAL_UART_IRQHandler
                0x0000000008005b24      0x354 ./Drivers/STM32F1xx_HAL_Driver/Src/stm32f1xx_hal_uart.o
                0x0000000008005b24                HAL_UART_IRQHandler
 .text.HAL_UART_TxCpltCallback
                0x0000000008005e78       0x12 ./Drivers/STM32F1xx_HAL_Driver/Src/stm32f1xx_hal_uart.o
                0x0000000008005e78                HAL_UART_TxCpltCallback
 .text.HAL_UART_ErrorCallback
                0x0000000008005e8a       0x12 ./Drivers/STM32F1xx_HAL_Driver/Src/stm32f1xx_hal_uart.o
                0x0000000008005e8a                HAL_UART_ErrorCallback
 .text.HAL_UARTEx_RxEventCallback
                0x0000000008005e9c       0x16 ./Drivers/STM32F1xx_HAL_Driver/Src/stm32f1xx_hal_uart.o
                0x0000000008005e9c                HAL_UARTEx_RxEventCallback
 .text.UART_Start_Receive_IT
                0x0000000008005eb2       0x72 ./Drivers/STM32F1xx_HAL_Driver/Src/stm32f1xx_hal_uart.o
                0x0000000008005eb2                UART_Start_Receive_IT
 .text.UART_EndRxTransfer
                0x0000000008005f24       0x58 ./Drivers/STM32F1xx_HAL_Driver/Src/stm32f1xx_hal_uart.o
 .text.UART_DMAAbortOnError
                0x0000000008005f7c       0x28 ./Drivers/STM32F1xx_HAL_Driver/Src/stm32f1xx_hal_uart.o
 .text.UART_Transmit_IT
                0x0000000008005fa4       0x9e ./Drivers/STM32F1xx_HAL_Driver/Src/stm32f1xx_hal_uart.o
 .text.UART_EndTransmit_IT
                0x0000000008006042       0x30 ./Drivers/STM32F1xx_HAL_Driver/Src/stm32f1xx_hal_uart.o
 .text.UART_Receive_IT
                0x0000000008006072      0x152 ./Drivers/STM32F1xx_HAL_Driver/Src/stm32f1xx_hal_uart.o
 .text.UART_SetConfig
                0x00000000080061c4      0x11c ./Drivers/STM32F1xx_HAL_Driver/Src/stm32f1xx_hal_uart.o
 .text.USB_CoreInit
                0x00000000080062e0       0x20 ./Drivers/STM32F1xx_HAL_Driver/Src/stm32f1xx_ll_usb.o
                0x00000000080062e0                USB_CoreInit
 .text.USB_EnableGlobalInt
                0x0000000008006300       0x2c ./Drivers/STM32F1xx_HAL_Driver/Src/stm32f1xx_ll_usb.o
                0x0000000008006300                USB_EnableGlobalInt
 .text.USB_DisableGlobalInt
                0x000000000800632c       0x34 ./Drivers/STM32F1xx_HAL_Driver/Src/stm32f1xx_ll_usb.o
                0x000000000800632c                USB_DisableGlobalInt
 .text.USB_SetCurrentMode
                0x0000000008006360       0x18 ./Drivers/STM32F1xx_HAL_Driver/Src/stm32f1xx_ll_usb.o
                0x0000000008006360                USB_SetCurrentMode
 .text.USB_DevInit
                0x0000000008006378       0x40 ./Drivers/STM32F1xx_HAL_Driver/Src/stm32f1xx_ll_usb.o
                0x0000000008006378                USB_DevInit
 .text.USB_ActivateEndpoint
                0x00000000080063b8      0x6d4 ./Drivers/STM32F1xx_HAL_Driver/Src/stm32f1xx_ll_usb.o
                0x00000000080063b8                USB_ActivateEndpoint
 .text.USB_DeactivateEndpoint
                0x0000000008006a8c      0x3d8 ./Drivers/STM32F1xx_HAL_Driver/Src/stm32f1xx_ll_usb.o
                0x0000000008006a8c                USB_DeactivateEndpoint
 .text.USB_EPStartXfer
                0x0000000008006e64     0x1c70 ./Drivers/STM32F1xx_HAL_Driver/Src/stm32f1xx_ll_usb.o
                0x0000000008006e64                USB_EPStartXfer
 .text.USB_EPSetStall
                0x0000000008008ad4       0xa0 ./Drivers/STM32F1xx_HAL_Driver/Src/stm32f1xx_ll_usb.o
                0x0000000008008ad4                USB_EPSetStall
 .text.USB_EPClearStall
                0x0000000008008b74      0x15a ./Drivers/STM32F1xx_HAL_Driver/Src/stm32f1xx_ll_usb.o
                0x0000000008008b74                USB_EPClearStall
 .text.USB_SetDevAddress
                0x0000000008008cce       0x26 ./Drivers/STM32F1xx_HAL_Driver/Src/stm32f1xx_ll_usb.o
                0x0000000008008cce                USB_SetDevAddress
 .text.USB_DevConnect
                0x0000000008008cf4       0x14 ./Drivers/STM32F1xx_HAL_Driver/Src/stm32f1xx_ll_usb.o
                0x0000000008008cf4                USB_DevConnect
 .text.USB_DevDisconnect
                0x0000000008008d08       0x14 ./Drivers/STM32F1xx_HAL_Driver/Src/stm32f1xx_ll_usb.o
                0x0000000008008d08                USB_DevDisconnect
 .text.USB_ReadInterrupts
                0x0000000008008d1c       0x1e ./Drivers/STM32F1xx_HAL_Driver/Src/stm32f1xx_ll_usb.o
                0x0000000008008d1c                USB_ReadInterrupts
 .text.USB_EP0_OutStart
                0x0000000008008d3a       0x16 ./Drivers/STM32F1xx_HAL_Driver/Src/stm32f1xx_ll_usb.o
                0x0000000008008d3a                USB_EP0_OutStart
 .text.USB_WritePMA
                0x0000000008008d50       0x8a ./Drivers/STM32F1xx_HAL_Driver/Src/stm32f1xx_ll_usb.o
                0x0000000008008d50                USB_WritePMA
 .text.USB_ReadPMA
                0x0000000008008dda       0x9e ./Drivers/STM32F1xx_HAL_Driver/Src/stm32f1xx_ll_usb.o
                0x0000000008008dda                USB_ReadPMA
 .text.USBD_CDC_Init
                0x0000000008008e78       0xf4 ./Middlewares/ST/STM32_USB_Device_Library/Class/CDC/Src/usbd_cdc.o
 .text.USBD_CDC_DeInit
                0x0000000008008f6c       0x6e ./Middlewares/ST/STM32_USB_Device_Library/Class/CDC/Src/usbd_cdc.o
 .text.USBD_CDC_Setup
                0x0000000008008fda      0x146 ./Middlewares/ST/STM32_USB_Device_Library/Class/CDC/Src/usbd_cdc.o
 .text.USBD_CDC_DataIn
                0x0000000008009120       0xa6 ./Middlewares/ST/STM32_USB_Device_Library/Class/CDC/Src/usbd_cdc.o
 .text.USBD_CDC_DataOut
                0x00000000080091c6       0x56 ./Middlewares/ST/STM32_USB_Device_Library/Class/CDC/Src/usbd_cdc.o
 .text.USBD_CDC_EP0_RxReady
                0x000000000800921c       0x50 ./Middlewares/ST/STM32_USB_Device_Library/Class/CDC/Src/usbd_cdc.o
 .text.USBD_CDC_GetFSCfgDesc
                0x000000000800926c       0x20 ./Middlewares/ST/STM32_USB_Device_Library/Class/CDC/Src/usbd_cdc.o
 .text.USBD_CDC_GetHSCfgDesc
                0x000000000800928c       0x20 ./Middlewares/ST/STM32_USB_Device_Library/Class/CDC/Src/usbd_cdc.o
 .text.USBD_CDC_GetOtherSpeedCfgDesc
                0x00000000080092ac       0x20 ./Middlewares/ST/STM32_USB_Device_Library/Class/CDC/Src/usbd_cdc.o
 .text.USBD_CDC_GetDeviceQualifierDescriptor
                0x00000000080092cc       0x20 ./Middlewares/ST/STM32_USB_Device_Library/Class/CDC/Src/usbd_cdc.o
                0x00000000080092cc                USBD_CDC_GetDeviceQualifierDescriptor
 .text.USBD_CDC_RegisterInterface
                0x00000000080092ec       0x2c ./Middlewares/ST/STM32_USB_Device_Library/Class/CDC/Src/usbd_cdc.o
                0x00000000080092ec                USBD_CDC_RegisterInterface
 .text.USBD_CDC_SetTxBuffer
                0x0000000008009318       0x32 ./Middlewares/ST/STM32_USB_Device_Library/Class/CDC/Src/usbd_cdc.o
                0x0000000008009318                USBD_CDC_SetTxBuffer
 .text.USBD_CDC_SetRxBuffer
                0x000000000800934a       0x26 ./Middlewares/ST/STM32_USB_Device_Library/Class/CDC/Src/usbd_cdc.o
                0x000000000800934a                USBD_CDC_SetRxBuffer
 .text.USBD_CDC_TransmitPacket
                0x0000000008009370       0x5e ./Middlewares/ST/STM32_USB_Device_Library/Class/CDC/Src/usbd_cdc.o
                0x0000000008009370                USBD_CDC_TransmitPacket
 .text.USBD_CDC_ReceivePacket
                0x00000000080093ce       0x54 ./Middlewares/ST/STM32_USB_Device_Library/Class/CDC/Src/usbd_cdc.o
                0x00000000080093ce                USBD_CDC_ReceivePacket
 .text.USBD_Init
                0x0000000008009422       0x56 ./Middlewares/ST/STM32_USB_Device_Library/Core/Src/usbd_core.o
                0x0000000008009422                USBD_Init
 .text.USBD_RegisterClass
                0x0000000008009478       0x32 ./Middlewares/ST/STM32_USB_Device_Library/Core/Src/usbd_core.o
                0x0000000008009478                USBD_RegisterClass
 .text.USBD_Start
                0x00000000080094aa       0x18 ./Middlewares/ST/STM32_USB_Device_Library/Core/Src/usbd_core.o
                0x00000000080094aa                USBD_Start
 .text.USBD_RunTestMode
                0x00000000080094c2       0x14 ./Middlewares/ST/STM32_USB_Device_Library/Core/Src/usbd_core.o
                0x00000000080094c2                USBD_RunTestMode
 .text.USBD_SetClassConfig
                0x00000000080094d6       0x3e ./Middlewares/ST/STM32_USB_Device_Library/Core/Src/usbd_core.o
                0x00000000080094d6                USBD_SetClassConfig
 .text.USBD_ClrClassConfig
                0x0000000008009514       0x26 ./Middlewares/ST/STM32_USB_Device_Library/Core/Src/usbd_core.o
                0x0000000008009514                USBD_ClrClassConfig
 .text.USBD_LL_SetupStage
                0x000000000800953a       0x9a ./Middlewares/ST/STM32_USB_Device_Library/Core/Src/usbd_core.o
                0x000000000800953a                USBD_LL_SetupStage
 .text.USBD_LL_DataOutStage
                0x00000000080095d4       0xe2 ./Middlewares/ST/STM32_USB_Device_Library/Core/Src/usbd_core.o
                0x00000000080095d4                USBD_LL_DataOutStage
 .text.USBD_LL_DataInStage
                0x00000000080096b6      0x14a ./Middlewares/ST/STM32_USB_Device_Library/Core/Src/usbd_core.o
                0x00000000080096b6                USBD_LL_DataInStage
 .text.USBD_LL_Reset
                0x0000000008009800       0x82 ./Middlewares/ST/STM32_USB_Device_Library/Core/Src/usbd_core.o
                0x0000000008009800                USBD_LL_Reset
 .text.USBD_LL_SetSpeed
                0x0000000008009882       0x1e ./Middlewares/ST/STM32_USB_Device_Library/Core/Src/usbd_core.o
                0x0000000008009882                USBD_LL_SetSpeed
 .text.USBD_LL_Suspend
                0x00000000080098a0       0x28 ./Middlewares/ST/STM32_USB_Device_Library/Core/Src/usbd_core.o
                0x00000000080098a0                USBD_LL_Suspend
 .text.USBD_LL_Resume
                0x00000000080098c8       0x2a ./Middlewares/ST/STM32_USB_Device_Library/Core/Src/usbd_core.o
                0x00000000080098c8                USBD_LL_Resume
 .text.USBD_LL_SOF
                0x00000000080098f2       0x34 ./Middlewares/ST/STM32_USB_Device_Library/Core/Src/usbd_core.o
                0x00000000080098f2                USBD_LL_SOF
 *fill*         0x0000000008009926        0x2 
 .text.USBD_StdDevReq
                0x0000000008009928       0xd4 ./Middlewares/ST/STM32_USB_Device_Library/Core/Src/usbd_ctlreq.o
                0x0000000008009928                USBD_StdDevReq
 .text.USBD_StdItfReq
                0x00000000080099fc       0x90 ./Middlewares/ST/STM32_USB_Device_Library/Core/Src/usbd_ctlreq.o
                0x00000000080099fc                USBD_StdItfReq
 .text.USBD_StdEPReq
                0x0000000008009a8c      0x2c6 ./Middlewares/ST/STM32_USB_Device_Library/Core/Src/usbd_ctlreq.o
                0x0000000008009a8c                USBD_StdEPReq
 *fill*         0x0000000008009d52        0x2 
 .text.USBD_GetDescriptor
                0x0000000008009d54      0x2d0 ./Middlewares/ST/STM32_USB_Device_Library/Core/Src/usbd_ctlreq.o
 .text.USBD_SetAddress
                0x000000000800a024       0x86 ./Middlewares/ST/STM32_USB_Device_Library/Core/Src/usbd_ctlreq.o
 *fill*         0x000000000800a0aa        0x2 
 .text.USBD_SetConfig
                0x000000000800a0ac      0x11c ./Middlewares/ST/STM32_USB_Device_Library/Core/Src/usbd_ctlreq.o
 .text.USBD_GetConfig
                0x000000000800a1c8       0x6a ./Middlewares/ST/STM32_USB_Device_Library/Core/Src/usbd_ctlreq.o
 .text.USBD_GetStatus
                0x000000000800a232       0x66 ./Middlewares/ST/STM32_USB_Device_Library/Core/Src/usbd_ctlreq.o
 .text.USBD_SetFeature
                0x000000000800a298       0x28 ./Middlewares/ST/STM32_USB_Device_Library/Core/Src/usbd_ctlreq.o
 .text.USBD_ClrFeature
                0x000000000800a2c0       0x42 ./Middlewares/ST/STM32_USB_Device_Library/Core/Src/usbd_ctlreq.o
 .text.USBD_ParseSetupRequest
                0x000000000800a302       0x78 ./Middlewares/ST/STM32_USB_Device_Library/Core/Src/usbd_ctlreq.o
                0x000000000800a302                USBD_ParseSetupRequest
 .text.USBD_CtlError
                0x000000000800a37a       0x22 ./Middlewares/ST/STM32_USB_Device_Library/Core/Src/usbd_ctlreq.o
                0x000000000800a37a                USBD_CtlError
 .text.USBD_GetString
                0x000000000800a39c       0x84 ./Middlewares/ST/STM32_USB_Device_Library/Core/Src/usbd_ctlreq.o
                0x000000000800a39c                USBD_GetString
 .text.USBD_GetLen
                0x000000000800a420       0x2e ./Middlewares/ST/STM32_USB_Device_Library/Core/Src/usbd_ctlreq.o
 .text.USBD_CtlSendData
                0x000000000800a44e       0x38 ./Middlewares/ST/STM32_USB_Device_Library/Core/Src/usbd_ioreq.o
                0x000000000800a44e                USBD_CtlSendData
 .text.USBD_CtlContinueSendData
                0x000000000800a486       0x24 ./Middlewares/ST/STM32_USB_Device_Library/Core/Src/usbd_ioreq.o
                0x000000000800a486                USBD_CtlContinueSendData
 .text.USBD_CtlPrepareRx
                0x000000000800a4aa       0x3c ./Middlewares/ST/STM32_USB_Device_Library/Core/Src/usbd_ioreq.o
                0x000000000800a4aa                USBD_CtlPrepareRx
 .text.USBD_CtlContinueRx
                0x000000000800a4e6       0x24 ./Middlewares/ST/STM32_USB_Device_Library/Core/Src/usbd_ioreq.o
                0x000000000800a4e6                USBD_CtlContinueRx
 .text.USBD_CtlSendStatus
                0x000000000800a50a       0x26 ./Middlewares/ST/STM32_USB_Device_Library/Core/Src/usbd_ioreq.o
                0x000000000800a50a                USBD_CtlSendStatus
 .text.USBD_CtlReceiveStatus
                0x000000000800a530       0x26 ./Middlewares/ST/STM32_USB_Device_Library/Core/Src/usbd_ioreq.o
                0x000000000800a530                USBD_CtlReceiveStatus
 *fill*         0x000000000800a556        0x2 
 .text.MX_USB_DEVICE_Init
                0x000000000800a558       0x60 ./USB_DEVICE/App/usb_device.o
                0x000000000800a558                MX_USB_DEVICE_Init
 .text.CDC_Init_FS
                0x000000000800a5b8       0x28 ./USB_DEVICE/App/usbd_cdc_if.o
 .text.CDC_DeInit_FS
                0x000000000800a5e0        0xe ./USB_DEVICE/App/usbd_cdc_if.o
 *fill*         0x000000000800a5ee        0x2 
 .text.CDC_Control_FS
                0x000000000800a5f0       0xbc ./USB_DEVICE/App/usbd_cdc_if.o
 .text.CDC_Receive_FS
                0x000000000800a6ac       0x68 ./USB_DEVICE/App/usbd_cdc_if.o
 .text.CDC_Transmit_FS
                0x000000000800a714       0x4c ./USB_DEVICE/App/usbd_cdc_if.o
                0x000000000800a714                CDC_Transmit_FS
 .text.USBD_FS_DeviceDescriptor
                0x000000000800a760       0x24 ./USB_DEVICE/App/usbd_desc.o
                0x000000000800a760                USBD_FS_DeviceDescriptor
 .text.USBD_FS_LangIDStrDescriptor
                0x000000000800a784       0x24 ./USB_DEVICE/App/usbd_desc.o
                0x000000000800a784                USBD_FS_LangIDStrDescriptor
 .text.USBD_FS_ProductStrDescriptor
                0x000000000800a7a8       0x3c ./USB_DEVICE/App/usbd_desc.o
                0x000000000800a7a8                USBD_FS_ProductStrDescriptor
 .text.USBD_FS_ManufacturerStrDescriptor
                0x000000000800a7e4       0x28 ./USB_DEVICE/App/usbd_desc.o
                0x000000000800a7e4                USBD_FS_ManufacturerStrDescriptor
 .text.USBD_FS_SerialStrDescriptor
                0x000000000800a80c       0x24 ./USB_DEVICE/App/usbd_desc.o
                0x000000000800a80c                USBD_FS_SerialStrDescriptor
 .text.USBD_FS_ConfigStrDescriptor
                0x000000000800a830       0x3c ./USB_DEVICE/App/usbd_desc.o
                0x000000000800a830                USBD_FS_ConfigStrDescriptor
 .text.USBD_FS_InterfaceStrDescriptor
                0x000000000800a86c       0x3c ./USB_DEVICE/App/usbd_desc.o
                0x000000000800a86c                USBD_FS_InterfaceStrDescriptor
 .text.Get_SerialNum
                0x000000000800a8a8       0x58 ./USB_DEVICE/App/usbd_desc.o
 .text.IntToUnicode
                0x000000000800a900       0x7c ./USB_DEVICE/App/usbd_desc.o
 .text.HAL_PCD_MspInit
                0x000000000800a97c       0x4c ./USB_DEVICE/Target/usbd_conf.o
                0x000000000800a97c                HAL_PCD_MspInit
 .text.HAL_PCD_SetupStageCallback
                0x000000000800a9c8       0x24 ./USB_DEVICE/Target/usbd_conf.o
                0x000000000800a9c8                HAL_PCD_SetupStageCallback
 .text.HAL_PCD_DataOutStageCallback
                0x000000000800a9ec       0x36 ./USB_DEVICE/Target/usbd_conf.o
                0x000000000800a9ec                HAL_PCD_DataOutStageCallback
 .text.HAL_PCD_DataInStageCallback
                0x000000000800aa22       0x34 ./USB_DEVICE/Target/usbd_conf.o
                0x000000000800aa22                HAL_PCD_DataInStageCallback
 .text.HAL_PCD_SOFCallback
                0x000000000800aa56       0x1c ./USB_DEVICE/Target/usbd_conf.o
                0x000000000800aa56                HAL_PCD_SOFCallback
 .text.HAL_PCD_ResetCallback
                0x000000000800aa72       0x3c ./USB_DEVICE/Target/usbd_conf.o
                0x000000000800aa72                HAL_PCD_ResetCallback
 *fill*         0x000000000800aaae        0x2 
 .text.HAL_PCD_SuspendCallback
                0x000000000800aab0       0x34 ./USB_DEVICE/Target/usbd_conf.o
                0x000000000800aab0                HAL_PCD_SuspendCallback
 .text.HAL_PCD_ResumeCallback
                0x000000000800aae4       0x1c ./USB_DEVICE/Target/usbd_conf.o
                0x000000000800aae4                HAL_PCD_ResumeCallback
 .text.USBD_LL_Init
                0x000000000800ab00       0xb4 ./USB_DEVICE/Target/usbd_conf.o
                0x000000000800ab00                USBD_LL_Init
 .text.USBD_LL_Start
                0x000000000800abb4       0x36 ./USB_DEVICE/Target/usbd_conf.o
                0x000000000800abb4                USBD_LL_Start
 .text.USBD_LL_OpenEP
                0x000000000800abea       0x4c ./USB_DEVICE/Target/usbd_conf.o
                0x000000000800abea                USBD_LL_OpenEP
 .text.USBD_LL_CloseEP
                0x000000000800ac36       0x3e ./USB_DEVICE/Target/usbd_conf.o
                0x000000000800ac36                USBD_LL_CloseEP
 .text.USBD_LL_StallEP
                0x000000000800ac74       0x3e ./USB_DEVICE/Target/usbd_conf.o
                0x000000000800ac74                USBD_LL_StallEP
 .text.USBD_LL_ClearStallEP
                0x000000000800acb2       0x3e ./USB_DEVICE/Target/usbd_conf.o
                0x000000000800acb2                USBD_LL_ClearStallEP
 .text.USBD_LL_IsStallEP
                0x000000000800acf0       0x58 ./USB_DEVICE/Target/usbd_conf.o
                0x000000000800acf0                USBD_LL_IsStallEP
 .text.USBD_LL_SetUSBAddress
                0x000000000800ad48       0x3e ./USB_DEVICE/Target/usbd_conf.o
                0x000000000800ad48                USBD_LL_SetUSBAddress
 .text.USBD_LL_Transmit
                0x000000000800ad86       0x46 ./USB_DEVICE/Target/usbd_conf.o
                0x000000000800ad86                USBD_LL_Transmit
 .text.USBD_LL_PrepareReceive
                0x000000000800adcc       0x46 ./USB_DEVICE/Target/usbd_conf.o
                0x000000000800adcc                USBD_LL_PrepareReceive
 .text.USBD_LL_GetRxDataSize
                0x000000000800ae12       0x26 ./USB_DEVICE/Target/usbd_conf.o
                0x000000000800ae12                USBD_LL_GetRxDataSize
 .text.USBD_static_malloc
                0x000000000800ae38       0x18 ./USB_DEVICE/Target/usbd_conf.o
                0x000000000800ae38                USBD_static_malloc
 .text.USBD_static_free
                0x000000000800ae50       0x12 ./USB_DEVICE/Target/usbd_conf.o
                0x000000000800ae50                USBD_static_free
 .text.HAL_PCDEx_SetConnectionState
                0x000000000800ae62       0x16 ./USB_DEVICE/Target/usbd_conf.o
                0x000000000800ae62                HAL_PCDEx_SetConnectionState
 .text.USBD_Get_USB_Status
                0x000000000800ae78       0x58 ./USB_DEVICE/Target/usbd_conf.o
 .text.__libc_init_array
                0x000000000800aed0       0x48 c:/st/stm32cubeide_1.10.1/stm32cubeide/plugins/com.st.stm32cube.ide.mcu.externaltools.gnu-tools-for-stm32.10.3-2021.10.win32_1.0.0.202111181127/tools/bin/../lib/gcc/arm-none-eabi/10.3.1/../../../../arm-none-eabi/lib/thumb/v7-m/nofp\libc_nano.a(lib_a-init.o)
                0x000000000800aed0                __libc_init_array
 .text.memcpy   0x000000000800af18       0x1c c:/st/stm32cubeide_1.10.1/stm32cubeide/plugins/com.st.stm32cube.ide.mcu.externaltools.gnu-tools-for-stm32.10.3-2021.10.win32_1.0.0.202111181127/tools/bin/../lib/gcc/arm-none-eabi/10.3.1/../../../../arm-none-eabi/lib/thumb/v7-m/nofp\libc_nano.a(lib_a-memcpy-stub.o)
                0x000000000800af18                memcpy
 .text.memset   0x000000000800af34       0x10 c:/st/stm32cubeide_1.10.1/stm32cubeide/plugins/com.st.stm32cube.ide.mcu.externaltools.gnu-tools-for-stm32.10.3-2021.10.win32_1.0.0.202111181127/tools/bin/../lib/gcc/arm-none-eabi/10.3.1/../../../../arm-none-eabi/lib/thumb/v7-m/nofp\libc_nano.a(lib_a-memset.o)
                0x000000000800af34                memset
 *(.glue_7)
 .glue_7        0x000000000800af44        0x0 linker stubs
 *(.glue_7t)
 .glue_7t       0x000000000800af44        0x0 linker stubs
 *(.eh_frame)
 .eh_frame      0x000000000800af44        0x0 c:/st/stm32cubeide_1.10.1/stm32cubeide/plugins/com.st.stm32cube.ide.mcu.externaltools.gnu-tools-for-stm32.10.3-2021.10.win32_1.0.0.202111181127/tools/bin/../lib/gcc/arm-none-eabi/10.3.1/thumb/v7-m/nofp/crtbegin.o
 *(.init)
 .init          0x000000000800af44        0x4 c:/st/stm32cubeide_1.10.1/stm32cubeide/plugins/com.st.stm32cube.ide.mcu.externaltools.gnu-tools-for-stm32.10.3-2021.10.win32_1.0.0.202111181127/tools/bin/../lib/gcc/arm-none-eabi/10.3.1/thumb/v7-m/nofp/crti.o
                0x000000000800af44                _init
 .init          0x000000000800af48        0x8 c:/st/stm32cubeide_1.10.1/stm32cubeide/plugins/com.st.stm32cube.ide.mcu.externaltools.gnu-tools-for-stm32.10.3-2021.10.win32_1.0.0.202111181127/tools/bin/../lib/gcc/arm-none-eabi/10.3.1/thumb/v7-m/nofp/crtn.o
 *(.fini)
 .fini          0x000000000800af50        0x4 c:/st/stm32cubeide_1.10.1/stm32cubeide/plugins/com.st.stm32cube.ide.mcu.externaltools.gnu-tools-for-stm32.10.3-2021.10.win32_1.0.0.202111181127/tools/bin/../lib/gcc/arm-none-eabi/10.3.1/thumb/v7-m/nofp/crti.o
                0x000000000800af50                _fini
 .fini          0x000000000800af54        0x8 c:/st/stm32cubeide_1.10.1/stm32cubeide/plugins/com.st.stm32cube.ide.mcu.externaltools.gnu-tools-for-stm32.10.3-2021.10.win32_1.0.0.202111181127/tools/bin/../lib/gcc/arm-none-eabi/10.3.1/thumb/v7-m/nofp/crtn.o
                0x000000000800af5c                . = ALIGN (0x4)
                0x000000000800af5c                _etext = .

.vfp11_veneer   0x000000000800af5c        0x0
 .vfp11_veneer  0x000000000800af5c        0x0 linker stubs

.v4_bx          0x000000000800af5c        0x0
 .v4_bx         0x000000000800af5c        0x0 linker stubs

.iplt           0x000000000800af5c        0x0
 .iplt          0x000000000800af5c        0x0 c:/st/stm32cubeide_1.10.1/stm32cubeide/plugins/com.st.stm32cube.ide.mcu.externaltools.gnu-tools-for-stm32.10.3-2021.10.win32_1.0.0.202111181127/tools/bin/../lib/gcc/arm-none-eabi/10.3.1/thumb/v7-m/nofp/crtbegin.o

.rodata         0x000000000800af5c       0x70
                0x000000000800af5c                . = ALIGN (0x4)
 *(.rodata)
 .rodata        0x000000000800af5c       0x10 ./Drivers/STM32F1xx_HAL_Driver/Src/stm32f1xx_hal_rcc.o
 .rodata        0x000000000800af6c       0x46 ./USB_DEVICE/App/usbd_desc.o
 *(.rodata*)
 *fill*         0x000000000800afb2        0x2 
 .rodata.AHBPrescTable
                0x000000000800afb4       0x10 ./Core/Src/system_stm32f1xx.o
                0x000000000800afb4                AHBPrescTable
 .rodata.APBPrescTable
                0x000000000800afc4        0x8 ./Core/Src/system_stm32f1xx.o
                0x000000000800afc4                APBPrescTable
                0x000000000800afcc                . = ALIGN (0x4)

.rel.dyn        0x000000000800afcc        0x0
 .rel.iplt      0x000000000800afcc        0x0 c:/st/stm32cubeide_1.10.1/stm32cubeide/plugins/com.st.stm32cube.ide.mcu.externaltools.gnu-tools-for-stm32.10.3-2021.10.win32_1.0.0.202111181127/tools/bin/../lib/gcc/arm-none-eabi/10.3.1/thumb/v7-m/nofp/crtbegin.o

.ARM.extab      0x000000000800afcc        0x0
                0x000000000800afcc                . = ALIGN (0x4)
 *(.ARM.extab* .gnu.linkonce.armextab.*)
                0x000000000800afcc                . = ALIGN (0x4)

.ARM            0x000000000800afcc        0x0
                0x000000000800afcc                . = ALIGN (0x4)
                0x000000000800afcc                __exidx_start = .
 *(.ARM.exidx*)
                0x000000000800afcc                __exidx_end = .
                0x000000000800afcc                . = ALIGN (0x4)

.preinit_array  0x000000000800afcc        0x0
                0x000000000800afcc                . = ALIGN (0x4)
                0x000000000800afcc                PROVIDE (__preinit_array_start = .)
 *(.preinit_array*)
                0x000000000800afcc                PROVIDE (__preinit_array_end = .)
                0x000000000800afcc                . = ALIGN (0x4)

.init_array     0x000000000800afcc        0x4
                0x000000000800afcc                . = ALIGN (0x4)
                0x000000000800afcc                PROVIDE (__init_array_start = .)
 *(SORT_BY_NAME(.init_array.*))
 *(.init_array*)
 .init_array    0x000000000800afcc        0x4 c:/st/stm32cubeide_1.10.1/stm32cubeide/plugins/com.st.stm32cube.ide.mcu.externaltools.gnu-tools-for-stm32.10.3-2021.10.win32_1.0.0.202111181127/tools/bin/../lib/gcc/arm-none-eabi/10.3.1/thumb/v7-m/nofp/crtbegin.o
                0x000000000800afd0                PROVIDE (__init_array_end = .)
                0x000000000800afd0                . = ALIGN (0x4)

.fini_array     0x000000000800afd0        0x4
                0x000000000800afd0                . = ALIGN (0x4)
                [!provide]                        PROVIDE (__fini_array_start = .)
 *(SORT_BY_NAME(.fini_array.*))
 *(.fini_array*)
 .fini_array    0x000000000800afd0        0x4 c:/st/stm32cubeide_1.10.1/stm32cubeide/plugins/com.st.stm32cube.ide.mcu.externaltools.gnu-tools-for-stm32.10.3-2021.10.win32_1.0.0.202111181127/tools/bin/../lib/gcc/arm-none-eabi/10.3.1/thumb/v7-m/nofp/crtbegin.o
                [!provide]                        PROVIDE (__fini_array_end = .)
                0x000000000800afd4                . = ALIGN (0x4)
                0x000000000800afd4                _sidata = LOADADDR (.data)

.data           0x0000000020000000      0x180 load address 0x000000000800afd4
                0x0000000020000000                . = ALIGN (0x4)
                0x0000000020000000                _sdata = .
 *(.data)
 *(.data*)
 .data.errorFlag
                0x0000000020000000        0x1 ./Core/Src/main.o
                0x0000000020000000                errorFlag
 *fill*         0x0000000020000001        0x3 
 .data.SystemCoreClock
                0x0000000020000004        0x4 ./Core/Src/system_stm32f1xx.o
                0x0000000020000004                SystemCoreClock
 .data.uwTickPrio
                0x0000000020000008        0x4 ./Drivers/STM32F1xx_HAL_Driver/Src/stm32f1xx_hal.o
                0x0000000020000008                uwTickPrio
 .data.uwTickFreq
                0x000000002000000c        0x1 ./Drivers/STM32F1xx_HAL_Driver/Src/stm32f1xx_hal.o
                0x000000002000000c                uwTickFreq
 *fill*         0x000000002000000d        0x3 
 .data.USBD_CDC_DeviceQualifierDesc
                0x0000000020000010        0xa ./Middlewares/ST/STM32_USB_Device_Library/Class/CDC/Src/usbd_cdc.o
 *fill*         0x000000002000001a        0x2 
 .data.USBD_CDC
                0x000000002000001c       0x38 ./Middlewares/ST/STM32_USB_Device_Library/Class/CDC/Src/usbd_cdc.o
                0x000000002000001c                USBD_CDC
 .data.USBD_CDC_CfgHSDesc
                0x0000000020000054       0x43 ./Middlewares/ST/STM32_USB_Device_Library/Class/CDC/Src/usbd_cdc.o
                0x0000000020000054                USBD_CDC_CfgHSDesc
 *fill*         0x0000000020000097        0x1 
 .data.USBD_CDC_CfgFSDesc
                0x0000000020000098       0x43 ./Middlewares/ST/STM32_USB_Device_Library/Class/CDC/Src/usbd_cdc.o
                0x0000000020000098                USBD_CDC_CfgFSDesc
 *fill*         0x00000000200000db        0x1 
 .data.USBD_CDC_OtherSpeedCfgDesc
                0x00000000200000dc       0x43 ./Middlewares/ST/STM32_USB_Device_Library/Class/CDC/Src/usbd_cdc.o
                0x00000000200000dc                USBD_CDC_OtherSpeedCfgDesc
 *fill*         0x000000002000011f        0x1 
 .data.USBD_Interface_fops_FS
                0x0000000020000120       0x10 ./USB_DEVICE/App/usbd_cdc_if.o
                0x0000000020000120                USBD_Interface_fops_FS
 .data.FS_Desc  0x0000000020000130       0x1c ./USB_DEVICE/App/usbd_desc.o
                0x0000000020000130                FS_Desc
 .data.USBD_FS_DeviceDesc
                0x000000002000014c       0x12 ./USB_DEVICE/App/usbd_desc.o
                0x000000002000014c                USBD_FS_DeviceDesc
 *fill*         0x000000002000015e        0x2 
 .data.USBD_LangIDDesc
                0x0000000020000160        0x4 ./USB_DEVICE/App/usbd_desc.o
                0x0000000020000160                USBD_LangIDDesc
 .data.USBD_StringSerial
                0x0000000020000164       0x1a ./USB_DEVICE/App/usbd_desc.o
                0x0000000020000164                USBD_StringSerial
 *(.RamFunc)
 *(.RamFunc*)
                0x0000000020000180                . = ALIGN (0x4)
 *fill*         0x000000002000017e        0x2 
                0x0000000020000180                _edata = .

.igot.plt       0x0000000020000180        0x0 load address 0x000000000800b154
 .igot.plt      0x0000000020000180        0x0 c:/st/stm32cubeide_1.10.1/stm32cubeide/plugins/com.st.stm32cube.ide.mcu.externaltools.gnu-tools-for-stm32.10.3-2021.10.win32_1.0.0.202111181127/tools/bin/../lib/gcc/arm-none-eabi/10.3.1/thumb/v7-m/nofp/crtbegin.o
                0x0000000020000180                . = ALIGN (0x4)

.bss            0x0000000020000180     0x1464 load address 0x000000000800b154
                0x0000000020000180                _sbss = .
                0x0000000020000180                __bss_start__ = _sbss
 *(.bss)
 .bss           0x0000000020000180       0x1c c:/st/stm32cubeide_1.10.1/stm32cubeide/plugins/com.st.stm32cube.ide.mcu.externaltools.gnu-tools-for-stm32.10.3-2021.10.win32_1.0.0.202111181127/tools/bin/../lib/gcc/arm-none-eabi/10.3.1/thumb/v7-m/nofp/crtbegin.o
 *(.bss*)
 .bss.htim2     0x000000002000019c       0x48 ./Core/Src/main.o
                0x000000002000019c                htim2
 .bss.htim3     0x00000000200001e4       0x48 ./Core/Src/main.o
                0x00000000200001e4                htim3
 .bss.huart2    0x000000002000022c       0x44 ./Core/Src/main.o
                0x000000002000022c                huart2
 .bss.buffer    0x0000000020000270       0x46 ./Core/Src/main.o
                0x0000000020000270                buffer
 .bss.USB_FLAG  0x00000000200002b6        0x1 ./Core/Src/main.o
                0x00000000200002b6                USB_FLAG
 .bss.EndReception
                0x00000000200002b7        0x1 ./Core/Src/main.o
                0x00000000200002b7                EndReception
 .bss.RXBuffer  0x00000000200002b8        0x1 ./Core/Src/main.o
                0x00000000200002b8                RXBuffer
 *fill*         0x00000000200002b9        0x3 
 .bss.RXBufferArray
                0x00000000200002bc        0xa ./Core/Src/main.o
                0x00000000200002bc                RXBufferArray
 .bss.readStatus
                0x00000000200002c6        0x1 ./Core/Src/main.o
                0x00000000200002c6                readStatus
 *fill*         0x00000000200002c7        0x1 
 .bss.i         0x00000000200002c8        0x4 ./Core/Src/main.o
                0x00000000200002c8                i
 .bss.transmitFlag
                0x00000000200002cc        0x4 ./Core/Src/main.o
                0x00000000200002cc                transmitFlag
 .bss.dados     0x00000000200002d0       0x10 ./Core/Src/main.o
                0x00000000200002d0                dados
 .bss.bufferPulso
                0x00000000200002e0       0x28 ./Core/Src/main.o
                0x00000000200002e0                bufferPulso
 .bss.fimPulso  0x0000000020000308       0x28 ./Core/Src/main.o
                0x0000000020000308                fimPulso
 .bss.timeTotal
                0x0000000020000330        0x1 ./Core/Src/main.o
                0x0000000020000330                timeTotal
 *fill*         0x0000000020000331        0x3 
 .bss.pulseCounter
                0x0000000020000334        0x4 ./Core/Src/main.o
                0x0000000020000334                pulseCounter
 .bss.counterPulso
                0x0000000020000338       0x28 ./Core/Src/main.o
                0x0000000020000338                counterPulso
 .bss.actualTime
                0x0000000020000360        0x2 ./Core/Src/main.o
                0x0000000020000360                actualTime
 .bss.previousTime
                0x0000000020000362        0x2 ./Core/Src/main.o
                0x0000000020000362                previousTime
 .bss.edgeTime  0x0000000020000364        0x2 ./Core/Src/main.o
                0x0000000020000364                edgeTime
 .bss.pulseFlag
                0x0000000020000366        0x1 ./Core/Src/main.o
                0x0000000020000366                pulseFlag
 .bss.readState
                0x0000000020000367        0x1 ./Core/Src/main.o
                0x0000000020000367                readState
 .bss.receive_message
                0x0000000020000368       0x1c ./Core/Src/main.o
                0x0000000020000368                receive_message
 .bss.infoDevice
                0x0000000020000384        0x8 ./Core/Src/main.o
                0x0000000020000384                infoDevice
 .bss.encoderPulso
                0x000000002000038c        0x4 ./Core/Src/main.o
                0x000000002000038c                encoderPulso
 .bss.timeEncoder
                0x0000000020000390        0x2 ./Core/Src/main.o
                0x0000000020000390                timeEncoder
 .bss.c_sum     0x0000000020000392        0x2 ./Core/Src/main.o
                0x0000000020000392                c_sum
 .bss.checksum  0x0000000020000394        0x1 ./Core/Src/main.o
                0x0000000020000394                checksum
 .bss.Total     0x0000000020000395        0x1 ./Core/Src/main.o
                0x0000000020000395                Total
 .bss.StateMachine
                0x0000000020000396        0x1 ./Core/Src/main.o
                0x0000000020000396                StateMachine
 .bss.uart_state
                0x0000000020000397        0x1 ./Core/Src/main.o
                0x0000000020000397                uart_state
 .bss.timerEnable
                0x0000000020000398        0x4 ./Core/Src/main.o
                0x0000000020000398                timerEnable
 .bss.currentTime
                0x000000002000039c       0x14 ./Core/Src/main.o
                0x000000002000039c                currentTime
 .bss.bufferTime
                0x00000000200003b0       0x14 ./Core/Src/main.o
                0x00000000200003b0                bufferTime
 .bss.samples   0x00000000200003c4        0x1 ./Core/Src/main.o
                0x00000000200003c4                samples
 *fill*         0x00000000200003c5        0x3 
 .bss.contador  0x00000000200003c8        0x4 ./Core/Src/main.o
                0x00000000200003c8                contador
 .bss.direction
                0x00000000200003cc        0x1 ./Core/Src/main.o
                0x00000000200003cc                direction
 .bss.deviceFlag
                0x00000000200003cd        0x1 ./Core/Src/main.o
                0x00000000200003cd                deviceFlag
 *fill*         0x00000000200003ce        0x2 
 .bss.FirstData.2
                0x00000000200003d0        0x4 ./Core/Src/main.o
 .bss.txBufferRead.1
                0x00000000200003d4       0x43 ./Core/Src/main.o
 .bss.stopEncoder.0
                0x0000000020000417        0x1 ./Core/Src/main.o
 .bss.uwTick    0x0000000020000418        0x4 ./Drivers/STM32F1xx_HAL_Driver/Src/stm32f1xx_hal.o
                0x0000000020000418                uwTick
 *fill*         0x000000002000041c        0x4 
 .bss.pFlash    0x0000000020000420       0x20 ./Drivers/STM32F1xx_HAL_Driver/Src/stm32f1xx_hal_flash.o
                0x0000000020000420                pFlash
 .bss.cfgidx.0  0x0000000020000440        0x1 ./Middlewares/ST/STM32_USB_Device_Library/Core/Src/usbd_ctlreq.o
 *fill*         0x0000000020000441        0x3 
 .bss.hUsbDeviceFS
                0x0000000020000444      0x2c4 ./USB_DEVICE/App/usb_device.o
                0x0000000020000444                hUsbDeviceFS
 .bss.UserRxBufferFS
                0x0000000020000708      0x3e8 ./USB_DEVICE/App/usbd_cdc_if.o
                0x0000000020000708                UserRxBufferFS
 .bss.UserTxBufferFS
                0x0000000020000af0      0x3e8 ./USB_DEVICE/App/usbd_cdc_if.o
                0x0000000020000af0                UserTxBufferFS
 .bss.USBD_StrDesc
                0x0000000020000ed8      0x200 ./USB_DEVICE/App/usbd_desc.o
                0x0000000020000ed8                USBD_StrDesc
 .bss.hpcd_USB_FS
                0x00000000200010d8      0x2ec ./USB_DEVICE/Target/usbd_conf.o
                0x00000000200010d8                hpcd_USB_FS
 .bss.mem.0     0x00000000200013c4      0x220 ./USB_DEVICE/Target/usbd_conf.o
 *(COMMON)
                0x00000000200015e4                . = ALIGN (0x4)
                0x00000000200015e4                _ebss = .
                0x00000000200015e4                __bss_end__ = _ebss

._user_heap_stack
                0x00000000200015e4      0x604 load address 0x000000000800b154
                0x00000000200015e8                . = ALIGN (0x8)
 *fill*         0x00000000200015e4        0x4 
                [!provide]                        PROVIDE (end = .)
                0x00000000200015e8                PROVIDE (_end = .)
                0x00000000200017e8                . = (. + _Min_Heap_Size)
 *fill*         0x00000000200015e8      0x200 
                0x0000000020001be8                . = (. + _Min_Stack_Size)
 *fill*         0x00000000200017e8      0x400 
                0x0000000020001be8                . = ALIGN (0x8)

/DISCARD/
 libc.a(*)
 libm.a(*)
 libgcc.a(*)

.ARM.attributes
                0x0000000000000000       0x29
 *(.ARM.attributes)
 .ARM.attributes
                0x0000000000000000       0x1d c:/st/stm32cubeide_1.10.1/stm32cubeide/plugins/com.st.stm32cube.ide.mcu.externaltools.gnu-tools-for-stm32.10.3-2021.10.win32_1.0.0.202111181127/tools/bin/../lib/gcc/arm-none-eabi/10.3.1/thumb/v7-m/nofp/crti.o
 .ARM.attributes
                0x000000000000001d       0x2d c:/st/stm32cubeide_1.10.1/stm32cubeide/plugins/com.st.stm32cube.ide.mcu.externaltools.gnu-tools-for-stm32.10.3-2021.10.win32_1.0.0.202111181127/tools/bin/../lib/gcc/arm-none-eabi/10.3.1/thumb/v7-m/nofp/crtbegin.o
 .ARM.attributes
                0x000000000000004a       0x2d ./Core/Src/flash_v1.0.o
 .ARM.attributes
                0x0000000000000077       0x2d ./Core/Src/main.o
 .ARM.attributes
                0x00000000000000a4       0x2d ./Core/Src/stm32f1xx_hal_msp.o
 .ARM.attributes
                0x00000000000000d1       0x2d ./Core/Src/stm32f1xx_it.o
 .ARM.attributes
                0x00000000000000fe       0x2d ./Core/Src/system_stm32f1xx.o
 .ARM.attributes
                0x000000000000012b       0x21 ./Core/Startup/startup_stm32f103c8tx.o
 .ARM.attributes
                0x000000000000014c       0x2d ./Drivers/STM32F1xx_HAL_Driver/Src/stm32f1xx_hal.o
 .ARM.attributes
                0x0000000000000179       0x2d ./Drivers/STM32F1xx_HAL_Driver/Src/stm32f1xx_hal_cortex.o
 .ARM.attributes
                0x00000000000001a6       0x2d ./Drivers/STM32F1xx_HAL_Driver/Src/stm32f1xx_hal_dma.o
 .ARM.attributes
                0x00000000000001d3       0x2d ./Drivers/STM32F1xx_HAL_Driver/Src/stm32f1xx_hal_flash.o
 .ARM.attributes
                0x0000000000000200       0x2d ./Drivers/STM32F1xx_HAL_Driver/Src/stm32f1xx_hal_flash_ex.o
 .ARM.attributes
                0x000000000000022d       0x2d ./Drivers/STM32F1xx_HAL_Driver/Src/stm32f1xx_hal_gpio.o
 .ARM.attributes
                0x000000000000025a       0x2d ./Drivers/STM32F1xx_HAL_Driver/Src/stm32f1xx_hal_pcd.o
 .ARM.attributes
                0x0000000000000287       0x2d ./Drivers/STM32F1xx_HAL_Driver/Src/stm32f1xx_hal_pcd_ex.o
 .ARM.attributes
                0x00000000000002b4       0x2d ./Drivers/STM32F1xx_HAL_Driver/Src/stm32f1xx_hal_rcc.o
 .ARM.attributes
                0x00000000000002e1       0x2d ./Drivers/STM32F1xx_HAL_Driver/Src/stm32f1xx_hal_rcc_ex.o
 .ARM.attributes
                0x000000000000030e       0x2d ./Drivers/STM32F1xx_HAL_Driver/Src/stm32f1xx_hal_tim.o
 .ARM.attributes
                0x000000000000033b       0x2d ./Drivers/STM32F1xx_HAL_Driver/Src/stm32f1xx_hal_tim_ex.o
 .ARM.attributes
                0x0000000000000368       0x2d ./Drivers/STM32F1xx_HAL_Driver/Src/stm32f1xx_hal_uart.o
 .ARM.attributes
                0x0000000000000395       0x2d ./Drivers/STM32F1xx_HAL_Driver/Src/stm32f1xx_ll_usb.o
 .ARM.attributes
                0x00000000000003c2       0x2d ./Middlewares/ST/STM32_USB_Device_Library/Class/CDC/Src/usbd_cdc.o
 .ARM.attributes
                0x00000000000003ef       0x2d ./Middlewares/ST/STM32_USB_Device_Library/Core/Src/usbd_core.o
 .ARM.attributes
                0x000000000000041c       0x2d ./Middlewares/ST/STM32_USB_Device_Library/Core/Src/usbd_ctlreq.o
 .ARM.attributes
                0x0000000000000449       0x2d ./Middlewares/ST/STM32_USB_Device_Library/Core/Src/usbd_ioreq.o
 .ARM.attributes
                0x0000000000000476       0x2d ./USB_DEVICE/App/usb_device.o
 .ARM.attributes
                0x00000000000004a3       0x2d ./USB_DEVICE/App/usbd_cdc_if.o
 .ARM.attributes
                0x00000000000004d0       0x2d ./USB_DEVICE/App/usbd_desc.o
 .ARM.attributes
                0x00000000000004fd       0x2d ./USB_DEVICE/Target/usbd_conf.o
 .ARM.attributes
                0x000000000000052a       0x2d c:/st/stm32cubeide_1.10.1/stm32cubeide/plugins/com.st.stm32cube.ide.mcu.externaltools.gnu-tools-for-stm32.10.3-2021.10.win32_1.0.0.202111181127/tools/bin/../lib/gcc/arm-none-eabi/10.3.1/../../../../arm-none-eabi/lib/thumb/v7-m/nofp\libc_nano.a(lib_a-init.o)
 .ARM.attributes
                0x0000000000000557       0x2d c:/st/stm32cubeide_1.10.1/stm32cubeide/plugins/com.st.stm32cube.ide.mcu.externaltools.gnu-tools-for-stm32.10.3-2021.10.win32_1.0.0.202111181127/tools/bin/../lib/gcc/arm-none-eabi/10.3.1/../../../../arm-none-eabi/lib/thumb/v7-m/nofp\libc_nano.a(lib_a-memcpy-stub.o)
 .ARM.attributes
                0x0000000000000584       0x2d c:/st/stm32cubeide_1.10.1/stm32cubeide/plugins/com.st.stm32cube.ide.mcu.externaltools.gnu-tools-for-stm32.10.3-2021.10.win32_1.0.0.202111181127/tools/bin/../lib/gcc/arm-none-eabi/10.3.1/../../../../arm-none-eabi/lib/thumb/v7-m/nofp\libc_nano.a(lib_a-memset.o)
 .ARM.attributes
                0x00000000000005b1       0x1d c:/st/stm32cubeide_1.10.1/stm32cubeide/plugins/com.st.stm32cube.ide.mcu.externaltools.gnu-tools-for-stm32.10.3-2021.10.win32_1.0.0.202111181127/tools/bin/../lib/gcc/arm-none-eabi/10.3.1/thumb/v7-m/nofp/crtn.o
OUTPUT(Encoder.elf elf32-littlearm)
LOAD linker stubs
LOAD c:/st/stm32cubeide_1.10.1/stm32cubeide/plugins/com.st.stm32cube.ide.mcu.externaltools.gnu-tools-for-stm32.10.3-2021.10.win32_1.0.0.202111181127/tools/bin/../lib/gcc/arm-none-eabi/10.3.1/../../../../arm-none-eabi/lib/thumb/v7-m/nofp\libc.a
LOAD c:/st/stm32cubeide_1.10.1/stm32cubeide/plugins/com.st.stm32cube.ide.mcu.externaltools.gnu-tools-for-stm32.10.3-2021.10.win32_1.0.0.202111181127/tools/bin/../lib/gcc/arm-none-eabi/10.3.1/../../../../arm-none-eabi/lib/thumb/v7-m/nofp\libm.a
LOAD c:/st/stm32cubeide_1.10.1/stm32cubeide/plugins/com.st.stm32cube.ide.mcu.externaltools.gnu-tools-for-stm32.10.3-2021.10.win32_1.0.0.202111181127/tools/bin/../lib/gcc/arm-none-eabi/10.3.1/thumb/v7-m/nofp\libgcc.a

.debug_info     0x0000000000000000    0x15e6d
 .debug_info    0x0000000000000000      0x46b ./Core/Src/flash_v1.0.o
 .debug_info    0x000000000000046b     0x1cab ./Core/Src/main.o
 .debug_info    0x0000000000002116      0xe13 ./Core/Src/stm32f1xx_hal_msp.o
 .debug_info    0x0000000000002f29      0xe6b ./Core/Src/stm32f1xx_it.o
 .debug_info    0x0000000000003d94      0x23d ./Core/Src/system_stm32f1xx.o
 .debug_info    0x0000000000003fd1       0x22 ./Core/Startup/startup_stm32f103c8tx.o
 .debug_info    0x0000000000003ff3      0x734 ./Drivers/STM32F1xx_HAL_Driver/Src/stm32f1xx_hal.o
 .debug_info    0x0000000000004727      0xb20 ./Drivers/STM32F1xx_HAL_Driver/Src/stm32f1xx_hal_cortex.o
 .debug_info    0x0000000000005247      0x73f ./Drivers/STM32F1xx_HAL_Driver/Src/stm32f1xx_hal_dma.o
 .debug_info    0x0000000000005986      0x547 ./Drivers/STM32F1xx_HAL_Driver/Src/stm32f1xx_hal_flash.o
 .debug_info    0x0000000000005ecd      0x7e5 ./Drivers/STM32F1xx_HAL_Driver/Src/stm32f1xx_hal_flash_ex.o
 .debug_info    0x00000000000066b2      0x615 ./Drivers/STM32F1xx_HAL_Driver/Src/stm32f1xx_hal_gpio.o
 .debug_info    0x0000000000006cc7     0x16ab ./Drivers/STM32F1xx_HAL_Driver/Src/stm32f1xx_hal_pcd.o
 .debug_info    0x0000000000008372      0x728 ./Drivers/STM32F1xx_HAL_Driver/Src/stm32f1xx_hal_pcd_ex.o
 .debug_info    0x0000000000008a9a      0x860 ./Drivers/STM32F1xx_HAL_Driver/Src/stm32f1xx_hal_rcc.o
 .debug_info    0x00000000000092fa      0x3e0 ./Drivers/STM32F1xx_HAL_Driver/Src/stm32f1xx_hal_rcc_ex.o
 .debug_info    0x00000000000096da     0x29de ./Drivers/STM32F1xx_HAL_Driver/Src/stm32f1xx_hal_tim.o
 .debug_info    0x000000000000c0b8     0x1513 ./Drivers/STM32F1xx_HAL_Driver/Src/stm32f1xx_hal_tim_ex.o
 .debug_info    0x000000000000d5cb     0x15d8 ./Drivers/STM32F1xx_HAL_Driver/Src/stm32f1xx_hal_uart.o
 .debug_info    0x000000000000eba3     0x190d ./Drivers/STM32F1xx_HAL_Driver/Src/stm32f1xx_ll_usb.o
 .debug_info    0x00000000000104b0     0x10f1 ./Middlewares/ST/STM32_USB_Device_Library/Class/CDC/Src/usbd_cdc.o
 .debug_info    0x00000000000115a1      0xb02 ./Middlewares/ST/STM32_USB_Device_Library/Core/Src/usbd_core.o
 .debug_info    0x00000000000120a3      0x9b6 ./Middlewares/ST/STM32_USB_Device_Library/Core/Src/usbd_ctlreq.o
 .debug_info    0x0000000000012a59      0x715 ./Middlewares/ST/STM32_USB_Device_Library/Core/Src/usbd_ioreq.o
 .debug_info    0x000000000001316e      0x679 ./USB_DEVICE/App/usb_device.o
 .debug_info    0x00000000000137e7      0x8cd ./USB_DEVICE/App/usbd_cdc_if.o
 .debug_info    0x00000000000140b4      0x484 ./USB_DEVICE/App/usbd_desc.o
 .debug_info    0x0000000000014538     0x1935 ./USB_DEVICE/Target/usbd_conf.o

.debug_abbrev   0x0000000000000000     0x3ab4
 .debug_abbrev  0x0000000000000000      0x175 ./Core/Src/flash_v1.0.o
 .debug_abbrev  0x0000000000000175      0x3fc ./Core/Src/main.o
 .debug_abbrev  0x0000000000000571      0x1e1 ./Core/Src/stm32f1xx_hal_msp.o
 .debug_abbrev  0x0000000000000752      0x1ca ./Core/Src/stm32f1xx_it.o
 .debug_abbrev  0x000000000000091c      0x13b ./Core/Src/system_stm32f1xx.o
 .debug_abbrev  0x0000000000000a57       0x12 ./Core/Startup/startup_stm32f103c8tx.o
 .debug_abbrev  0x0000000000000a69      0x1fb ./Drivers/STM32F1xx_HAL_Driver/Src/stm32f1xx_hal.o
 .debug_abbrev  0x0000000000000c64      0x2ed ./Drivers/STM32F1xx_HAL_Driver/Src/stm32f1xx_hal_cortex.o
 .debug_abbrev  0x0000000000000f51      0x1fe ./Drivers/STM32F1xx_HAL_Driver/Src/stm32f1xx_hal_dma.o
 .debug_abbrev  0x000000000000114f      0x243 ./Drivers/STM32F1xx_HAL_Driver/Src/stm32f1xx_hal_flash.o
 .debug_abbrev  0x0000000000001392      0x23b ./Drivers/STM32F1xx_HAL_Driver/Src/stm32f1xx_hal_flash_ex.o
 .debug_abbrev  0x00000000000015cd      0x1bb ./Drivers/STM32F1xx_HAL_Driver/Src/stm32f1xx_hal_gpio.o
 .debug_abbrev  0x0000000000001788      0x2b9 ./Drivers/STM32F1xx_HAL_Driver/Src/stm32f1xx_hal_pcd.o
 .debug_abbrev  0x0000000000001a41      0x17f ./Drivers/STM32F1xx_HAL_Driver/Src/stm32f1xx_hal_pcd_ex.o
 .debug_abbrev  0x0000000000001bc0      0x2a8 ./Drivers/STM32F1xx_HAL_Driver/Src/stm32f1xx_hal_rcc.o
 .debug_abbrev  0x0000000000001e68      0x182 ./Drivers/STM32F1xx_HAL_Driver/Src/stm32f1xx_hal_rcc_ex.o
 .debug_abbrev  0x0000000000001fea      0x25d ./Drivers/STM32F1xx_HAL_Driver/Src/stm32f1xx_hal_tim.o
 .debug_abbrev  0x0000000000002247      0x265 ./Drivers/STM32F1xx_HAL_Driver/Src/stm32f1xx_hal_tim_ex.o
 .debug_abbrev  0x00000000000024ac      0x278 ./Drivers/STM32F1xx_HAL_Driver/Src/stm32f1xx_hal_uart.o
 .debug_abbrev  0x0000000000002724      0x1cd ./Drivers/STM32F1xx_HAL_Driver/Src/stm32f1xx_ll_usb.o
 .debug_abbrev  0x00000000000028f1      0x2c0 ./Middlewares/ST/STM32_USB_Device_Library/Class/CDC/Src/usbd_cdc.o
 .debug_abbrev  0x0000000000002bb1      0x236 ./Middlewares/ST/STM32_USB_Device_Library/Core/Src/usbd_core.o
 .debug_abbrev  0x0000000000002de7      0x257 ./Middlewares/ST/STM32_USB_Device_Library/Core/Src/usbd_ctlreq.o
 .debug_abbrev  0x000000000000303e      0x183 ./Middlewares/ST/STM32_USB_Device_Library/Core/Src/usbd_ioreq.o
 .debug_abbrev  0x00000000000031c1      0x183 ./USB_DEVICE/App/usb_device.o
 .debug_abbrev  0x0000000000003344      0x271 ./USB_DEVICE/App/usbd_cdc_if.o
 .debug_abbrev  0x00000000000035b5      0x1fa ./USB_DEVICE/App/usbd_desc.o
 .debug_abbrev  0x00000000000037af      0x305 ./USB_DEVICE/Target/usbd_conf.o

.debug_aranges  0x0000000000000000     0x1478
 .debug_aranges
                0x0000000000000000       0x50 ./Core/Src/flash_v1.0.o
 .debug_aranges
                0x0000000000000050       0xe0 ./Core/Src/main.o
 .debug_aranges
                0x0000000000000130       0x50 ./Core/Src/stm32f1xx_hal_msp.o
 .debug_aranges
                0x0000000000000180       0x80 ./Core/Src/stm32f1xx_it.o
 .debug_aranges
                0x0000000000000200       0x28 ./Core/Src/system_stm32f1xx.o
 .debug_aranges
                0x0000000000000228       0x28 ./Core/Startup/startup_stm32f103c8tx.o
 .debug_aranges
                0x0000000000000250       0xe0 ./Drivers/STM32F1xx_HAL_Driver/Src/stm32f1xx_hal.o
 .debug_aranges
                0x0000000000000330      0x100 ./Drivers/STM32F1xx_HAL_Driver/Src/stm32f1xx_hal_cortex.o
 .debug_aranges
                0x0000000000000430       0x80 ./Drivers/STM32F1xx_HAL_Driver/Src/stm32f1xx_hal_dma.o
 .debug_aranges
                0x00000000000004b0       0x88 ./Drivers/STM32F1xx_HAL_Driver/Src/stm32f1xx_hal_flash.o
 .debug_aranges
                0x0000000000000538       0x98 ./Drivers/STM32F1xx_HAL_Driver/Src/stm32f1xx_hal_flash_ex.o
 .debug_aranges
                0x00000000000005d0       0x58 ./Drivers/STM32F1xx_HAL_Driver/Src/stm32f1xx_hal_gpio.o
 .debug_aranges
                0x0000000000000628      0x138 ./Drivers/STM32F1xx_HAL_Driver/Src/stm32f1xx_hal_pcd.o
 .debug_aranges
                0x0000000000000760       0x38 ./Drivers/STM32F1xx_HAL_Driver/Src/stm32f1xx_hal_pcd_ex.o
 .debug_aranges
                0x0000000000000798       0x90 ./Drivers/STM32F1xx_HAL_Driver/Src/stm32f1xx_hal_rcc.o
 .debug_aranges
                0x0000000000000828       0x30 ./Drivers/STM32F1xx_HAL_Driver/Src/stm32f1xx_hal_rcc_ex.o
 .debug_aranges
                0x0000000000000858      0x3d0 ./Drivers/STM32F1xx_HAL_Driver/Src/stm32f1xx_hal_tim.o
 .debug_aranges
                0x0000000000000c28      0x168 ./Drivers/STM32F1xx_HAL_Driver/Src/stm32f1xx_hal_tim_ex.o
 .debug_aranges
                0x0000000000000d90      0x200 ./Drivers/STM32F1xx_HAL_Driver/Src/stm32f1xx_hal_uart.o
 .debug_aranges
                0x0000000000000f90       0xf0 ./Drivers/STM32F1xx_HAL_Driver/Src/stm32f1xx_ll_usb.o
 .debug_aranges
                0x0000000000001080       0x90 ./Middlewares/ST/STM32_USB_Device_Library/Class/CDC/Src/usbd_cdc.o
 .debug_aranges
                0x0000000000001110       0xb8 ./Middlewares/ST/STM32_USB_Device_Library/Core/Src/usbd_core.o
 .debug_aranges
                0x00000000000011c8       0x88 ./Middlewares/ST/STM32_USB_Device_Library/Core/Src/usbd_ctlreq.o
 .debug_aranges
                0x0000000000001250       0x50 ./Middlewares/ST/STM32_USB_Device_Library/Core/Src/usbd_ioreq.o
 .debug_aranges
                0x00000000000012a0       0x20 ./USB_DEVICE/App/usb_device.o
 .debug_aranges
                0x00000000000012c0       0x40 ./USB_DEVICE/App/usbd_cdc_if.o
 .debug_aranges
                0x0000000000001300       0x60 ./USB_DEVICE/App/usbd_desc.o
 .debug_aranges
                0x0000000000001360      0x118 ./USB_DEVICE/Target/usbd_conf.o

.debug_ranges   0x0000000000000000     0x12f0
 .debug_ranges  0x0000000000000000       0x40 ./Core/Src/flash_v1.0.o
 .debug_ranges  0x0000000000000040       0xd0 ./Core/Src/main.o
 .debug_ranges  0x0000000000000110       0x40 ./Core/Src/stm32f1xx_hal_msp.o
 .debug_ranges  0x0000000000000150       0x70 ./Core/Src/stm32f1xx_it.o
 .debug_ranges  0x00000000000001c0       0x18 ./Core/Src/system_stm32f1xx.o
 .debug_ranges  0x00000000000001d8       0x20 ./Core/Startup/startup_stm32f103c8tx.o
 .debug_ranges  0x00000000000001f8       0xd0 ./Drivers/STM32F1xx_HAL_Driver/Src/stm32f1xx_hal.o
 .debug_ranges  0x00000000000002c8       0xf0 ./Drivers/STM32F1xx_HAL_Driver/Src/stm32f1xx_hal_cortex.o
 .debug_ranges  0x00000000000003b8       0x70 ./Drivers/STM32F1xx_HAL_Driver/Src/stm32f1xx_hal_dma.o
 .debug_ranges  0x0000000000000428       0x78 ./Drivers/STM32F1xx_HAL_Driver/Src/stm32f1xx_hal_flash.o
 .debug_ranges  0x00000000000004a0       0x88 ./Drivers/STM32F1xx_HAL_Driver/Src/stm32f1xx_hal_flash_ex.o
 .debug_ranges  0x0000000000000528       0x48 ./Drivers/STM32F1xx_HAL_Driver/Src/stm32f1xx_hal_gpio.o
 .debug_ranges  0x0000000000000570      0x128 ./Drivers/STM32F1xx_HAL_Driver/Src/stm32f1xx_hal_pcd.o
 .debug_ranges  0x0000000000000698       0x28 ./Drivers/STM32F1xx_HAL_Driver/Src/stm32f1xx_hal_pcd_ex.o
 .debug_ranges  0x00000000000006c0       0x80 ./Drivers/STM32F1xx_HAL_Driver/Src/stm32f1xx_hal_rcc.o
 .debug_ranges  0x0000000000000740       0x20 ./Drivers/STM32F1xx_HAL_Driver/Src/stm32f1xx_hal_rcc_ex.o
 .debug_ranges  0x0000000000000760      0x3c0 ./Drivers/STM32F1xx_HAL_Driver/Src/stm32f1xx_hal_tim.o
 .debug_ranges  0x0000000000000b20      0x158 ./Drivers/STM32F1xx_HAL_Driver/Src/stm32f1xx_hal_tim_ex.o
 .debug_ranges  0x0000000000000c78      0x220 ./Drivers/STM32F1xx_HAL_Driver/Src/stm32f1xx_hal_uart.o
 .debug_ranges  0x0000000000000e98       0xe0 ./Drivers/STM32F1xx_HAL_Driver/Src/stm32f1xx_ll_usb.o
 .debug_ranges  0x0000000000000f78       0x80 ./Middlewares/ST/STM32_USB_Device_Library/Class/CDC/Src/usbd_cdc.o
 .debug_ranges  0x0000000000000ff8       0xa8 ./Middlewares/ST/STM32_USB_Device_Library/Core/Src/usbd_core.o
 .debug_ranges  0x00000000000010a0       0x78 ./Middlewares/ST/STM32_USB_Device_Library/Core/Src/usbd_ctlreq.o
 .debug_ranges  0x0000000000001118       0x40 ./Middlewares/ST/STM32_USB_Device_Library/Core/Src/usbd_ioreq.o
 .debug_ranges  0x0000000000001158       0x10 ./USB_DEVICE/App/usb_device.o
 .debug_ranges  0x0000000000001168       0x30 ./USB_DEVICE/App/usbd_cdc_if.o
 .debug_ranges  0x0000000000001198       0x50 ./USB_DEVICE/App/usbd_desc.o
 .debug_ranges  0x00000000000011e8      0x108 ./USB_DEVICE/Target/usbd_conf.o

.debug_macro    0x0000000000000000    0x1b3c6
 .debug_macro   0x0000000000000000      0x299 ./Core/Src/flash_v1.0.o
 .debug_macro   0x0000000000000299      0xa6c ./Core/Src/flash_v1.0.o
 .debug_macro   0x0000000000000d05       0x22 ./Core/Src/flash_v1.0.o
 .debug_macro   0x0000000000000d27       0x8e ./Core/Src/flash_v1.0.o
 .debug_macro   0x0000000000000db5       0x51 ./Core/Src/flash_v1.0.o
 .debug_macro   0x0000000000000e06      0x103 ./Core/Src/flash_v1.0.o
 .debug_macro   0x0000000000000f09       0x6a ./Core/Src/flash_v1.0.o
 .debug_macro   0x0000000000000f73      0x1df ./Core/Src/flash_v1.0.o
 .debug_macro   0x0000000000001152       0x52 ./Core/Src/flash_v1.0.o
 .debug_macro   0x00000000000011a4       0x18 ./Core/Src/flash_v1.0.o
 .debug_macro   0x00000000000011bc       0x3c ./Core/Src/flash_v1.0.o
 .debug_macro   0x00000000000011f8       0x34 ./Core/Src/flash_v1.0.o
 .debug_macro   0x000000000000122c      0x174 ./Core/Src/flash_v1.0.o
 .debug_macro   0x00000000000013a0       0x16 ./Core/Src/flash_v1.0.o
 .debug_macro   0x00000000000013b6       0x43 ./Core/Src/flash_v1.0.o
 .debug_macro   0x00000000000013f9       0x34 ./Core/Src/flash_v1.0.o
 .debug_macro   0x000000000000142d       0x10 ./Core/Src/flash_v1.0.o
 .debug_macro   0x000000000000143d       0x58 ./Core/Src/flash_v1.0.o
 .debug_macro   0x0000000000001495       0x71 ./Core/Src/flash_v1.0.o
 .debug_macro   0x0000000000001506       0x1c ./Core/Src/flash_v1.0.o
 .debug_macro   0x0000000000001522      0x12a ./Core/Src/flash_v1.0.o
 .debug_macro   0x000000000000164c      0x341 ./Core/Src/flash_v1.0.o
 .debug_macro   0x000000000000198d       0x10 ./Core/Src/flash_v1.0.o
 .debug_macro   0x000000000000199d       0x35 ./Core/Src/flash_v1.0.o
 .debug_macro   0x00000000000019d2       0x20 ./Core/Src/flash_v1.0.o
 .debug_macro   0x00000000000019f2      0x221 ./Core/Src/flash_v1.0.o
 .debug_macro   0x0000000000001c13       0x2e ./Core/Src/flash_v1.0.o
 .debug_macro   0x0000000000001c41       0x22 ./Core/Src/flash_v1.0.o
 .debug_macro   0x0000000000001c63       0x1c ./Core/Src/flash_v1.0.o
 .debug_macro   0x0000000000001c7f       0x22 ./Core/Src/flash_v1.0.o
 .debug_macro   0x0000000000001ca1       0xbd ./Core/Src/flash_v1.0.o
 .debug_macro   0x0000000000001d5e      0xd23 ./Core/Src/flash_v1.0.o
 .debug_macro   0x0000000000002a81     0xe09e ./Core/Src/flash_v1.0.o
 .debug_macro   0x0000000000010b1f       0x6d ./Core/Src/flash_v1.0.o
 .debug_macro   0x0000000000010b8c     0x3468 ./Core/Src/flash_v1.0.o
 .debug_macro   0x0000000000013ff4       0x56 ./Core/Src/flash_v1.0.o
 .debug_macro   0x000000000001404a      0x5be ./Core/Src/flash_v1.0.o
 .debug_macro   0x0000000000014608      0x289 ./Core/Src/flash_v1.0.o
 .debug_macro   0x0000000000014891      0x1cb ./Core/Src/flash_v1.0.o
 .debug_macro   0x0000000000014a5c      0x114 ./Core/Src/flash_v1.0.o
 .debug_macro   0x0000000000014b70      0x1b2 ./Core/Src/flash_v1.0.o
 .debug_macro   0x0000000000014d22       0x27 ./Core/Src/flash_v1.0.o
 .debug_macro   0x0000000000014d49      0x136 ./Core/Src/flash_v1.0.o
 .debug_macro   0x0000000000014e7f      0x1bc ./Core/Src/flash_v1.0.o
 .debug_macro   0x000000000001503b       0x34 ./Core/Src/flash_v1.0.o
 .debug_macro   0x000000000001506f       0x3c ./Core/Src/flash_v1.0.o
 .debug_macro   0x00000000000150ab       0x57 ./Core/Src/flash_v1.0.o
 .debug_macro   0x0000000000015102       0x88 ./Core/Src/flash_v1.0.o
 .debug_macro   0x000000000001518a      0x241 ./Core/Src/flash_v1.0.o
 .debug_macro   0x00000000000153cb      0x141 ./Core/Src/flash_v1.0.o
 .debug_macro   0x000000000001550c      0x8d1 ./Core/Src/flash_v1.0.o
 .debug_macro   0x0000000000015ddd      0x279 ./Core/Src/flash_v1.0.o
 .debug_macro   0x0000000000016056       0x65 ./Core/Src/flash_v1.0.o
 .debug_macro   0x00000000000160bb      0x249 ./Core/Src/flash_v1.0.o
 .debug_macro   0x0000000000016304       0x83 ./Core/Src/flash_v1.0.o
 .debug_macro   0x0000000000016387      0x411 ./Core/Src/main.o
 .debug_macro   0x0000000000016798       0x5c ./Core/Src/main.o
 .debug_macro   0x00000000000167f4      0x14e ./Core/Src/main.o
 .debug_macro   0x0000000000016942       0x16 ./Core/Src/main.o
 .debug_macro   0x0000000000016958       0x10 ./Core/Src/main.o
 .debug_macro   0x0000000000016968       0x10 ./Core/Src/main.o
 .debug_macro   0x0000000000016978       0x1c ./Core/Src/main.o
 .debug_macro   0x0000000000016994       0x52 ./Core/Src/main.o
 .debug_macro   0x00000000000169e6       0x22 ./Core/Src/main.o
 .debug_macro   0x0000000000016a08       0x10 ./Core/Src/main.o
 .debug_macro   0x0000000000016a18       0x52 ./Core/Src/main.o
 .debug_macro   0x0000000000016a6a       0xd5 ./Core/Src/main.o
 .debug_macro   0x0000000000016b3f       0x1c ./Core/Src/main.o
 .debug_macro   0x0000000000016b5b       0x3d ./Core/Src/main.o
 .debug_macro   0x0000000000016b98       0x16 ./Core/Src/main.o
 .debug_macro   0x0000000000016bae      0x145 ./Core/Src/main.o
 .debug_macro   0x0000000000016cf3       0x16 ./Core/Src/main.o
 .debug_macro   0x0000000000016d09       0x16 ./Core/Src/main.o
 .debug_macro   0x0000000000016d1f       0x29 ./Core/Src/main.o
 .debug_macro   0x0000000000016d48       0x16 ./Core/Src/main.o
 .debug_macro   0x0000000000016d5e       0x5f ./Core/Src/main.o
 .debug_macro   0x0000000000016dbd      0x1c8 ./Core/Src/main.o
 .debug_macro   0x0000000000016f85       0x8f ./Core/Src/main.o
 .debug_macro   0x0000000000017014       0x10 ./Core/Src/main.o
 .debug_macro   0x0000000000017024      0x1d6 ./Core/Src/stm32f1xx_hal_msp.o
 .debug_macro   0x00000000000171fa      0x1e0 ./Core/Src/stm32f1xx_it.o
 .debug_macro   0x00000000000173da      0x1c7 ./Core/Src/system_stm32f1xx.o
 .debug_macro   0x00000000000175a1      0x1eb ./Drivers/STM32F1xx_HAL_Driver/Src/stm32f1xx_hal.o
 .debug_macro   0x000000000001778c      0x1c7 ./Drivers/STM32F1xx_HAL_Driver/Src/stm32f1xx_hal_cortex.o
 .debug_macro   0x0000000000017953      0x1c7 ./Drivers/STM32F1xx_HAL_Driver/Src/stm32f1xx_hal_dma.o
 .debug_macro   0x0000000000017b1a      0x1c7 ./Drivers/STM32F1xx_HAL_Driver/Src/stm32f1xx_hal_flash.o
 .debug_macro   0x0000000000017ce1      0x1d9 ./Drivers/STM32F1xx_HAL_Driver/Src/stm32f1xx_hal_flash_ex.o
 .debug_macro   0x0000000000017eba      0x232 ./Drivers/STM32F1xx_HAL_Driver/Src/stm32f1xx_hal_gpio.o
 .debug_macro   0x00000000000180ec      0x1d3 ./Drivers/STM32F1xx_HAL_Driver/Src/stm32f1xx_hal_pcd.o
 .debug_macro   0x00000000000182bf      0x1c7 ./Drivers/STM32F1xx_HAL_Driver/Src/stm32f1xx_hal_pcd_ex.o
 .debug_macro   0x0000000000018486      0x1d9 ./Drivers/STM32F1xx_HAL_Driver/Src/stm32f1xx_hal_rcc.o
 .debug_macro   0x000000000001865f      0x1c7 ./Drivers/STM32F1xx_HAL_Driver/Src/stm32f1xx_hal_rcc_ex.o
 .debug_macro   0x0000000000018826      0x1c8 ./Drivers/STM32F1xx_HAL_Driver/Src/stm32f1xx_hal_tim.o
 .debug_macro   0x00000000000189ee      0x1c7 ./Drivers/STM32F1xx_HAL_Driver/Src/stm32f1xx_hal_tim_ex.o
 .debug_macro   0x0000000000018bb5      0x1c8 ./Drivers/STM32F1xx_HAL_Driver/Src/stm32f1xx_hal_uart.o
 .debug_macro   0x0000000000018d7d      0x1c7 ./Drivers/STM32F1xx_HAL_Driver/Src/stm32f1xx_ll_usb.o
 .debug_macro   0x0000000000018f44      0x3ec ./Middlewares/ST/STM32_USB_Device_Library/Class/CDC/Src/usbd_cdc.o
 .debug_macro   0x0000000000019330       0x97 ./Middlewares/ST/STM32_USB_Device_Library/Class/CDC/Src/usbd_cdc.o
 .debug_macro   0x00000000000193c7       0xfd ./Middlewares/ST/STM32_USB_Device_Library/Class/CDC/Src/usbd_cdc.o
 .debug_macro   0x00000000000194c4      0x3d3 ./Middlewares/ST/STM32_USB_Device_Library/Core/Src/usbd_core.o
 .debug_macro   0x0000000000019897      0x1ce ./Middlewares/ST/STM32_USB_Device_Library/Core/Src/usbd_core.o
 .debug_macro   0x0000000000019a65      0x3dd ./Middlewares/ST/STM32_USB_Device_Library/Core/Src/usbd_ctlreq.o
 .debug_macro   0x0000000000019e42      0x3d9 ./Middlewares/ST/STM32_USB_Device_Library/Core/Src/usbd_ioreq.o
 .debug_macro   0x000000000001a21b      0x40c ./USB_DEVICE/App/usb_device.o
 .debug_macro   0x000000000001a627      0x154 ./USB_DEVICE/App/usb_device.o